<?xml version="1.0"?>
<link_info>
   <banner>TI ARM Linker PC v15.12.1.LTS</banner>
   <copyright>Copyright (c) 1996-2015 Texas Instruments Incorporated</copyright>
   <link_time>0x57e1346b</link_time>
   <link_errors>0x0</link_errors>
   <output_file>lab5q3.out</output_file>
   <entry_point>
      <name>_c_int00</name>
      <address>0xa45</address>
   </entry_point>
   <input_file_list>
      <input_file id="fl-2">
         <path>.\</path>
         <kind>object</kind>
         <file>main.obj</file>
         <name>main.obj</name>
      </input_file>
      <input_file id="fl-3">
         <path>.\</path>
         <kind>object</kind>
         <file>tm4c123gh6pm_startup_ccs.obj</file>
         <name>tm4c123gh6pm_startup_ccs.obj</name>
      </input_file>
      <input_file id="fl-9">
         <path>C:\ti\TivaWare_C_Series-2.1.3.156\driverlib\rvmdk\</path>
         <kind>archive</kind>
         <file>driverlib.lib</file>
         <name>adc.o</name>
      </input_file>
      <input_file id="fl-a">
         <path>C:\ti\TivaWare_C_Series-2.1.3.156\driverlib\rvmdk\</path>
         <kind>archive</kind>
         <file>driverlib.lib</file>
         <name>gpio.o</name>
      </input_file>
      <input_file id="fl-b">
         <path>C:\ti\TivaWare_C_Series-2.1.3.156\driverlib\rvmdk\</path>
         <kind>archive</kind>
         <file>driverlib.lib</file>
         <name>interrupt.o</name>
      </input_file>
      <input_file id="fl-c">
         <path>C:\ti\TivaWare_C_Series-2.1.3.156\driverlib\rvmdk\</path>
         <kind>archive</kind>
         <file>driverlib.lib</file>
         <name>sysctl.o</name>
      </input_file>
      <input_file id="fl-d">
         <path>C:\ti\TivaWare_C_Series-2.1.3.156\driverlib\rvmdk\</path>
         <kind>archive</kind>
         <file>driverlib.lib</file>
         <name>cpu.o</name>
      </input_file>
      <input_file id="fl-c3">
         <path>C:\ti\ccsv6\tools\compiler\ti-cgt-arm_15.12.1.LTS\lib\</path>
         <kind>archive</kind>
         <file>rtsv7M4_T_le_v4SPD16_eabi.lib</file>
         <name>boot.obj</name>
      </input_file>
      <input_file id="fl-c4">
         <path>C:\ti\ccsv6\tools\compiler\ti-cgt-arm_15.12.1.LTS\lib\</path>
         <kind>archive</kind>
         <file>rtsv7M4_T_le_v4SPD16_eabi.lib</file>
         <name>copy_decompress_none.obj</name>
      </input_file>
      <input_file id="fl-c5">
         <path>C:\ti\ccsv6\tools\compiler\ti-cgt-arm_15.12.1.LTS\lib\</path>
         <kind>archive</kind>
         <file>rtsv7M4_T_le_v4SPD16_eabi.lib</file>
         <name>copy_decompress_rle.obj</name>
      </input_file>
      <input_file id="fl-c6">
         <path>C:\ti\ccsv6\tools\compiler\ti-cgt-arm_15.12.1.LTS\lib\</path>
         <kind>archive</kind>
         <file>rtsv7M4_T_le_v4SPD16_eabi.lib</file>
         <name>copy_zero_init.obj</name>
      </input_file>
      <input_file id="fl-c7">
         <path>C:\ti\ccsv6\tools\compiler\ti-cgt-arm_15.12.1.LTS\lib\</path>
         <kind>archive</kind>
         <file>rtsv7M4_T_le_v4SPD16_eabi.lib</file>
         <name>exit.obj</name>
      </input_file>
      <input_file id="fl-c8">
         <path>C:\ti\ccsv6\tools\compiler\ti-cgt-arm_15.12.1.LTS\lib\</path>
         <kind>archive</kind>
         <file>rtsv7M4_T_le_v4SPD16_eabi.lib</file>
         <name>memcpy_t2.obj</name>
      </input_file>
      <input_file id="fl-c9">
         <path>C:\ti\ccsv6\tools\compiler\ti-cgt-arm_15.12.1.LTS\lib\</path>
         <kind>archive</kind>
         <file>rtsv7M4_T_le_v4SPD16_eabi.lib</file>
         <name>memset_t2.obj</name>
      </input_file>
      <input_file id="fl-ca">
         <path>C:\ti\ccsv6\tools\compiler\ti-cgt-arm_15.12.1.LTS\lib\</path>
         <kind>archive</kind>
         <file>rtsv7M4_T_le_v4SPD16_eabi.lib</file>
         <name>mpu_init.obj</name>
      </input_file>
      <input_file id="fl-cb">
         <path>C:\ti\ccsv6\tools\compiler\ti-cgt-arm_15.12.1.LTS\lib\</path>
         <kind>archive</kind>
         <file>rtsv7M4_T_le_v4SPD16_eabi.lib</file>
         <name>pre_init.obj</name>
      </input_file>
      <input_file id="fl-cc">
         <path>C:\ti\ccsv6\tools\compiler\ti-cgt-arm_15.12.1.LTS\lib\</path>
         <kind>archive</kind>
         <file>rtsv7M4_T_le_v4SPD16_eabi.lib</file>
         <name>stkdepth_vars.obj</name>
      </input_file>
      <input_file id="fl-cd">
         <path>C:\ti\ccsv6\tools\compiler\ti-cgt-arm_15.12.1.LTS\lib\</path>
         <kind>archive</kind>
         <file>rtsv7M4_T_le_v4SPD16_eabi.lib</file>
         <name>_lock.obj</name>
      </input_file>
      <input_file id="fl-ce">
         <path>C:\ti\ccsv6\tools\compiler\ti-cgt-arm_15.12.1.LTS\lib\</path>
         <kind>archive</kind>
         <file>rtsv7M4_T_le_v4SPD16_eabi.lib</file>
         <name>args_main.obj</name>
      </input_file>
      <input_file id="fl-cf">
         <path>C:\ti\ccsv6\tools\compiler\ti-cgt-arm_15.12.1.LTS\lib\</path>
         <kind>archive</kind>
         <file>rtsv7M4_T_le_v4SPD16_eabi.lib</file>
         <name>autoinit.obj</name>
      </input_file>
      <input_file id="fl-d0">
         <path>C:\ti\ccsv6\tools\compiler\ti-cgt-arm_15.12.1.LTS\lib\</path>
         <kind>archive</kind>
         <file>rtsv7M4_T_le_v4SPD16_eabi.lib</file>
         <name>cpy_tbl.obj</name>
      </input_file>
      <input_file id="fl-d1">
         <path>C:\ti\ccsv6\tools\compiler\ti-cgt-arm_15.12.1.LTS\lib\</path>
         <kind>archive</kind>
         <file>rtsv7M4_T_le_v4SPD16_eabi.lib</file>
         <name>startup.obj</name>
      </input_file>
   </input_file_list>
   <object_component_list>
      <object_component id="oc-f">
         <name>.intvecs</name>
         <load_address>0x0</load_address>
         <run_address>0x0</run_address>
         <size>0x26c</size>
         <input_file_ref idref="fl-3"/>
      </object_component>
      <object_component id="oc-ab">
         <name>.text</name>
         <load_address>0x26c</load_address>
         <run_address>0x26c</run_address>
         <size>0x5e4</size>
         <input_file_ref idref="fl-2"/>
      </object_component>
      <object_component id="oc-34">
         <name>.text</name>
         <load_address>0x850</load_address>
         <run_address>0x850</run_address>
         <size>0x9c</size>
         <input_file_ref idref="fl-c8"/>
      </object_component>
      <object_component id="oc-4d">
         <name>.text</name>
         <load_address>0x8ec</load_address>
         <run_address>0x8ec</run_address>
         <size>0x7a</size>
         <input_file_ref idref="fl-c9"/>
      </object_component>
      <object_component id="oc-59">
         <name>.text</name>
         <load_address>0x966</load_address>
         <run_address>0x966</run_address>
         <size>0x2</size>
         <input_file_ref idref="fl-ca"/>
      </object_component>
      <object_component id="oc-65">
         <name>.text</name>
         <load_address>0x968</load_address>
         <run_address>0x968</run_address>
         <size>0x70</size>
         <input_file_ref idref="fl-cf"/>
      </object_component>
      <object_component id="oc-40">
         <name>.text</name>
         <load_address>0x9d8</load_address>
         <run_address>0x9d8</run_address>
         <size>0x6a</size>
         <input_file_ref idref="fl-c5"/>
      </object_component>
      <object_component id="oc-a3">
         <name>.text</name>
         <load_address>0xa42</load_address>
         <run_address>0xa42</run_address>
         <size>0x2</size>
         <input_file_ref idref="fl-d1"/>
      </object_component>
      <object_component id="oc-24">
         <name>.text</name>
         <load_address>0xa44</load_address>
         <run_address>0xa44</run_address>
         <size>0x54</size>
         <input_file_ref idref="fl-c3"/>
      </object_component>
      <object_component id="oc-71">
         <name>.text</name>
         <load_address>0xa98</load_address>
         <run_address>0xa98</run_address>
         <size>0x54</size>
         <input_file_ref idref="fl-c7"/>
      </object_component>
      <object_component id="oc-9d">
         <name>.text</name>
         <load_address>0xaec</load_address>
         <run_address>0xaec</run_address>
         <size>0x4c</size>
         <input_file_ref idref="fl-d0"/>
      </object_component>
      <object_component id="oc-6b">
         <name>.text</name>
         <load_address>0xb38</load_address>
         <run_address>0xb38</run_address>
         <size>0x18</size>
         <input_file_ref idref="fl-ce"/>
      </object_component>
      <object_component id="oc-13d">
         <name>.text</name>
         <load_address>0xb50</load_address>
         <run_address>0xb50</run_address>
         <size>0x14</size>
         <input_file_ref idref="fl-cd"/>
      </object_component>
      <object_component id="oc-12">
         <name>.text:decompress:none</name>
         <load_address>0xb64</load_address>
         <run_address>0xb64</run_address>
         <size>0xe</size>
         <input_file_ref idref="fl-c4"/>
      </object_component>
      <object_component id="oc-2b">
         <name>.text</name>
         <load_address>0xb72</load_address>
         <run_address>0xb72</run_address>
         <size>0xc</size>
         <input_file_ref idref="fl-3"/>
      </object_component>
      <object_component id="oc-18">
         <name>.text:decompress:rle24</name>
         <load_address>0xb7e</load_address>
         <run_address>0xb7e</run_address>
         <size>0x6</size>
         <input_file_ref idref="fl-c5"/>
      </object_component>
      <object_component id="oc-5f">
         <name>.text</name>
         <load_address>0xb84</load_address>
         <run_address>0xb84</run_address>
         <size>0x4</size>
         <input_file_ref idref="fl-cb"/>
      </object_component>
      <object_component id="oc-1da">
         <name>.tramp.ADCSequenceDataGet.1</name>
         <load_address>0xb88</load_address>
         <run_address>0xb88</run_address>
         <size>0x8</size>
         <input_file_ref idref="fl-9"/>
      </object_component>
      <object_component id="oc-1d9">
         <name>.tramp.ADCIntStatus.1</name>
         <load_address>0xb90</load_address>
         <run_address>0xb90</run_address>
         <size>0x8</size>
         <input_file_ref idref="fl-9"/>
      </object_component>
      <object_component id="oc-1d8">
         <name>.tramp.ADCProcessorTrigger.1</name>
         <load_address>0xb98</load_address>
         <run_address>0xb98</run_address>
         <size>0x8</size>
         <input_file_ref idref="fl-9"/>
      </object_component>
      <object_component id="oc-1d7">
         <name>.tramp.ADCIntClear.1</name>
         <load_address>0xba0</load_address>
         <run_address>0xba0</run_address>
         <size>0x8</size>
         <input_file_ref idref="fl-9"/>
      </object_component>
      <object_component id="oc-1d6">
         <name>.tramp.ADCSequenceEnable.1</name>
         <load_address>0xba8</load_address>
         <run_address>0xba8</run_address>
         <size>0x8</size>
         <input_file_ref idref="fl-9"/>
      </object_component>
      <object_component id="oc-1d5">
         <name>.tramp.ADCSequenceStepConfigure.1</name>
         <load_address>0xbb0</load_address>
         <run_address>0xbb0</run_address>
         <size>0x8</size>
         <input_file_ref idref="fl-9"/>
      </object_component>
      <object_component id="oc-1d4">
         <name>.tramp.ADCSequenceConfigure.1</name>
         <load_address>0xbb8</load_address>
         <run_address>0xbb8</run_address>
         <size>0x8</size>
         <input_file_ref idref="fl-9"/>
      </object_component>
      <object_component id="oc-1d3">
         <name>.tramp.ADCHardwareOversampleConfigure.1</name>
         <load_address>0xbc0</load_address>
         <run_address>0xbc0</run_address>
         <size>0x8</size>
         <input_file_ref idref="fl-9"/>
      </object_component>
      <object_component id="oc-1d2">
         <name>.tramp.SysCtlDelay.1</name>
         <load_address>0xbc8</load_address>
         <run_address>0xbc8</run_address>
         <size>0x8</size>
         <input_file_ref idref="fl-c"/>
      </object_component>
      <object_component id="oc-1d1">
         <name>.tramp.GPIOPinWrite.1</name>
         <load_address>0xbd0</load_address>
         <run_address>0xbd0</run_address>
         <size>0x8</size>
         <input_file_ref idref="fl-a"/>
      </object_component>
      <object_component id="oc-1d0">
         <name>.tramp.GPIOPinTypeGPIOOutput.1</name>
         <load_address>0xbd8</load_address>
         <run_address>0xbd8</run_address>
         <size>0x8</size>
         <input_file_ref idref="fl-a"/>
      </object_component>
      <object_component id="oc-1cf">
         <name>.tramp.SysCtlPeripheralEnable.1</name>
         <load_address>0xbe0</load_address>
         <run_address>0xbe0</run_address>
         <size>0x8</size>
         <input_file_ref idref="fl-c"/>
      </object_component>
      <object_component id="oc-1ce">
         <name>.tramp.SysCtlClockSet.1</name>
         <load_address>0xbe8</load_address>
         <run_address>0xbe8</run_address>
         <size>0x8</size>
         <input_file_ref idref="fl-c"/>
      </object_component>
      <object_component id="oc-1cb">
         <name>.cinit..data.load</name>
         <load_address>0x1068</load_address>
         <run_address>0x1068</run_address>
         <size>0xb2c</size>
      </object_component>
      <object_component id="oc-1cc">
         <name>.cinit..bss.load</name>
         <load_address>0x1b98</load_address>
         <run_address>0x1b98</run_address>
         <size>0x9</size>
      </object_component>
      <object_component id="oc-1c9">
         <name>__TI_handler_table</name>
         <load_address>0x1ba4</load_address>
         <run_address>0x1ba4</run_address>
         <size>0x8</size>
      </object_component>
      <object_component id="oc-1ca">
         <name>__TI_cinit_table</name>
         <load_address>0x1bac</load_address>
         <run_address>0x1bac</run_address>
         <size>0x10</size>
      </object_component>
      <object_component id="oc-11b">
         <name>.data:one</name>
         <load_address>0x20000c00</load_address>
         <run_address>0x20000c00</run_address>
         <size>0x400</size>
         <input_file_ref idref="fl-2"/>
      </object_component>
      <object_component id="oc-11e">
         <name>.data:two</name>
         <load_address>0x20001c00</load_address>
         <run_address>0x20001c00</run_address>
         <size>0x400</size>
         <input_file_ref idref="fl-2"/>
      </object_component>
      <object_component id="oc-121">
         <name>.data:three</name>
         <load_address>0x20001800</load_address>
         <run_address>0x20001800</run_address>
         <size>0x400</size>
         <input_file_ref idref="fl-2"/>
      </object_component>
      <object_component id="oc-124">
         <name>.data:four</name>
         <load_address>0x20000800</load_address>
         <run_address>0x20000800</run_address>
         <size>0x400</size>
         <input_file_ref idref="fl-2"/>
      </object_component>
      <object_component id="oc-127">
         <name>.data:five</name>
         <load_address>0x20000400</load_address>
         <run_address>0x20000400</run_address>
         <size>0x400</size>
         <input_file_ref idref="fl-2"/>
      </object_component>
      <object_component id="oc-12a">
         <name>.data:six</name>
         <load_address>0x20001400</load_address>
         <run_address>0x20001400</run_address>
         <size>0x400</size>
         <input_file_ref idref="fl-2"/>
      </object_component>
      <object_component id="oc-12d">
         <name>.data:seven</name>
         <load_address>0x20001000</load_address>
         <run_address>0x20001000</run_address>
         <size>0x400</size>
         <input_file_ref idref="fl-2"/>
      </object_component>
      <object_component id="oc-130">
         <name>.data:eight</name>
         <load_address>0x20000000</load_address>
         <run_address>0x20000000</run_address>
         <size>0x400</size>
         <input_file_ref idref="fl-2"/>
      </object_component>
      <object_component id="oc-b3">
         <name>.data:$O1$$</name>
         <load_address>0x20002000</load_address>
         <run_address>0x20002000</run_address>
         <size>0xc</size>
         <input_file_ref idref="fl-c7"/>
      </object_component>
      <object_component id="oc-77">
         <name>.data</name>
         <load_address>0x20002014</load_address>
         <run_address>0x20002014</run_address>
         <size>0x4</size>
         <input_file_ref idref="fl-cc"/>
      </object_component>
      <object_component id="oc-b6">
         <name>.data:$O1$$</name>
         <load_address>0x2000200c</load_address>
         <run_address>0x2000200c</run_address>
         <size>0x8</size>
         <input_file_ref idref="fl-cd"/>
      </object_component>
      <object_component id="oc-115">
         <name>.common:ui32ADC0Value</name>
         <uninitialized>true</uninitialized>
         <run_address>0x20002218</run_address>
         <size>0x10</size>
      </object_component>
      <object_component id="oc-117">
         <name>.common:ui32Avg1</name>
         <uninitialized>true</uninitialized>
         <run_address>0x20002244</run_address>
         <size>0x4</size>
      </object_component>
      <object_component id="oc-118">
         <name>.common:ui32Avg2</name>
         <uninitialized>true</uninitialized>
         <run_address>0x20002248</run_address>
         <size>0x4</size>
      </object_component>
      <object_component id="oc-116">
         <name>.common:ui32ADC1Value</name>
         <uninitialized>true</uninitialized>
         <run_address>0x20002228</run_address>
         <size>0x10</size>
      </object_component>
      <object_component id="oc-119">
         <name>.common:XValue</name>
         <uninitialized>true</uninitialized>
         <run_address>0x20002238</run_address>
         <size>0x4</size>
      </object_component>
      <object_component id="oc-11a">
         <name>.common:delay</name>
         <uninitialized>true</uninitialized>
         <run_address>0x20002240</run_address>
         <size>0x4</size>
      </object_component>
      <object_component id="oc-112">
         <name>.common:count</name>
         <uninitialized>true</uninitialized>
         <run_address>0x2000223c</run_address>
         <size>0x4</size>
      </object_component>
      <object_component id="oc-2a">
         <name>.stack</name>
         <uninitialized>true</uninitialized>
         <run_address>0x20002018</run_address>
         <size>0x0</size>
         <input_file_ref idref="fl-c3"/>
      </object_component>
      <object_component id="oc-1cd">
         <name>.stack</name>
         <uninitialized>true</uninitialized>
         <run_address>0x20002018</run_address>
         <size>0x0</size>
      </object_component>
      <object_component id="oc-113">
         <name>.debug_info</name>
         <load_address>0x0</load_address>
         <run_address>0x0</run_address>
         <size>0x500</size>
         <input_file_ref idref="fl-2"/>
      </object_component>
      <object_component id="oc-11c">
         <name>.debug_info</name>
         <load_address>0x500</load_address>
         <run_address>0x500</run_address>
         <size>0xbc</size>
         <input_file_ref idref="fl-2"/>
      </object_component>
      <object_component id="oc-11f">
         <name>.debug_info</name>
         <load_address>0x5bc</load_address>
         <run_address>0x5bc</run_address>
         <size>0xbc</size>
         <input_file_ref idref="fl-2"/>
      </object_component>
      <object_component id="oc-122">
         <name>.debug_info</name>
         <load_address>0x678</load_address>
         <run_address>0x678</run_address>
         <size>0xc0</size>
         <input_file_ref idref="fl-2"/>
      </object_component>
      <object_component id="oc-125">
         <name>.debug_info</name>
         <load_address>0x738</load_address>
         <run_address>0x738</run_address>
         <size>0xbe</size>
         <input_file_ref idref="fl-2"/>
      </object_component>
      <object_component id="oc-128">
         <name>.debug_info</name>
         <load_address>0x7f6</load_address>
         <run_address>0x7f6</run_address>
         <size>0xbe</size>
         <input_file_ref idref="fl-2"/>
      </object_component>
      <object_component id="oc-12b">
         <name>.debug_info</name>
         <load_address>0x8b4</load_address>
         <run_address>0x8b4</run_address>
         <size>0xbc</size>
         <input_file_ref idref="fl-2"/>
      </object_component>
      <object_component id="oc-12e">
         <name>.debug_info</name>
         <load_address>0x970</load_address>
         <run_address>0x970</run_address>
         <size>0xc0</size>
         <input_file_ref idref="fl-2"/>
      </object_component>
      <object_component id="oc-131">
         <name>.debug_info</name>
         <load_address>0xa30</load_address>
         <run_address>0xa30</run_address>
         <size>0xc0</size>
         <input_file_ref idref="fl-2"/>
      </object_component>
      <object_component id="oc-ad">
         <name>.debug_info</name>
         <load_address>0xaf0</load_address>
         <run_address>0xaf0</run_address>
         <size>0xbcd</size>
         <input_file_ref idref="fl-2"/>
      </object_component>
      <object_component id="oc-be">
         <name>.debug_info</name>
         <load_address>0x16bd</load_address>
         <run_address>0x16bd</run_address>
         <size>0x8b</size>
         <input_file_ref idref="fl-2"/>
      </object_component>
      <object_component id="oc-7e">
         <name>.debug_info</name>
         <load_address>0x1748</load_address>
         <run_address>0x1748</run_address>
         <size>0x18b</size>
         <input_file_ref idref="fl-2"/>
      </object_component>
      <object_component id="oc-33">
         <name>.debug_info</name>
         <load_address>0x18d3</load_address>
         <run_address>0x18d3</run_address>
         <size>0xf7</size>
         <input_file_ref idref="fl-3"/>
      </object_component>
      <object_component id="oc-10">
         <name>.debug_info</name>
         <load_address>0x19ca</load_address>
         <run_address>0x19ca</run_address>
         <size>0xe2</size>
         <input_file_ref idref="fl-3"/>
      </object_component>
      <object_component id="oc-2e">
         <name>.debug_info</name>
         <load_address>0x1aac</load_address>
         <run_address>0x1aac</run_address>
         <size>0x25e</size>
         <input_file_ref idref="fl-3"/>
      </object_component>
      <object_component id="oc-8b">
         <name>.debug_info</name>
         <load_address>0x1d0a</load_address>
         <run_address>0x1d0a</run_address>
         <size>0x84</size>
         <input_file_ref idref="fl-3"/>
      </object_component>
      <object_component id="oc-10a">
         <name>.debug_info</name>
         <load_address>0x1d8e</load_address>
         <run_address>0x1d8e</run_address>
         <size>0x13c</size>
         <input_file_ref idref="fl-9"/>
      </object_component>
      <object_component id="oc-100">
         <name>.debug_info</name>
         <load_address>0x1eca</load_address>
         <run_address>0x1eca</run_address>
         <size>0xfc</size>
         <input_file_ref idref="fl-9"/>
      </object_component>
      <object_component id="oc-fb">
         <name>.debug_info</name>
         <load_address>0x1fc6</load_address>
         <run_address>0x1fc6</run_address>
         <size>0x100</size>
         <input_file_ref idref="fl-9"/>
      </object_component>
      <object_component id="oc-f1">
         <name>.debug_info</name>
         <load_address>0x20c6</load_address>
         <run_address>0x20c6</run_address>
         <size>0x138</size>
         <input_file_ref idref="fl-9"/>
      </object_component>
      <object_component id="oc-f6">
         <name>.debug_info</name>
         <load_address>0x21fe</load_address>
         <run_address>0x21fe</run_address>
         <size>0x138</size>
         <input_file_ref idref="fl-9"/>
      </object_component>
      <object_component id="oc-10f">
         <name>.debug_info</name>
         <load_address>0x2336</load_address>
         <run_address>0x2336</run_address>
         <size>0x140</size>
         <input_file_ref idref="fl-9"/>
      </object_component>
      <object_component id="oc-105">
         <name>.debug_info</name>
         <load_address>0x2476</load_address>
         <run_address>0x2476</run_address>
         <size>0x104</size>
         <input_file_ref idref="fl-9"/>
      </object_component>
      <object_component id="oc-ec">
         <name>.debug_info</name>
         <load_address>0x257a</load_address>
         <run_address>0x257a</run_address>
         <size>0x118</size>
         <input_file_ref idref="fl-9"/>
      </object_component>
      <object_component id="oc-152">
         <name>.debug_info</name>
         <load_address>0x2692</load_address>
         <run_address>0x2692</run_address>
         <size>0x300</size>
         <input_file_ref idref="fl-9"/>
      </object_component>
      <object_component id="oc-16a">
         <name>.debug_info</name>
         <load_address>0x2992</load_address>
         <run_address>0x2992</run_address>
         <size>0x12c</size>
         <input_file_ref idref="fl-9"/>
      </object_component>
      <object_component id="oc-15d">
         <name>.debug_info</name>
         <load_address>0x2abe</load_address>
         <run_address>0x2abe</run_address>
         <size>0xdc</size>
         <input_file_ref idref="fl-a"/>
      </object_component>
      <object_component id="oc-158">
         <name>.debug_info</name>
         <load_address>0x2b9a</load_address>
         <run_address>0x2b9a</run_address>
         <size>0x130</size>
         <input_file_ref idref="fl-a"/>
      </object_component>
      <object_component id="oc-e3">
         <name>.debug_info</name>
         <load_address>0x2cca</load_address>
         <run_address>0x2cca</run_address>
         <size>0x104</size>
         <input_file_ref idref="fl-a"/>
      </object_component>
      <object_component id="oc-de">
         <name>.debug_info</name>
         <load_address>0x2dce</load_address>
         <run_address>0x2dce</run_address>
         <size>0x100</size>
         <input_file_ref idref="fl-a"/>
      </object_component>
      <object_component id="oc-183">
         <name>.debug_info</name>
         <load_address>0x2ece</load_address>
         <run_address>0x2ece</run_address>
         <size>0x204</size>
         <input_file_ref idref="fl-a"/>
      </object_component>
      <object_component id="oc-e7">
         <name>.debug_info</name>
         <load_address>0x30d2</load_address>
         <run_address>0x30d2</run_address>
         <size>0xcc</size>
         <input_file_ref idref="fl-c"/>
      </object_component>
      <object_component id="oc-d8">
         <name>.debug_info</name>
         <load_address>0x319e</load_address>
         <run_address>0x319e</run_address>
         <size>0xf8</size>
         <input_file_ref idref="fl-c"/>
      </object_component>
      <object_component id="oc-d3">
         <name>.debug_info</name>
         <load_address>0x3296</load_address>
         <run_address>0x3296</run_address>
         <size>0x118</size>
         <input_file_ref idref="fl-c"/>
      </object_component>
      <object_component id="oc-26">
         <name>.debug_info</name>
         <load_address>0x33ae</load_address>
         <run_address>0x33ae</run_address>
         <size>0x17c</size>
         <input_file_ref idref="fl-c3"/>
      </object_component>
      <object_component id="oc-3f">
         <name>.debug_info</name>
         <load_address>0x352a</load_address>
         <run_address>0x352a</run_address>
         <size>0x15c</size>
         <input_file_ref idref="fl-c4"/>
      </object_component>
      <object_component id="oc-16">
         <name>.debug_info</name>
         <load_address>0x3686</load_address>
         <run_address>0x3686</run_address>
         <size>0x1fb</size>
         <input_file_ref idref="fl-c4"/>
      </object_component>
      <object_component id="oc-3a">
         <name>.debug_info</name>
         <load_address>0x3881</load_address>
         <run_address>0x3881</run_address>
         <size>0x46</size>
         <input_file_ref idref="fl-c4"/>
      </object_component>
      <object_component id="oc-84">
         <name>.debug_info</name>
         <load_address>0x38c7</load_address>
         <run_address>0x38c7</run_address>
         <size>0x2c</size>
         <input_file_ref idref="fl-c4"/>
      </object_component>
      <object_component id="oc-47">
         <name>.debug_info</name>
         <load_address>0x38f3</load_address>
         <run_address>0x38f3</run_address>
         <size>0x150</size>
         <input_file_ref idref="fl-c5"/>
      </object_component>
      <object_component id="oc-41">
         <name>.debug_info</name>
         <load_address>0x3a43</load_address>
         <run_address>0x3a43</run_address>
         <size>0x263</size>
         <input_file_ref idref="fl-c5"/>
      </object_component>
      <object_component id="oc-1a">
         <name>.debug_info</name>
         <load_address>0x3ca6</load_address>
         <run_address>0x3ca6</run_address>
         <size>0x1cd</size>
         <input_file_ref idref="fl-c5"/>
      </object_component>
      <object_component id="oc-48">
         <name>.debug_info</name>
         <load_address>0x3e73</load_address>
         <run_address>0x3e73</run_address>
         <size>0x39</size>
         <input_file_ref idref="fl-c5"/>
      </object_component>
      <object_component id="oc-93">
         <name>.debug_info</name>
         <load_address>0x3eac</load_address>
         <run_address>0x3eac</run_address>
         <size>0x2c</size>
         <input_file_ref idref="fl-c5"/>
      </object_component>
      <object_component id="oc-ba">
         <name>.debug_info</name>
         <load_address>0x3ed8</load_address>
         <run_address>0x3ed8</run_address>
         <size>0x250</size>
         <input_file_ref idref="fl-c7"/>
      </object_component>
      <object_component id="oc-b4">
         <name>.debug_info</name>
         <load_address>0x4128</load_address>
         <run_address>0x4128</run_address>
         <size>0x1a1</size>
         <input_file_ref idref="fl-c7"/>
      </object_component>
      <object_component id="oc-73">
         <name>.debug_info</name>
         <load_address>0x42c9</load_address>
         <run_address>0x42c9</run_address>
         <size>0x230</size>
         <input_file_ref idref="fl-c7"/>
      </object_component>
      <object_component id="oc-36">
         <name>.debug_info</name>
         <load_address>0x44f9</load_address>
         <run_address>0x44f9</run_address>
         <size>0x12d</size>
         <input_file_ref idref="fl-c8"/>
      </object_component>
      <object_component id="oc-4e">
         <name>.debug_info</name>
         <load_address>0x4626</load_address>
         <run_address>0x4626</run_address>
         <size>0x15b</size>
         <input_file_ref idref="fl-c9"/>
      </object_component>
      <object_component id="oc-5d">
         <name>.debug_info</name>
         <load_address>0x4781</load_address>
         <run_address>0x4781</run_address>
         <size>0x154</size>
         <input_file_ref idref="fl-ca"/>
      </object_component>
      <object_component id="oc-63">
         <name>.debug_info</name>
         <load_address>0x48d5</load_address>
         <run_address>0x48d5</run_address>
         <size>0x164</size>
         <input_file_ref idref="fl-cb"/>
      </object_component>
      <object_component id="oc-78">
         <name>.debug_info</name>
         <load_address>0x4a39</load_address>
         <run_address>0x4a39</run_address>
         <size>0x125</size>
         <input_file_ref idref="fl-cc"/>
      </object_component>
      <object_component id="oc-145">
         <name>.debug_info</name>
         <load_address>0x4b5e</load_address>
         <run_address>0x4b5e</run_address>
         <size>0x140</size>
         <input_file_ref idref="fl-cd"/>
      </object_component>
      <object_component id="oc-b7">
         <name>.debug_info</name>
         <load_address>0x4c9e</load_address>
         <run_address>0x4c9e</run_address>
         <size>0x12f</size>
         <input_file_ref idref="fl-cd"/>
      </object_component>
      <object_component id="oc-13f">
         <name>.debug_info</name>
         <load_address>0x4dcd</load_address>
         <run_address>0x4dcd</run_address>
         <size>0x23b</size>
         <input_file_ref idref="fl-cd"/>
      </object_component>
      <object_component id="oc-b2">
         <name>.debug_info</name>
         <load_address>0x5008</load_address>
         <run_address>0x5008</run_address>
         <size>0x182</size>
         <input_file_ref idref="fl-ce"/>
      </object_component>
      <object_component id="oc-6d">
         <name>.debug_info</name>
         <load_address>0x518a</load_address>
         <run_address>0x518a</run_address>
         <size>0x183</size>
         <input_file_ref idref="fl-ce"/>
      </object_component>
      <object_component id="oc-136">
         <name>.debug_info</name>
         <load_address>0x530d</load_address>
         <run_address>0x530d</run_address>
         <size>0x5e</size>
         <input_file_ref idref="fl-ce"/>
      </object_component>
      <object_component id="oc-aa">
         <name>.debug_info</name>
         <load_address>0x536b</load_address>
         <run_address>0x536b</run_address>
         <size>0x305</size>
         <input_file_ref idref="fl-cf"/>
      </object_component>
      <object_component id="oc-68">
         <name>.debug_info</name>
         <load_address>0x5670</load_address>
         <run_address>0x5670</run_address>
         <size>0x1ac</size>
         <input_file_ref idref="fl-cf"/>
      </object_component>
      <object_component id="oc-c8">
         <name>.debug_info</name>
         <load_address>0x581c</load_address>
         <run_address>0x581c</run_address>
         <size>0x39</size>
         <input_file_ref idref="fl-cf"/>
      </object_component>
      <object_component id="oc-cd">
         <name>.debug_info</name>
         <load_address>0x5855</load_address>
         <run_address>0x5855</run_address>
         <size>0xcd</size>
         <input_file_ref idref="fl-cf"/>
      </object_component>
      <object_component id="oc-c4">
         <name>.debug_info</name>
         <load_address>0x5922</load_address>
         <run_address>0x5922</run_address>
         <size>0x1fc</size>
         <input_file_ref idref="fl-d0"/>
      </object_component>
      <object_component id="oc-9f">
         <name>.debug_info</name>
         <load_address>0x5b1e</load_address>
         <run_address>0x5b1e</run_address>
         <size>0x19f</size>
         <input_file_ref idref="fl-d0"/>
      </object_component>
      <object_component id="oc-14b">
         <name>.debug_info</name>
         <load_address>0x5cbd</load_address>
         <run_address>0x5cbd</run_address>
         <size>0x2c</size>
         <input_file_ref idref="fl-d0"/>
      </object_component>
      <object_component id="oc-a6">
         <name>.debug_info</name>
         <load_address>0x5ce9</load_address>
         <run_address>0x5ce9</run_address>
         <size>0x161</size>
         <input_file_ref idref="fl-d1"/>
      </object_component>
      <object_component id="oc-1dc">
         <name>.debug_info</name>
         <load_address>0x5e4a</load_address>
         <run_address>0x5e4a</run_address>
         <size>0x4ad</size>
      </object_component>
      <object_component id="oc-16e">
         <name>.debug_line</name>
         <load_address>0x0</load_address>
         <run_address>0x0</run_address>
         <size>0xd0</size>
         <input_file_ref idref="fl-2"/>
      </object_component>
      <object_component id="oc-170">
         <name>.debug_line</name>
         <load_address>0xd0</load_address>
         <run_address>0xd0</run_address>
         <size>0x2c</size>
         <input_file_ref idref="fl-2"/>
      </object_component>
      <object_component id="oc-172">
         <name>.debug_line</name>
         <load_address>0xfc</load_address>
         <run_address>0xfc</run_address>
         <size>0x2c</size>
         <input_file_ref idref="fl-2"/>
      </object_component>
      <object_component id="oc-174">
         <name>.debug_line</name>
         <load_address>0x128</load_address>
         <run_address>0x128</run_address>
         <size>0x2e</size>
         <input_file_ref idref="fl-2"/>
      </object_component>
      <object_component id="oc-176">
         <name>.debug_line</name>
         <load_address>0x156</load_address>
         <run_address>0x156</run_address>
         <size>0x2d</size>
         <input_file_ref idref="fl-2"/>
      </object_component>
      <object_component id="oc-178">
         <name>.debug_line</name>
         <load_address>0x183</load_address>
         <run_address>0x183</run_address>
         <size>0x2d</size>
         <input_file_ref idref="fl-2"/>
      </object_component>
      <object_component id="oc-17a">
         <name>.debug_line</name>
         <load_address>0x1b0</load_address>
         <run_address>0x1b0</run_address>
         <size>0x2c</size>
         <input_file_ref idref="fl-2"/>
      </object_component>
      <object_component id="oc-17c">
         <name>.debug_line</name>
         <load_address>0x1dc</load_address>
         <run_address>0x1dc</run_address>
         <size>0x2e</size>
         <input_file_ref idref="fl-2"/>
      </object_component>
      <object_component id="oc-17e">
         <name>.debug_line</name>
         <load_address>0x20a</load_address>
         <run_address>0x20a</run_address>
         <size>0x2e</size>
         <input_file_ref idref="fl-2"/>
      </object_component>
      <object_component id="oc-ac">
         <name>.debug_line</name>
         <load_address>0x238</load_address>
         <run_address>0x238</run_address>
         <size>0x30c</size>
         <input_file_ref idref="fl-2"/>
      </object_component>
      <object_component id="oc-c1">
         <name>.debug_line</name>
         <load_address>0x544</load_address>
         <run_address>0x544</run_address>
         <size>0x20</size>
         <input_file_ref idref="fl-2"/>
      </object_component>
      <object_component id="oc-81">
         <name>.debug_line</name>
         <load_address>0x564</load_address>
         <run_address>0x564</run_address>
         <size>0x66</size>
         <input_file_ref idref="fl-2"/>
      </object_component>
      <object_component id="oc-7d">
         <name>.debug_line</name>
         <load_address>0x5ca</load_address>
         <run_address>0x5ca</run_address>
         <size>0x41</size>
         <input_file_ref idref="fl-3"/>
      </object_component>
      <object_component id="oc-32">
         <name>.debug_line</name>
         <load_address>0x60b</load_address>
         <run_address>0x60b</run_address>
         <size>0x41</size>
         <input_file_ref idref="fl-3"/>
      </object_component>
      <object_component id="oc-2d">
         <name>.debug_line</name>
         <load_address>0x64c</load_address>
         <run_address>0x64c</run_address>
         <size>0xa1</size>
         <input_file_ref idref="fl-3"/>
      </object_component>
      <object_component id="oc-8e">
         <name>.debug_line</name>
         <load_address>0x6ed</load_address>
         <run_address>0x6ed</run_address>
         <size>0x20</size>
         <input_file_ref idref="fl-3"/>
      </object_component>
      <object_component id="oc-10c">
         <name>.debug_line</name>
         <load_address>0x70d</load_address>
         <run_address>0x70d</run_address>
         <size>0x70</size>
         <input_file_ref idref="fl-9"/>
      </object_component>
      <object_component id="oc-102">
         <name>.debug_line</name>
         <load_address>0x77d</load_address>
         <run_address>0x77d</run_address>
         <size>0x40</size>
         <input_file_ref idref="fl-9"/>
      </object_component>
      <object_component id="oc-fd">
         <name>.debug_line</name>
         <load_address>0x7bd</load_address>
         <run_address>0x7bd</run_address>
         <size>0x40</size>
         <input_file_ref idref="fl-9"/>
      </object_component>
      <object_component id="oc-f3">
         <name>.debug_line</name>
         <load_address>0x7fd</load_address>
         <run_address>0x7fd</run_address>
         <size>0x6c</size>
         <input_file_ref idref="fl-9"/>
      </object_component>
      <object_component id="oc-f8">
         <name>.debug_line</name>
         <load_address>0x869</load_address>
         <run_address>0x869</run_address>
         <size>0x94</size>
         <input_file_ref idref="fl-9"/>
      </object_component>
      <object_component id="oc-111">
         <name>.debug_line</name>
         <load_address>0x8fd</load_address>
         <run_address>0x8fd</run_address>
         <size>0x6c</size>
         <input_file_ref idref="fl-9"/>
      </object_component>
      <object_component id="oc-107">
         <name>.debug_line</name>
         <load_address>0x969</load_address>
         <run_address>0x969</run_address>
         <size>0x48</size>
         <input_file_ref idref="fl-9"/>
      </object_component>
      <object_component id="oc-ee">
         <name>.debug_line</name>
         <load_address>0x9b1</load_address>
         <run_address>0x9b1</run_address>
         <size>0x54</size>
         <input_file_ref idref="fl-9"/>
      </object_component>
      <object_component id="oc-154">
         <name>.debug_line</name>
         <load_address>0xa05</load_address>
         <run_address>0xa05</run_address>
         <size>0x54</size>
         <input_file_ref idref="fl-9"/>
      </object_component>
      <object_component id="oc-16c">
         <name>.debug_line</name>
         <load_address>0xa59</load_address>
         <run_address>0xa59</run_address>
         <size>0x108</size>
         <input_file_ref idref="fl-9"/>
      </object_component>
      <object_component id="oc-15e">
         <name>.debug_line</name>
         <load_address>0xb61</load_address>
         <run_address>0xb61</run_address>
         <size>0x64</size>
         <input_file_ref idref="fl-a"/>
      </object_component>
      <object_component id="oc-15a">
         <name>.debug_line</name>
         <load_address>0xbc5</load_address>
         <run_address>0xbc5</run_address>
         <size>0x168</size>
         <input_file_ref idref="fl-a"/>
      </object_component>
      <object_component id="oc-e5">
         <name>.debug_line</name>
         <load_address>0xd2d</load_address>
         <run_address>0xd2d</run_address>
         <size>0x40</size>
         <input_file_ref idref="fl-a"/>
      </object_component>
      <object_component id="oc-e0">
         <name>.debug_line</name>
         <load_address>0xd6d</load_address>
         <run_address>0xd6d</run_address>
         <size>0x4c</size>
         <input_file_ref idref="fl-a"/>
      </object_component>
      <object_component id="oc-186">
         <name>.debug_line</name>
         <load_address>0xdb9</load_address>
         <run_address>0xdb9</run_address>
         <size>0x108</size>
         <input_file_ref idref="fl-a"/>
      </object_component>
      <object_component id="oc-e9">
         <name>.debug_line</name>
         <load_address>0xec1</load_address>
         <run_address>0xec1</run_address>
         <size>0x3c</size>
         <input_file_ref idref="fl-c"/>
      </object_component>
      <object_component id="oc-da">
         <name>.debug_line</name>
         <load_address>0xefd</load_address>
         <run_address>0xefd</run_address>
         <size>0x44</size>
         <input_file_ref idref="fl-c"/>
      </object_component>
      <object_component id="oc-d5">
         <name>.debug_line</name>
         <load_address>0xf41</load_address>
         <run_address>0xf41</run_address>
         <size>0x154</size>
         <input_file_ref idref="fl-c"/>
      </object_component>
      <object_component id="oc-28">
         <name>.debug_line</name>
         <load_address>0x1095</load_address>
         <run_address>0x1095</run_address>
         <size>0x53</size>
         <input_file_ref idref="fl-c3"/>
      </object_component>
      <object_component id="oc-8a">
         <name>.debug_line</name>
         <load_address>0x10e8</load_address>
         <run_address>0x10e8</run_address>
         <size>0xa5</size>
         <input_file_ref idref="fl-c4"/>
      </object_component>
      <object_component id="oc-13">
         <name>.debug_line</name>
         <load_address>0x118d</load_address>
         <run_address>0x118d</run_address>
         <size>0x55</size>
         <input_file_ref idref="fl-c4"/>
      </object_component>
      <object_component id="oc-3d">
         <name>.debug_line</name>
         <load_address>0x11e2</load_address>
         <run_address>0x11e2</run_address>
         <size>0x3a</size>
         <input_file_ref idref="fl-c4"/>
      </object_component>
      <object_component id="oc-87">
         <name>.debug_line</name>
         <load_address>0x121c</load_address>
         <run_address>0x121c</run_address>
         <size>0xa5</size>
         <input_file_ref idref="fl-c4"/>
      </object_component>
      <object_component id="oc-92">
         <name>.debug_line</name>
         <load_address>0x12c1</load_address>
         <run_address>0x12c1</run_address>
         <size>0xa5</size>
         <input_file_ref idref="fl-c5"/>
      </object_component>
      <object_component id="oc-44">
         <name>.debug_line</name>
         <load_address>0x1366</load_address>
         <run_address>0x1366</run_address>
         <size>0x98</size>
         <input_file_ref idref="fl-c5"/>
      </object_component>
      <object_component id="oc-19">
         <name>.debug_line</name>
         <load_address>0x13fe</load_address>
         <run_address>0x13fe</run_address>
         <size>0x4b</size>
         <input_file_ref idref="fl-c5"/>
      </object_component>
      <object_component id="oc-4b">
         <name>.debug_line</name>
         <load_address>0x1449</load_address>
         <run_address>0x1449</run_address>
         <size>0x39</size>
         <input_file_ref idref="fl-c5"/>
      </object_component>
      <object_component id="oc-96">
         <name>.debug_line</name>
         <load_address>0x1482</load_address>
         <run_address>0x1482</run_address>
         <size>0xa5</size>
         <input_file_ref idref="fl-c5"/>
      </object_component>
      <object_component id="oc-148">
         <name>.debug_line</name>
         <load_address>0x1527</load_address>
         <run_address>0x1527</run_address>
         <size>0x128</size>
         <input_file_ref idref="fl-c7"/>
      </object_component>
      <object_component id="oc-13c">
         <name>.debug_line</name>
         <load_address>0x164f</load_address>
         <run_address>0x164f</run_address>
         <size>0x2a</size>
         <input_file_ref idref="fl-c7"/>
      </object_component>
      <object_component id="oc-72">
         <name>.debug_line</name>
         <load_address>0x1679</load_address>
         <run_address>0x1679</run_address>
         <size>0x86</size>
         <input_file_ref idref="fl-c7"/>
      </object_component>
      <object_component id="oc-35">
         <name>.debug_line</name>
         <load_address>0x16ff</load_address>
         <run_address>0x16ff</run_address>
         <size>0x88</size>
         <input_file_ref idref="fl-c8"/>
      </object_component>
      <object_component id="oc-51">
         <name>.debug_line</name>
         <load_address>0x1787</load_address>
         <run_address>0x1787</run_address>
         <size>0x79</size>
         <input_file_ref idref="fl-c9"/>
      </object_component>
      <object_component id="oc-5a">
         <name>.debug_line</name>
         <load_address>0x1800</load_address>
         <run_address>0x1800</run_address>
         <size>0x3d</size>
         <input_file_ref idref="fl-ca"/>
      </object_component>
      <object_component id="oc-61">
         <name>.debug_line</name>
         <load_address>0x183d</load_address>
         <run_address>0x183d</run_address>
         <size>0x40</size>
         <input_file_ref idref="fl-cb"/>
      </object_component>
      <object_component id="oc-bd">
         <name>.debug_line</name>
         <load_address>0x187d</load_address>
         <run_address>0x187d</run_address>
         <size>0x33</size>
         <input_file_ref idref="fl-cc"/>
      </object_component>
      <object_component id="oc-181">
         <name>.debug_line</name>
         <load_address>0x18b0</load_address>
         <run_address>0x18b0</run_address>
         <size>0x20</size>
         <input_file_ref idref="fl-cd"/>
      </object_component>
      <object_component id="oc-144">
         <name>.debug_line</name>
         <load_address>0x18d0</load_address>
         <run_address>0x18d0</run_address>
         <size>0x2b</size>
         <input_file_ref idref="fl-cd"/>
      </object_component>
      <object_component id="oc-142">
         <name>.debug_line</name>
         <load_address>0x18fb</load_address>
         <run_address>0x18fb</run_address>
         <size>0x68</size>
         <input_file_ref idref="fl-cd"/>
      </object_component>
      <object_component id="oc-135">
         <name>.debug_line</name>
         <load_address>0x1963</load_address>
         <run_address>0x1963</run_address>
         <size>0x2b</size>
         <input_file_ref idref="fl-ce"/>
      </object_component>
      <object_component id="oc-6c">
         <name>.debug_line</name>
         <load_address>0x198e</load_address>
         <run_address>0x198e</run_address>
         <size>0x50</size>
         <input_file_ref idref="fl-ce"/>
      </object_component>
      <object_component id="oc-139">
         <name>.debug_line</name>
         <load_address>0x19de</load_address>
         <run_address>0x19de</run_address>
         <size>0x2b</size>
         <input_file_ref idref="fl-ce"/>
      </object_component>
      <object_component id="oc-c7">
         <name>.debug_line</name>
         <load_address>0x1a09</load_address>
         <run_address>0x1a09</run_address>
         <size>0xc4</size>
         <input_file_ref idref="fl-cf"/>
      </object_component>
      <object_component id="oc-67">
         <name>.debug_line</name>
         <load_address>0x1acd</load_address>
         <run_address>0x1acd</run_address>
         <size>0x8b</size>
         <input_file_ref idref="fl-cf"/>
      </object_component>
      <object_component id="oc-cb">
         <name>.debug_line</name>
         <load_address>0x1b58</load_address>
         <run_address>0x1b58</run_address>
         <size>0x2e</size>
         <input_file_ref idref="fl-cf"/>
      </object_component>
      <object_component id="oc-d0">
         <name>.debug_line</name>
         <load_address>0x1b86</load_address>
         <run_address>0x1b86</run_address>
         <size>0xa6</size>
         <input_file_ref idref="fl-cf"/>
      </object_component>
      <object_component id="oc-14a">
         <name>.debug_line</name>
         <load_address>0x1c2c</load_address>
         <run_address>0x1c2c</run_address>
         <size>0xb3</size>
         <input_file_ref idref="fl-d0"/>
      </object_component>
      <object_component id="oc-9e">
         <name>.debug_line</name>
         <load_address>0x1cdf</load_address>
         <run_address>0x1cdf</run_address>
         <size>0x68</size>
         <input_file_ref idref="fl-d0"/>
      </object_component>
      <object_component id="oc-14e">
         <name>.debug_line</name>
         <load_address>0x1d47</load_address>
         <run_address>0x1d47</run_address>
         <size>0x2e</size>
         <input_file_ref idref="fl-d0"/>
      </object_component>
      <object_component id="oc-a5">
         <name>.debug_line</name>
         <load_address>0x1d75</load_address>
         <run_address>0x1d75</run_address>
         <size>0x3c</size>
         <input_file_ref idref="fl-d1"/>
      </object_component>
      <object_component id="oc-b0">
         <name>.debug_frame</name>
         <load_address>0x0</load_address>
         <run_address>0x0</run_address>
         <size>0x134</size>
         <input_file_ref idref="fl-2"/>
      </object_component>
      <object_component id="oc-2c">
         <name>.debug_frame</name>
         <load_address>0x134</load_address>
         <run_address>0x134</run_address>
         <size>0xb2</size>
         <input_file_ref idref="fl-3"/>
      </object_component>
      <object_component id="oc-109">
         <name>.debug_frame</name>
         <load_address>0x1e6</load_address>
         <run_address>0x1e6</run_address>
         <size>0x74</size>
         <input_file_ref idref="fl-9"/>
      </object_component>
      <object_component id="oc-ff">
         <name>.debug_frame</name>
         <load_address>0x25a</load_address>
         <run_address>0x25a</run_address>
         <size>0x74</size>
         <input_file_ref idref="fl-9"/>
      </object_component>
      <object_component id="oc-fa">
         <name>.debug_frame</name>
         <load_address>0x2ce</load_address>
         <run_address>0x2ce</run_address>
         <size>0x74</size>
         <input_file_ref idref="fl-9"/>
      </object_component>
      <object_component id="oc-f0">
         <name>.debug_frame</name>
         <load_address>0x342</load_address>
         <run_address>0x342</run_address>
         <size>0x88</size>
         <input_file_ref idref="fl-9"/>
      </object_component>
      <object_component id="oc-f5">
         <name>.debug_frame</name>
         <load_address>0x3ca</load_address>
         <run_address>0x3ca</run_address>
         <size>0x80</size>
         <input_file_ref idref="fl-9"/>
      </object_component>
      <object_component id="oc-10e">
         <name>.debug_frame</name>
         <load_address>0x44a</load_address>
         <run_address>0x44a</run_address>
         <size>0x74</size>
         <input_file_ref idref="fl-9"/>
      </object_component>
      <object_component id="oc-104">
         <name>.debug_frame</name>
         <load_address>0x4be</load_address>
         <run_address>0x4be</run_address>
         <size>0x74</size>
         <input_file_ref idref="fl-9"/>
      </object_component>
      <object_component id="oc-eb">
         <name>.debug_frame</name>
         <load_address>0x532</load_address>
         <run_address>0x532</run_address>
         <size>0x74</size>
         <input_file_ref idref="fl-9"/>
      </object_component>
      <object_component id="oc-15c">
         <name>.debug_frame</name>
         <load_address>0x5a6</load_address>
         <run_address>0x5a6</run_address>
         <size>0x74</size>
         <input_file_ref idref="fl-a"/>
      </object_component>
      <object_component id="oc-157">
         <name>.debug_frame</name>
         <load_address>0x61a</load_address>
         <run_address>0x61a</run_address>
         <size>0x90</size>
         <input_file_ref idref="fl-a"/>
      </object_component>
      <object_component id="oc-e2">
         <name>.debug_frame</name>
         <load_address>0x6aa</load_address>
         <run_address>0x6aa</run_address>
         <size>0x74</size>
         <input_file_ref idref="fl-a"/>
      </object_component>
      <object_component id="oc-dd">
         <name>.debug_frame</name>
         <load_address>0x71e</load_address>
         <run_address>0x71e</run_address>
         <size>0x84</size>
         <input_file_ref idref="fl-a"/>
      </object_component>
      <object_component id="oc-e8">
         <name>.debug_frame</name>
         <load_address>0x7a2</load_address>
         <run_address>0x7a2</run_address>
         <size>0x74</size>
         <input_file_ref idref="fl-c"/>
      </object_component>
      <object_component id="oc-db">
         <name>.debug_frame</name>
         <load_address>0x816</load_address>
         <run_address>0x816</run_address>
         <size>0x74</size>
         <input_file_ref idref="fl-c"/>
      </object_component>
      <object_component id="oc-d6">
         <name>.debug_frame</name>
         <load_address>0x88a</load_address>
         <run_address>0x88a</run_address>
         <size>0x8c</size>
         <input_file_ref idref="fl-c"/>
      </object_component>
      <object_component id="oc-14">
         <name>.debug_frame</name>
         <load_address>0x916</load_address>
         <run_address>0x916</run_address>
         <size>0x7f</size>
         <input_file_ref idref="fl-c4"/>
      </object_component>
      <object_component id="oc-45">
         <name>.debug_frame</name>
         <load_address>0x995</load_address>
         <run_address>0x995</run_address>
         <size>0x8e</size>
         <input_file_ref idref="fl-c5"/>
      </object_component>
      <object_component id="oc-1d">
         <name>.debug_frame</name>
         <load_address>0xa23</load_address>
         <run_address>0xa23</run_address>
         <size>0x7f</size>
         <input_file_ref idref="fl-c5"/>
      </object_component>
      <object_component id="oc-76">
         <name>.debug_frame</name>
         <load_address>0xaa2</load_address>
         <run_address>0xaa2</run_address>
         <size>0xb3</size>
         <input_file_ref idref="fl-c7"/>
      </object_component>
      <object_component id="oc-5c">
         <name>.debug_frame</name>
         <load_address>0xb55</load_address>
         <run_address>0xb55</run_address>
         <size>0x7f</size>
         <input_file_ref idref="fl-ca"/>
      </object_component>
      <object_component id="oc-62">
         <name>.debug_frame</name>
         <load_address>0xbd4</load_address>
         <run_address>0xbd4</run_address>
         <size>0x7f</size>
         <input_file_ref idref="fl-cb"/>
      </object_component>
      <object_component id="oc-13e">
         <name>.debug_frame</name>
         <load_address>0xc53</load_address>
         <run_address>0xc53</run_address>
         <size>0xa1</size>
         <input_file_ref idref="fl-cd"/>
      </object_component>
      <object_component id="oc-70">
         <name>.debug_frame</name>
         <load_address>0xcf4</load_address>
         <run_address>0xcf4</run_address>
         <size>0x7f</size>
         <input_file_ref idref="fl-ce"/>
      </object_component>
      <object_component id="oc-6a">
         <name>.debug_frame</name>
         <load_address>0xd73</load_address>
         <run_address>0xd73</run_address>
         <size>0x8a</size>
         <input_file_ref idref="fl-cf"/>
      </object_component>
      <object_component id="oc-a2">
         <name>.debug_frame</name>
         <load_address>0xdfd</load_address>
         <run_address>0xdfd</run_address>
         <size>0x8e</size>
         <input_file_ref idref="fl-d0"/>
      </object_component>
      <object_component id="oc-a8">
         <name>.debug_frame</name>
         <load_address>0xe8b</load_address>
         <run_address>0xe8b</run_address>
         <size>0x7f</size>
         <input_file_ref idref="fl-d1"/>
      </object_component>
      <object_component id="oc-16d">
         <name>.debug_abbrev</name>
         <load_address>0x0</load_address>
         <run_address>0x0</run_address>
         <size>0xcb</size>
         <input_file_ref idref="fl-2"/>
      </object_component>
      <object_component id="oc-16f">
         <name>.debug_abbrev</name>
         <load_address>0xcb</load_address>
         <run_address>0xcb</run_address>
         <size>0x29</size>
         <input_file_ref idref="fl-2"/>
      </object_component>
      <object_component id="oc-171">
         <name>.debug_abbrev</name>
         <load_address>0xf4</load_address>
         <run_address>0xf4</run_address>
         <size>0x29</size>
         <input_file_ref idref="fl-2"/>
      </object_component>
      <object_component id="oc-173">
         <name>.debug_abbrev</name>
         <load_address>0x11d</load_address>
         <run_address>0x11d</run_address>
         <size>0x29</size>
         <input_file_ref idref="fl-2"/>
      </object_component>
      <object_component id="oc-175">
         <name>.debug_abbrev</name>
         <load_address>0x146</load_address>
         <run_address>0x146</run_address>
         <size>0x29</size>
         <input_file_ref idref="fl-2"/>
      </object_component>
      <object_component id="oc-177">
         <name>.debug_abbrev</name>
         <load_address>0x16f</load_address>
         <run_address>0x16f</run_address>
         <size>0x29</size>
         <input_file_ref idref="fl-2"/>
      </object_component>
      <object_component id="oc-179">
         <name>.debug_abbrev</name>
         <load_address>0x198</load_address>
         <run_address>0x198</run_address>
         <size>0x29</size>
         <input_file_ref idref="fl-2"/>
      </object_component>
      <object_component id="oc-17b">
         <name>.debug_abbrev</name>
         <load_address>0x1c1</load_address>
         <run_address>0x1c1</run_address>
         <size>0x29</size>
         <input_file_ref idref="fl-2"/>
      </object_component>
      <object_component id="oc-17d">
         <name>.debug_abbrev</name>
         <load_address>0x1ea</load_address>
         <run_address>0x1ea</run_address>
         <size>0x29</size>
         <input_file_ref idref="fl-2"/>
      </object_component>
      <object_component id="oc-133">
         <name>.debug_abbrev</name>
         <load_address>0x213</load_address>
         <run_address>0x213</run_address>
         <size>0xa9</size>
         <input_file_ref idref="fl-2"/>
      </object_component>
      <object_component id="oc-c0">
         <name>.debug_abbrev</name>
         <load_address>0x2bc</load_address>
         <run_address>0x2bc</run_address>
         <size>0x1f</size>
         <input_file_ref idref="fl-2"/>
      </object_component>
      <object_component id="oc-80">
         <name>.debug_abbrev</name>
         <load_address>0x2db</load_address>
         <run_address>0x2db</run_address>
         <size>0x35</size>
         <input_file_ref idref="fl-2"/>
      </object_component>
      <object_component id="oc-7c">
         <name>.debug_abbrev</name>
         <load_address>0x310</load_address>
         <run_address>0x310</run_address>
         <size>0x54</size>
         <input_file_ref idref="fl-3"/>
      </object_component>
      <object_component id="oc-31">
         <name>.debug_abbrev</name>
         <load_address>0x364</load_address>
         <run_address>0x364</run_address>
         <size>0x29</size>
         <input_file_ref idref="fl-3"/>
      </object_component>
      <object_component id="oc-7b">
         <name>.debug_abbrev</name>
         <load_address>0x38d</load_address>
         <run_address>0x38d</run_address>
         <size>0x79</size>
         <input_file_ref idref="fl-3"/>
      </object_component>
      <object_component id="oc-8d">
         <name>.debug_abbrev</name>
         <load_address>0x406</load_address>
         <run_address>0x406</run_address>
         <size>0x1f</size>
         <input_file_ref idref="fl-3"/>
      </object_component>
      <object_component id="oc-150">
         <name>.debug_abbrev</name>
         <load_address>0x425</load_address>
         <run_address>0x425</run_address>
         <size>0x5a4</size>
         <input_file_ref idref="fl-9"/>
      </object_component>
      <object_component id="oc-161">
         <name>.debug_abbrev</name>
         <load_address>0x9c9</load_address>
         <run_address>0x9c9</run_address>
         <size>0x20</size>
         <input_file_ref idref="fl-c"/>
      </object_component>
      <object_component id="oc-7a">
         <name>.debug_abbrev</name>
         <load_address>0x9e9</load_address>
         <run_address>0x9e9</run_address>
         <size>0x3e</size>
         <input_file_ref idref="fl-c3"/>
      </object_component>
      <object_component id="oc-89">
         <name>.debug_abbrev</name>
         <load_address>0xa27</load_address>
         <run_address>0xa27</run_address>
         <size>0x52</size>
         <input_file_ref idref="fl-c4"/>
      </object_component>
      <object_component id="oc-39">
         <name>.debug_abbrev</name>
         <load_address>0xa79</load_address>
         <run_address>0xa79</run_address>
         <size>0x74</size>
         <input_file_ref idref="fl-c4"/>
      </object_component>
      <object_component id="oc-3c">
         <name>.debug_abbrev</name>
         <load_address>0xaed</load_address>
         <run_address>0xaed</run_address>
         <size>0x24</size>
         <input_file_ref idref="fl-c4"/>
      </object_component>
      <object_component id="oc-86">
         <name>.debug_abbrev</name>
         <load_address>0xb11</load_address>
         <run_address>0xb11</run_address>
         <size>0x24</size>
         <input_file_ref idref="fl-c4"/>
      </object_component>
      <object_component id="oc-91">
         <name>.debug_abbrev</name>
         <load_address>0xb35</load_address>
         <run_address>0xb35</run_address>
         <size>0x52</size>
         <input_file_ref idref="fl-c5"/>
      </object_component>
      <object_component id="oc-90">
         <name>.debug_abbrev</name>
         <load_address>0xb87</load_address>
         <run_address>0xb87</run_address>
         <size>0x7b</size>
         <input_file_ref idref="fl-c5"/>
      </object_component>
      <object_component id="oc-46">
         <name>.debug_abbrev</name>
         <load_address>0xc02</load_address>
         <run_address>0xc02</run_address>
         <size>0x66</size>
         <input_file_ref idref="fl-c5"/>
      </object_component>
      <object_component id="oc-4a">
         <name>.debug_abbrev</name>
         <load_address>0xc68</load_address>
         <run_address>0xc68</run_address>
         <size>0x24</size>
         <input_file_ref idref="fl-c5"/>
      </object_component>
      <object_component id="oc-95">
         <name>.debug_abbrev</name>
         <load_address>0xc8c</load_address>
         <run_address>0xc8c</run_address>
         <size>0x24</size>
         <input_file_ref idref="fl-c5"/>
      </object_component>
      <object_component id="oc-147">
         <name>.debug_abbrev</name>
         <load_address>0xcb0</load_address>
         <run_address>0xcb0</run_address>
         <size>0xa8</size>
         <input_file_ref idref="fl-c7"/>
      </object_component>
      <object_component id="oc-13b">
         <name>.debug_abbrev</name>
         <load_address>0xd58</load_address>
         <run_address>0xd58</run_address>
         <size>0x29</size>
         <input_file_ref idref="fl-c7"/>
      </object_component>
      <object_component id="oc-b9">
         <name>.debug_abbrev</name>
         <load_address>0xd81</load_address>
         <run_address>0xd81</run_address>
         <size>0xba</size>
         <input_file_ref idref="fl-c7"/>
      </object_component>
      <object_component id="oc-83">
         <name>.debug_abbrev</name>
         <load_address>0xe3b</load_address>
         <run_address>0xe3b</run_address>
         <size>0x3e</size>
         <input_file_ref idref="fl-c8"/>
      </object_component>
      <object_component id="oc-98">
         <name>.debug_abbrev</name>
         <load_address>0xe79</load_address>
         <run_address>0xe79</run_address>
         <size>0x4f</size>
         <input_file_ref idref="fl-c9"/>
      </object_component>
      <object_component id="oc-9b">
         <name>.debug_abbrev</name>
         <load_address>0xec8</load_address>
         <run_address>0xec8</run_address>
         <size>0x53</size>
         <input_file_ref idref="fl-ca"/>
      </object_component>
      <object_component id="oc-9c">
         <name>.debug_abbrev</name>
         <load_address>0xf1b</load_address>
         <run_address>0xf1b</run_address>
         <size>0x55</size>
         <input_file_ref idref="fl-cb"/>
      </object_component>
      <object_component id="oc-bc">
         <name>.debug_abbrev</name>
         <load_address>0xf70</load_address>
         <run_address>0xf70</run_address>
         <size>0x27</size>
         <input_file_ref idref="fl-cc"/>
      </object_component>
      <object_component id="oc-180">
         <name>.debug_abbrev</name>
         <load_address>0xf97</load_address>
         <run_address>0xf97</run_address>
         <size>0x45</size>
         <input_file_ref idref="fl-cd"/>
      </object_component>
      <object_component id="oc-143">
         <name>.debug_abbrev</name>
         <load_address>0xfdc</load_address>
         <run_address>0xfdc</run_address>
         <size>0x29</size>
         <input_file_ref idref="fl-cd"/>
      </object_component>
      <object_component id="oc-17f">
         <name>.debug_abbrev</name>
         <load_address>0x1005</load_address>
         <run_address>0x1005</run_address>
         <size>0x6f</size>
         <input_file_ref idref="fl-cd"/>
      </object_component>
      <object_component id="oc-134">
         <name>.debug_abbrev</name>
         <load_address>0x1074</load_address>
         <run_address>0x1074</run_address>
         <size>0x8e</size>
         <input_file_ref idref="fl-ce"/>
      </object_component>
      <object_component id="oc-b1">
         <name>.debug_abbrev</name>
         <load_address>0x1102</load_address>
         <run_address>0x1102</run_address>
         <size>0x68</size>
         <input_file_ref idref="fl-ce"/>
      </object_component>
      <object_component id="oc-138">
         <name>.debug_abbrev</name>
         <load_address>0x116a</load_address>
         <run_address>0x116a</run_address>
         <size>0x49</size>
         <input_file_ref idref="fl-ce"/>
      </object_component>
      <object_component id="oc-c6">
         <name>.debug_abbrev</name>
         <load_address>0x11b3</load_address>
         <run_address>0x11b3</run_address>
         <size>0xae</size>
         <input_file_ref idref="fl-cf"/>
      </object_component>
      <object_component id="oc-a9">
         <name>.debug_abbrev</name>
         <load_address>0x1261</load_address>
         <run_address>0x1261</run_address>
         <size>0x7e</size>
         <input_file_ref idref="fl-cf"/>
      </object_component>
      <object_component id="oc-ca">
         <name>.debug_abbrev</name>
         <load_address>0x12df</load_address>
         <run_address>0x12df</run_address>
         <size>0x24</size>
         <input_file_ref idref="fl-cf"/>
      </object_component>
      <object_component id="oc-cf">
         <name>.debug_abbrev</name>
         <load_address>0x1303</load_address>
         <run_address>0x1303</run_address>
         <size>0x4b</size>
         <input_file_ref idref="fl-cf"/>
      </object_component>
      <object_component id="oc-149">
         <name>.debug_abbrev</name>
         <load_address>0x134e</load_address>
         <run_address>0x134e</run_address>
         <size>0x9c</size>
         <input_file_ref idref="fl-d0"/>
      </object_component>
      <object_component id="oc-c3">
         <name>.debug_abbrev</name>
         <load_address>0x13ea</load_address>
         <run_address>0x13ea</run_address>
         <size>0x8c</size>
         <input_file_ref idref="fl-d0"/>
      </object_component>
      <object_component id="oc-14d">
         <name>.debug_abbrev</name>
         <load_address>0x1476</load_address>
         <run_address>0x1476</run_address>
         <size>0x24</size>
         <input_file_ref idref="fl-d0"/>
      </object_component>
      <object_component id="oc-c5">
         <name>.debug_abbrev</name>
         <load_address>0x149a</load_address>
         <run_address>0x149a</run_address>
         <size>0x53</size>
         <input_file_ref idref="fl-d1"/>
      </object_component>
      <object_component id="oc-1dd">
         <name>.debug_abbrev</name>
         <load_address>0x14ed</load_address>
         <run_address>0x14ed</run_address>
         <size>0x23</size>
      </object_component>
      <object_component id="oc-c2">
         <name>.debug_str</name>
         <load_address>0x0</load_address>
         <run_address>0x0</run_address>
         <size>0xfb</size>
         <input_file_ref idref="fl-2"/>
      </object_component>
      <object_component id="oc-82">
         <name>.debug_str</name>
         <load_address>0xfb</load_address>
         <run_address>0xfb</run_address>
         <size>0x210</size>
         <input_file_ref idref="fl-2"/>
      </object_component>
      <object_component id="oc-8f">
         <name>.debug_str</name>
         <load_address>0x30b</load_address>
         <run_address>0x30b</run_address>
         <size>0xfb</size>
         <input_file_ref idref="fl-3"/>
      </object_component>
      <object_component id="oc-3e">
         <name>.debug_str</name>
         <load_address>0x406</load_address>
         <run_address>0x406</run_address>
         <size>0x11c</size>
         <input_file_ref idref="fl-c4"/>
      </object_component>
      <object_component id="oc-88">
         <name>.debug_str</name>
         <load_address>0x522</load_address>
         <run_address>0x522</run_address>
         <size>0x164</size>
         <input_file_ref idref="fl-c4"/>
      </object_component>
      <object_component id="oc-4c">
         <name>.debug_str</name>
         <load_address>0x686</load_address>
         <run_address>0x686</run_address>
         <size>0x10e</size>
         <input_file_ref idref="fl-c5"/>
      </object_component>
      <object_component id="oc-97">
         <name>.debug_str</name>
         <load_address>0x794</load_address>
         <run_address>0x794</run_address>
         <size>0x164</size>
         <input_file_ref idref="fl-c5"/>
      </object_component>
      <object_component id="oc-13a">
         <name>.debug_str</name>
         <load_address>0x8f8</load_address>
         <run_address>0x8f8</run_address>
         <size>0xf2</size>
         <input_file_ref idref="fl-ce"/>
      </object_component>
      <object_component id="oc-cc">
         <name>.debug_str</name>
         <load_address>0x9ea</load_address>
         <run_address>0x9ea</run_address>
         <size>0xfe</size>
         <input_file_ref idref="fl-cf"/>
      </object_component>
      <object_component id="oc-d1">
         <name>.debug_str</name>
         <load_address>0xae8</load_address>
         <run_address>0xae8</run_address>
         <size>0x1bb</size>
         <input_file_ref idref="fl-cf"/>
      </object_component>
      <object_component id="oc-14f">
         <name>.debug_str</name>
         <load_address>0xca3</load_address>
         <run_address>0xca3</run_address>
         <size>0xf3</size>
         <input_file_ref idref="fl-d0"/>
      </object_component>
      <object_component id="oc-af">
         <name>.debug_aranges</name>
         <load_address>0x0</load_address>
         <run_address>0x0</run_address>
         <size>0x58</size>
         <input_file_ref idref="fl-2"/>
      </object_component>
      <object_component id="oc-30">
         <name>.debug_aranges</name>
         <load_address>0x58</load_address>
         <run_address>0x58</run_address>
         <size>0x38</size>
         <input_file_ref idref="fl-3"/>
      </object_component>
      <object_component id="oc-25">
         <name>.debug_aranges</name>
         <load_address>0x90</load_address>
         <run_address>0x90</run_address>
         <size>0x20</size>
         <input_file_ref idref="fl-c3"/>
      </object_component>
      <object_component id="oc-15">
         <name>.debug_aranges</name>
         <load_address>0xb0</load_address>
         <run_address>0xb0</run_address>
         <size>0x20</size>
         <input_file_ref idref="fl-c4"/>
      </object_component>
      <object_component id="oc-43">
         <name>.debug_aranges</name>
         <load_address>0xd0</load_address>
         <run_address>0xd0</run_address>
         <size>0x20</size>
         <input_file_ref idref="fl-c5"/>
      </object_component>
      <object_component id="oc-1c">
         <name>.debug_aranges</name>
         <load_address>0xf0</load_address>
         <run_address>0xf0</run_address>
         <size>0x20</size>
         <input_file_ref idref="fl-c5"/>
      </object_component>
      <object_component id="oc-75">
         <name>.debug_aranges</name>
         <load_address>0x110</load_address>
         <run_address>0x110</run_address>
         <size>0x30</size>
         <input_file_ref idref="fl-c7"/>
      </object_component>
      <object_component id="oc-38">
         <name>.debug_aranges</name>
         <load_address>0x140</load_address>
         <run_address>0x140</run_address>
         <size>0x20</size>
         <input_file_ref idref="fl-c8"/>
      </object_component>
      <object_component id="oc-50">
         <name>.debug_aranges</name>
         <load_address>0x160</load_address>
         <run_address>0x160</run_address>
         <size>0x28</size>
         <input_file_ref idref="fl-c9"/>
      </object_component>
      <object_component id="oc-5b">
         <name>.debug_aranges</name>
         <load_address>0x188</load_address>
         <run_address>0x188</run_address>
         <size>0x20</size>
         <input_file_ref idref="fl-ca"/>
      </object_component>
      <object_component id="oc-60">
         <name>.debug_aranges</name>
         <load_address>0x1a8</load_address>
         <run_address>0x1a8</run_address>
         <size>0x20</size>
         <input_file_ref idref="fl-cb"/>
      </object_component>
      <object_component id="oc-140">
         <name>.debug_aranges</name>
         <load_address>0x1c8</load_address>
         <run_address>0x1c8</run_address>
[...]
            <trampoline_call_site>
               <caller_address>0x3ac</caller_address>
               <caller_object_component_ref idref="oc-ab-67b3f8"/>
            </trampoline_call_site>
            <trampoline_call_site>
               <caller_address>0x3b6</caller_address>
               <caller_object_component_ref idref="oc-ab-67b3f8"/>
            </trampoline_call_site>
            <trampoline_call_site>
               <caller_address>0x3c2</caller_address>
               <caller_object_component_ref idref="oc-ab-67b3f8"/>
            </trampoline_call_site>
            <trampoline_call_site>
               <caller_address>0x3ce</caller_address>
               <caller_object_component_ref idref="oc-ab-67b3f8"/>
            </trampoline_call_site>
            <trampoline_call_site>
               <caller_address>0x3d8</caller_address>
               <caller_object_component_ref idref="oc-ab-67b3f8"/>
            </trampoline_call_site>
            <trampoline_call_site>
               <caller_address>0x3ea</caller_address>
               <caller_object_component_ref idref="oc-ab-67b3f8"/>
            </trampoline_call_site>
            <trampoline_call_site>
               <caller_address>0x3fc</caller_address>
               <caller_object_component_ref idref="oc-ab-67b3f8"/>
            </trampoline_call_site>
            <trampoline_call_site>
               <caller_address>0x41a</caller_address>
               <caller_object_component_ref idref="oc-ab-67b3f8"/>
            </trampoline_call_site>
            <trampoline_call_site>
               <caller_address>0x448</caller_address>
               <caller_object_component_ref idref="oc-ab-67b3f8"/>
            </trampoline_call_site>
            <trampoline_call_site>
               <caller_address>0x468</caller_address>
               <caller_object_component_ref idref="oc-ab-67b3f8"/>
            </trampoline_call_site>
         </caller_list>
      </far_call_trampoline>
      <far_call_trampoline>
         <callee_name>GPIOPinTypeGPIOOutput</callee_name>
         <callee_addr>0xffc</callee_addr>
         <trampoline_object_component_ref idref="oc-1d0"/>
         <trampoline_address>0xbd8</trampoline_address>
         <caller_list>
            <trampoline_call_site>
               <caller_address>0x2a6</caller_address>
               <caller_object_component_ref idref="oc-ab-67b3f8"/>
            </trampoline_call_site>
            <trampoline_call_site>
               <caller_address>0x2ae</caller_address>
               <caller_object_component_ref idref="oc-ab-67b3f8"/>
            </trampoline_call_site>
            <trampoline_call_site>
               <caller_address>0x2b6</caller_address>
               <caller_object_component_ref idref="oc-ab-67b3f8"/>
            </trampoline_call_site>
            <trampoline_call_site>
               <caller_address>0x2be</caller_address>
               <caller_object_component_ref idref="oc-ab-67b3f8"/>
            </trampoline_call_site>
            <trampoline_call_site>
               <caller_address>0x2c6</caller_address>
               <caller_object_component_ref idref="oc-ab-67b3f8"/>
            </trampoline_call_site>
            <trampoline_call_site>
               <caller_address>0x2ce</caller_address>
               <caller_object_component_ref idref="oc-ab-67b3f8"/>
            </trampoline_call_site>
         </caller_list>
      </far_call_trampoline>
      <far_call_trampoline>
         <callee_name>SysCtlPeripheralEnable</callee_name>
         <callee_addr>0xfb0</callee_addr>
         <trampoline_object_component_ref idref="oc-1cf"/>
         <trampoline_address>0xbe0</trampoline_address>
         <caller_list>
            <trampoline_call_site>
               <caller_address>0x276</caller_address>
               <caller_object_component_ref idref="oc-ab-67b3f8"/>
            </trampoline_call_site>
            <trampoline_call_site>
               <caller_address>0x27c</caller_address>
               <caller_object_component_ref idref="oc-ab-67b3f8"/>
            </trampoline_call_site>
            <trampoline_call_site>
               <caller_address>0x282</caller_address>
               <caller_object_component_ref idref="oc-ab-67b3f8"/>
            </trampoline_call_site>
            <trampoline_call_site>
               <caller_address>0x288</caller_address>
               <caller_object_component_ref idref="oc-ab-67b3f8"/>
            </trampoline_call_site>
            <trampoline_call_site>
               <caller_address>0x28e</caller_address>
               <caller_object_component_ref idref="oc-ab-67b3f8"/>
            </trampoline_call_site>
            <trampoline_call_site>
               <caller_address>0x52e</caller_address>
               <caller_object_component_ref idref="oc-ab-67b3f8"/>
            </trampoline_call_site>
            <trampoline_call_site>
               <caller_address>0x534</caller_address>
               <caller_object_component_ref idref="oc-ab-67b3f8"/>
            </trampoline_call_site>
            <trampoline_call_site>
               <caller_address>0x53a</caller_address>
               <caller_object_component_ref idref="oc-ab-67b3f8"/>
            </trampoline_call_site>
         </caller_list>
      </far_call_trampoline>
      <far_call_trampoline>
         <callee_name>SysCtlClockSet</callee_name>
         <callee_addr>0xd28</callee_addr>
         <trampoline_object_component_ref idref="oc-1ce"/>
         <trampoline_address>0xbe8</trampoline_address>
         <caller_list>
            <trampoline_call_site>
               <caller_address>0x270</caller_address>
               <caller_object_component_ref idref="oc-ab-67b3f8"/>
            </trampoline_call_site>
         </caller_list>
      </far_call_trampoline>
      <far_call_trampoline>
         <callee_name>SysCtlDelay</callee_name>
         <callee_addr>0x105c</callee_addr>
         <trampoline_object_component_ref idref="oc-1db"/>
         <trampoline_address>0xe48</trampoline_address>
         <caller_list>
            <trampoline_call_site>
               <caller_address>0xe32</caller_address>
               <caller_object_component_ref idref="oc-d2-67b3f8"/>
            </trampoline_call_site>
         </caller_list>
      </far_call_trampoline>
   </far_call_trampoline_list>
   <trampoline_count>0xe</trampoline_count>
   <trampoline_call_count>0x45</trampoline_call_count>
   <symbol_table>
      <symbol id="sm-1">
         <name>__STACK_TOP</name>
         <value>0x20002218</value>
      </symbol>
      <symbol id="sm-2">
         <name>__TI_CINIT_Base</name>
         <value>0x1bac</value>
      </symbol>
      <symbol id="sm-3">
         <name>__TI_CINIT_Limit</name>
         <value>0x1bbc</value>
      </symbol>
      <symbol id="sm-4">
         <name>__TI_Handler_Table_Base</name>
         <value>0x1ba4</value>
      </symbol>
      <symbol id="sm-5">
         <name>__TI_Handler_Table_Limit</name>
         <value>0x1bac</value>
      </symbol>
      <symbol id="sm-6">
         <name>binit</name>
         <value>0xffffffff</value>
      </symbol>
      <symbol id="sm-7">
         <name>__binit__</name>
         <value>0xffffffff</value>
      </symbol>
      <symbol id="sm-8">
         <name>__STACK_SIZE</name>
         <value>0x200</value>
      </symbol>
      <symbol id="sm-9">
         <name>__STACK_END</name>
         <value>0x20002218</value>
      </symbol>
      <symbol id="sm-a">
         <name>__c_args__</name>
         <value>0xffffffff</value>
      </symbol>
      <symbol id="sm-b">
         <name>__TI_pprof_out_hndl</name>
         <value>0xffffffff</value>
      </symbol>
      <symbol id="sm-c">
         <name>__TI_prof_data_start</name>
         <value>0xffffffff</value>
      </symbol>
      <symbol id="sm-d">
         <name>__TI_prof_data_size</name>
         <value>0xffffffff</value>
      </symbol>
      <symbol id="sm-c6">
         <name>ui32ADC0Value</name>
         <value>0x20002218</value>
      </symbol>
      <symbol id="sm-c7">
         <name>ui32Avg1</name>
         <value>0x20002244</value>
      </symbol>
      <symbol id="sm-c8">
         <name>ui32Avg2</name>
         <value>0x20002248</value>
      </symbol>
      <symbol id="sm-c9">
         <name>ui32ADC1Value</name>
         <value>0x20002228</value>
      </symbol>
      <symbol id="sm-ca">
         <name>XValue</name>
         <value>0x20002238</value>
      </symbol>
      <symbol id="sm-cb">
         <name>delay</name>
         <value>0x20002240</value>
      </symbol>
      <symbol id="sm-cc">
         <name>count</name>
         <value>0x2000223c</value>
      </symbol>
      <symbol id="sm-cd">
         <name>one</name>
         <value>0x20000c00</value>
         <object_component_ref idref="oc-11b"/>
      </symbol>
      <symbol id="sm-ce">
         <name>six</name>
         <value>0x20001400</value>
         <object_component_ref idref="oc-12a"/>
      </symbol>
      <symbol id="sm-cf">
         <name>glcd_setcolumn</name>
         <value>0x435</value>
         <object_component_ref idref="oc-ab"/>
      </symbol>
      <symbol id="sm-d0">
         <name>eight</name>
         <value>0x20000000</value>
         <object_component_ref idref="oc-130"/>
      </symbol>
      <symbol id="sm-d1">
         <name>five</name>
         <value>0x20000400</value>
         <object_component_ref idref="oc-127"/>
      </symbol>
      <symbol id="sm-d2">
         <name>three</name>
         <value>0x20001800</value>
         <object_component_ref idref="oc-121"/>
      </symbol>
      <symbol id="sm-d3">
         <name>glcd_setpage</name>
         <value>0x3f1</value>
         <object_component_ref idref="oc-ab"/>
      </symbol>
      <symbol id="sm-d4">
         <name>two</name>
         <value>0x20001c00</value>
         <object_component_ref idref="oc-11e"/>
      </symbol>
      <symbol id="sm-d5">
         <name>glcd_init</name>
         <value>0x32f</value>
         <object_component_ref idref="oc-ab"/>
      </symbol>
      <symbol id="sm-d6">
         <name>glcd_cleardisplay</name>
         <value>0x487</value>
         <object_component_ref idref="oc-ab"/>
      </symbol>
      <symbol id="sm-d7">
         <name>main</name>
         <value>0x519</value>
         <object_component_ref idref="oc-ab"/>
      </symbol>
      <symbol id="sm-d8">
         <name>glcd_data</name>
         <value>0x397</value>
         <object_component_ref idref="oc-ab"/>
      </symbol>
      <symbol id="sm-d9">
         <name>seven</name>
         <value>0x20001000</value>
         <object_component_ref idref="oc-12d"/>
      </symbol>
      <symbol id="sm-da">
         <name>four</name>
         <value>0x20000800</value>
         <object_component_ref idref="oc-124"/>
      </symbol>
      <symbol id="sm-db">
         <name>setup</name>
         <value>0x26d</value>
         <object_component_ref idref="oc-ab"/>
      </symbol>
      <symbol id="sm-dc">
         <name>glcd_cmd</name>
         <value>0x2d5</value>
         <object_component_ref idref="oc-ab"/>
      </symbol>
      <symbol id="sm-fd">
         <name>ResetISR</name>
         <value>0xb73</value>
         <object_component_ref idref="oc-2b"/>
      </symbol>
      <symbol id="sm-fe">
         <name>g_pfnVectors</name>
         <value>0x0</value>
         <object_component_ref idref="oc-f"/>
      </symbol>
      <symbol id="sm-139">
         <name>ADCHardwareOversampleConfigure</name>
         <value>0x1033</value>
         <object_component_ref idref="oc-ea"/>
      </symbol>
      <symbol id="sm-13a">
         <name>ADCIntClear</name>
         <value>0x1053</value>
         <object_component_ref idref="oc-fe"/>
      </symbol>
      <symbol id="sm-13b">
         <name>ADCIntStatus</name>
         <value>0xf55</value>
         <object_component_ref idref="oc-108"/>
      </symbol>
      <symbol id="sm-13c">
         <name>ADCProcessorTrigger</name>
         <value>0x1019</value>
         <object_component_ref idref="oc-103"/>
      </symbol>
      <symbol id="sm-13d">
         <name>ADCSequenceConfigure</name>
         <value>0xeed</value>
         <object_component_ref idref="oc-ef"/>
      </symbol>
      <symbol id="sm-13e">
         <name>ADCSequenceDataGet</name>
         <value>0xfd9</value>
         <object_component_ref idref="oc-10d"/>
      </symbol>
      <symbol id="sm-13f">
         <name>ADCSequenceEnable</name>
         <value>0x1045</value>
         <object_component_ref idref="oc-f9"/>
      </symbol>
      <symbol id="sm-140">
         <name>ADCSequenceStepConfigure</name>
         <value>0xe51</value>
         <object_component_ref idref="oc-f4"/>
      </symbol>
      <symbol id="sm-16d">
         <name>GPIODirModeSet</name>
         <value>0xf89</value>
         <object_component_ref idref="oc-15b"/>
      </symbol>
      <symbol id="sm-16e">
         <name>GPIOPadConfigSet</name>
         <value>0xbf1</value>
         <object_component_ref idref="oc-156"/>
      </symbol>
      <symbol id="sm-16f">
         <name>GPIOPinTypeGPIOOutput</name>
         <value>0xffd</value>
         <object_component_ref idref="oc-dc"/>
      </symbol>
      <symbol id="sm-170">
         <name>GPIOPinWrite</name>
         <value>0x1063</value>
         <object_component_ref idref="oc-e1"/>
      </symbol>
      <symbol id="sm-192">
         <name>SysCtlDelay</name>
         <value>0x105d</value>
         <object_component_ref idref="oc-e6"/>
      </symbol>
      <symbol id="sm-193">
         <name>SysCtlClockSet</name>
         <value>0xd29</value>
         <object_component_ref idref="oc-d2"/>
      </symbol>
      <symbol id="sm-194">
         <name>SysCtlPeripheralEnable</name>
         <value>0xfb1</value>
         <object_component_ref idref="oc-d7"/>
      </symbol>
      <symbol id="sm-1af">
         <name>_c_int00</name>
         <value>0xa45</value>
         <object_component_ref idref="oc-24"/>
      </symbol>
      <symbol id="sm-1b0">
         <name>__stack</name>
         <value>0x20002018</value>
         <object_component_ref idref="oc-2a"/>
      </symbol>
      <symbol id="sm-1c7">
         <name>__TI_decompress_none</name>
         <value>0xb65</value>
         <object_component_ref idref="oc-12"/>
      </symbol>
      <symbol id="sm-1ef">
         <name>__TI_decompress_rle24</name>
         <value>0xb7f</value>
         <object_component_ref idref="oc-18"/>
      </symbol>
      <symbol id="sm-211">
         <name>C$$EXIT</name>
         <value>0xa99</value>
         <object_component_ref idref="oc-71"/>
      </symbol>
      <symbol id="sm-212">
         <name>abort</name>
         <value>0xa9d</value>
         <object_component_ref idref="oc-71"/>
      </symbol>
      <symbol id="sm-213">
         <name>exit</name>
         <value>0xaa5</value>
         <object_component_ref idref="oc-71"/>
      </symbol>
      <symbol id="sm-214">
         <name>__TI_dtors_ptr</name>
         <value>0x20002004</value>
         <object_component_ref idref="oc-b3"/>
      </symbol>
      <symbol id="sm-215">
         <name>__TI_cleanup_ptr</name>
         <value>0x20002000</value>
         <object_component_ref idref="oc-b3"/>
      </symbol>
      <symbol id="sm-216">
         <name>__TI_enable_exit_profile_output</name>
         <value>0x20002008</value>
         <object_component_ref idref="oc-b3"/>
      </symbol>
      <symbol id="sm-231">
         <name>memcpy</name>
         <value>0x851</value>
         <object_component_ref idref="oc-34"/>
      </symbol>
      <symbol id="sm-232">
         <name>__aeabi_memcpy</name>
         <value>0x851</value>
         <object_component_ref idref="oc-34"/>
      </symbol>
      <symbol id="sm-233">
         <name>__aeabi_memcpy8</name>
         <value>0x851</value>
         <object_component_ref idref="oc-34"/>
      </symbol>
      <symbol id="sm-234">
         <name>__aeabi_memcpy4</name>
         <value>0x851</value>
         <object_component_ref idref="oc-34"/>
      </symbol>
      <symbol id="sm-243">
         <name>__aeabi_memset</name>
         <value>0x8ef</value>
         <object_component_ref idref="oc-4d"/>
      </symbol>
      <symbol id="sm-244">
         <name>memset</name>
         <value>0x8f5</value>
         <object_component_ref idref="oc-4d"/>
      </symbol>
      <symbol id="sm-245">
         <name>__aeabi_memset8</name>
         <value>0x8ef</value>
         <object_component_ref idref="oc-4d"/>
      </symbol>
      <symbol id="sm-246">
         <name>__aeabi_memset4</name>
         <value>0x8ef</value>
         <object_component_ref idref="oc-4d"/>
      </symbol>
      <symbol id="sm-247">
         <name>__aeabi_memclr8</name>
         <value>0x8ed</value>
         <object_component_ref idref="oc-4d"/>
      </symbol>
      <symbol id="sm-248">
         <name>__aeabi_memclr4</name>
         <value>0x8ed</value>
         <object_component_ref idref="oc-4d"/>
      </symbol>
      <symbol id="sm-249">
         <name>__aeabi_memclr</name>
         <value>0x8ed</value>
         <object_component_ref idref="oc-4d"/>
      </symbol>
      <symbol id="sm-253">
         <name>__mpu_init</name>
         <value>0x967</value>
         <object_component_ref idref="oc-59"/>
      </symbol>
      <symbol id="sm-25d">
         <name>_system_pre_init</name>
         <value>0xb85</value>
         <object_component_ref idref="oc-5f"/>
      </symbol>
      <symbol id="sm-265">
         <name>main_func_sp</name>
         <value>0x20002014</value>
         <object_component_ref idref="oc-77"/>
      </symbol>
      <symbol id="sm-27e">
         <name>_nop</name>
         <value>0xb5f</value>
         <object_component_ref idref="oc-13d"/>
      </symbol>
      <symbol id="sm-27f">
         <name>_lock</name>
         <value>0x2000200c</value>
         <object_component_ref idref="oc-b6"/>
      </symbol>
      <symbol id="sm-280">
         <name>_unlock</name>
         <value>0x20002010</value>
         <object_component_ref idref="oc-b6"/>
      </symbol>
      <symbol id="sm-281">
         <name>_register_lock</name>
         <value>0xb57</value>
         <object_component_ref idref="oc-13d"/>
      </symbol>
      <symbol id="sm-282">
         <name>_register_unlock</name>
         <value>0xb51</value>
         <object_component_ref idref="oc-13d"/>
      </symbol>
      <symbol id="sm-296">
         <name>_args_main</name>
         <value>0xb39</value>
         <object_component_ref idref="oc-6b"/>
      </symbol>
      <symbol id="sm-2bb">
         <name>__TI_auto_init</name>
         <value>0x969</value>
         <object_component_ref idref="oc-65"/>
      </symbol>
      <symbol id="sm-2d5">
         <name>copy_in</name>
         <value>0xaed</value>
         <object_component_ref idref="oc-9d"/>
      </symbol>
      <symbol id="sm-2df">
         <name>_system_post_cinit</name>
         <value>0xa43</value>
         <object_component_ref idref="oc-a3"/>
      </symbol>
      <symbol id="sm-2e0">
         <name>__TI_static_base__</name>
         <value>0x0</value>
      </symbol>
      <symbol id="sm-2e5">
         <name>SHT$$INIT_ARRAY$$Limit</name>
         <value>0x0</value>
      </symbol>
      <symbol id="sm-2e6">
         <name>SHT$$INIT_ARRAY$$Base</name>
         <value>0x0</value>
      </symbol>
   </symbol_table>
   <title>Link successful</title>
</link_info>
