******************************************************************************
                  TI ARM Linker PC v15.12.1                    
******************************************************************************
>> Linked Tue Sep 20 06:06:51 2016

OUTPUT FILE NAME:   <lab5q3.out>
ENTRY POINT SYMBOL: "_c_int00"  address: 00000a45


MEMORY CONFIGURATION

         name            origin    length      used     unused   attr    fill
----------------------  --------  ---------  --------  --------  ----  --------
  FLASH                 00000000   00040000  00001bba  0003e446  R  X
  SRAM                  20000000   00008000  0000224c  00005db4  RW X


SEGMENT ALLOCATION MAP

run origin  load origin   length   init length attrs members
----------  ----------- ---------- ----------- ----- -------
00000000    00000000    00001bbc   00001bbc    r-x
  00000000    00000000    0000026c   0000026c    r-- .intvecs
  0000026c    0000026c    00000984   00000984    r-x .text
  00000bf0    00000bf0    00000138   00000138    r-x i.GPIOPadConfigSet
  00000d28    00000d28    00000128   00000128    r-x i.SysCtlClockSet
  00000e50    00000e50    0000009a   0000009a    r-x i.ADCSequenceStepConfigure
  00000eec    00000eec    00000068   00000068    r-x i.ADCSequenceConfigure
  00000f54    00000f54    00000034   00000034    r-x i.ADCIntStatus
  00000f88    00000f88    00000028   00000028    r-x i.GPIODirModeSet
  00000fb0    00000fb0    00000028   00000028    r-x i.SysCtlPeripheralEnable
  00000fd8    00000fd8    00000024   00000024    r-x i.ADCSequenceDataGet
  00000ffc    00000ffc    0000001c   0000001c    r-x i.GPIOPinTypeGPIOOutput
  00001018    00001018    0000001a   0000001a    r-x i.ADCProcessorTrigger
  00001032    00001032    00000012   00000012    r-x i.ADCHardwareOversampleConfigure
  00001044    00001044    0000000e   0000000e    r-x i.ADCSequenceEnable
  00001052    00001052    0000000a   0000000a    r-x i.ADCIntClear
  0000105c    0000105c    00000006   00000006    r-x .emb_text
  00001062    00001062    00000006   00000006    r-x i.GPIOPinWrite
  00001068    00001068    00000b54   00000b54    r-- .cinit
20000000    20000000    0000224c   00000000    rw-
  20000000    20000000    00002018   00000000    rw- .data
  20002018    20002018    00000200   00000000    rw- .stack
  20002218    20002218    00000034   00000000    rw- .bss


SECTION ALLOCATION MAP

 output                                  attributes/
section   page    origin      length       input sections
--------  ----  ----------  ----------   ----------------
.intvecs   0    00000000    0000026c     
                  00000000    0000026c     tm4c123gh6pm_startup_ccs.obj (.intvecs)

.text      0    0000026c    00000984     
                  0000026c    000005e4     main.obj (.text)
                  00000850    0000009c     rtsv7M4_T_le_v4SPD16_eabi.lib : memcpy_t2.obj (.text)
                  000008ec    0000007a                                   : memset_t2.obj (.text)
                  00000966    00000002                                   : mpu_init.obj (.text)
                  00000968    00000070                                   : autoinit.obj (.text)
                  000009d8    0000006a                                   : copy_decompress_rle.obj (.text)
                  00000a42    00000002                                   : startup.obj (.text)
                  00000a44    00000054                                   : boot.obj (.text)
                  00000a98    00000054                                   : exit.obj (.text)
                  00000aec    0000004c                                   : cpy_tbl.obj (.text)
                  00000b38    00000018                                   : args_main.obj (.text)
                  00000b50    00000014                                   : _lock.obj (.text)
                  00000b64    0000000e                                   : copy_decompress_none.obj (.text:decompress:none)
                  00000b72    0000000c     tm4c123gh6pm_startup_ccs.obj (.text)
                  00000b7e    00000006     rtsv7M4_T_le_v4SPD16_eabi.lib : copy_decompress_rle.obj (.text:decompress:rle24)
                  00000b84    00000004                                   : pre_init.obj (.text)
                  00000b88    00000008     driverlib.lib : adc.o (.tramp.ADCSequenceDataGet.1)
                  00000b90    00000008                   : adc.o (.tramp.ADCIntStatus.1)
                  00000b98    00000008                   : adc.o (.tramp.ADCProcessorTrigger.1)
                  00000ba0    00000008                   : adc.o (.tramp.ADCIntClear.1)
                  00000ba8    00000008                   : adc.o (.tramp.ADCSequenceEnable.1)
                  00000bb0    00000008                   : adc.o (.tramp.ADCSequenceStepConfigure.1)
                  00000bb8    00000008                   : adc.o (.tramp.ADCSequenceConfigure.1)
                  00000bc0    00000008                   : adc.o (.tramp.ADCHardwareOversampleConfigure.1)
                  00000bc8    00000008                   : sysctl.o (.tramp.SysCtlDelay.1)
                  00000bd0    00000008                   : gpio.o (.tramp.GPIOPinWrite.1)
                  00000bd8    00000008                   : gpio.o (.tramp.GPIOPinTypeGPIOOutput.1)
                  00000be0    00000008                   : sysctl.o (.tramp.SysCtlPeripheralEnable.1)
                  00000be8    00000008                   : sysctl.o (.tramp.SysCtlClockSet.1)

i.GPIOPadConfigSet 
*          0    00000bf0    00000138     
                  00000bf0    00000138     driverlib.lib : gpio.o (i.GPIOPadConfigSet)

i.SysCtlClockSet 
*          0    00000d28    00000128     
                  00000d28    00000120     driverlib.lib : sysctl.o (i.SysCtlClockSet)
                  00000e48    00000008                   : sysctl.o (.tramp.SysCtlDelay.2)

i.ADCSequenceStepConfigure 
*          0    00000e50    0000009a     
                  00000e50    0000009a     driverlib.lib : adc.o (i.ADCSequenceStepConfigure)

i.ADCSequenceConfigure 
*          0    00000eec    00000068     
                  00000eec    00000068     driverlib.lib : adc.o (i.ADCSequenceConfigure)

i.ADCIntStatus 
*          0    00000f54    00000034     
                  00000f54    00000034     driverlib.lib : adc.o (i.ADCIntStatus)

i.GPIODirModeSet 
*          0    00000f88    00000028     
                  00000f88    00000028     driverlib.lib : gpio.o (i.GPIODirModeSet)

i.SysCtlPeripheralEnable 
*          0    00000fb0    00000028     
                  00000fb0    00000028     driverlib.lib : sysctl.o (i.SysCtlPeripheralEnable)

i.ADCSequenceDataGet 
*          0    00000fd8    00000024     
                  00000fd8    00000024     driverlib.lib : adc.o (i.ADCSequenceDataGet)

i.GPIOPinTypeGPIOOutput 
*          0    00000ffc    0000001c     
                  00000ffc    0000001c     driverlib.lib : gpio.o (i.GPIOPinTypeGPIOOutput)

i.ADCProcessorTrigger 
*          0    00001018    0000001a     
                  00001018    0000001a     driverlib.lib : adc.o (i.ADCProcessorTrigger)

i.ADCHardwareOversampleConfigure 
*          0    00001032    00000012     
                  00001032    00000012     driverlib.lib : adc.o (i.ADCHardwareOversampleConfigure)

i.ADCSequenceEnable 
*          0    00001044    0000000e     
                  00001044    0000000e     driverlib.lib : adc.o (i.ADCSequenceEnable)

i.ADCIntClear 
*          0    00001052    0000000a     
                  00001052    0000000a     driverlib.lib : adc.o (i.ADCIntClear)

.emb_text 
*          0    0000105c    00000006     
                  0000105c    00000006     driverlib.lib : sysctl.o (.emb_text)

i.GPIOPinWrite 
*          0    00001062    00000006     
                  00001062    00000006     driverlib.lib : gpio.o (i.GPIOPinWrite)

.cinit     0    00001068    00000b54     
                  00001068    00000b2c     (.cinit..data.load) [load image, compression = rle]
                  00001b94    00000004     --HOLE-- [fill = 0]
                  00001b98    00000009     (.cinit..bss.load) [load image, compression = rle]
                  00001ba1    00000003     --HOLE-- [fill = 0]
                  00001ba4    00000008     (__TI_handler_table)
                  00001bac    00000010     (__TI_cinit_table)

.init_array 
*          0    00000000    00000000     UNINITIALIZED

.data      0    20000000    00002018     UNINITIALIZED
                  20000000    00000400     main.obj (.data:eight)
                  20000400    00000400     main.obj (.data:five)
                  20000800    00000400     main.obj (.data:four)
                  20000c00    00000400     main.obj (.data:one)
                  20001000    00000400     main.obj (.data:seven)
                  20001400    00000400     main.obj (.data:six)
                  20001800    00000400     main.obj (.data:three)
                  20001c00    00000400     main.obj (.data:two)
                  20002000    0000000c     rtsv7M4_T_le_v4SPD16_eabi.lib : exit.obj (.data:$O1$$)
                  2000200c    00000008                                   : _lock.obj (.data:$O1$$)
                  20002014    00000004                                   : stkdepth_vars.obj (.data)

.stack     0    20002018    00000200     UNINITIALIZED
                  20002018    00000200     --HOLE--

.bss       0    20002218    00000034     UNINITIALIZED
                  20002218    00000010     (.common:ui32ADC0Value)
                  20002228    00000010     (.common:ui32ADC1Value)
                  20002238    00000004     (.common:XValue)
                  2000223c    00000004     (.common:count)
                  20002240    00000004     (.common:delay)
                  20002244    00000004     (.common:ui32Avg1)
                  20002248    00000004     (.common:ui32Avg2)

MODULE SUMMARY

       Module                         code   ro data   rw data
       ------                         ----   -------   -------
    .\
       main.obj                       1508   0         8244   
       tm4c123gh6pm_startup_ccs.obj   12     620       0      
    +--+------------------------------+------+---------+---------+
       Total:                         1520   620       8244   
                                                              
    C:/ti/TivaWare_C_Series-2.1.3.156/driverlib/rvmdk/driverlib.lib
       adc.o                          478    0         0      
       gpio.o                         402    0         0      
       sysctl.o                       366    0         0      
    +--+------------------------------+------+---------+---------+
       Total:                         1246   0         0      
                                                              
    C:\ti\ccsv6\tools\compiler\ti-cgt-arm_15.12.1.LTS\lib\rtsv7M4_T_le_v4SPD16_eabi.lib
       memcpy_t2.obj                  156    0         0      
       memset_t2.obj                  122    0         0      
       autoinit.obj                   112    0         0      
       copy_decompress_rle.obj        112    0         0      
       exit.obj                       84     0         12     
       boot.obj                       84     0         0      
       cpy_tbl.obj                    76     0         0      
       _lock.obj                      20     0         8      
       args_main.obj                  24     0         0      
       copy_decompress_none.obj       14     0         0      
       pre_init.obj                   4      0         0      
       stkdepth_vars.obj              0      0         4      
       mpu_init.obj                   2      0         0      
       startup.obj                    2      0         0      
    +--+------------------------------+------+---------+---------+
       Total:                         812    0         24     
                                                              
       Stack:                         0      0         512    
       Linker Generated:              0      2893      0      
    +--+------------------------------+------+---------+---------+
       Grand Total:                   3578   3513      8780   


LINKER GENERATED COPY TABLES

__TI_cinit_table @ 00001bac records: 2, size/record: 8, table size: 16
	.data: load addr=00001068, load size=00000b2c bytes, run addr=20000000, run size=00002018 bytes, compression=rle
	.bss: load addr=00001b98, load size=00000009 bytes, run addr=20002218, run size=00000034 bytes, compression=rle


LINKER GENERATED HANDLER TABLE

__TI_handler_table @ 00001ba4 records: 2, size/record: 4, table size: 8
	index: 0, handler: __TI_decompress_rle24
	index: 1, handler: __TI_decompress_none


FAR CALL TRAMPOLINES

callee name               trampoline name
   callee addr  tramp addr   call addr  call info
--------------  -----------  ---------  ----------------
ADCSequenceDataGet        $Tramp$TT$S$$ADCSequenceDataGet
   00000fd9     00000b88     0000061e   main.obj (.text)
                             00000628   main.obj (.text)
ADCIntStatus              $Tramp$TT$S$$ADCIntStatus
   00000f55     00000b90     000005fc   main.obj (.text)
                             00000608   main.obj (.text)
ADCProcessorTrigger       $Tramp$TT$S$$ADCProcessorTrigger
   00001019     00000b98     000005ea   main.obj (.text)
                             000005f2   main.obj (.text)
ADCIntClear               $Tramp$TT$S$$ADCIntClear
   00001053     00000ba0     000005da   main.obj (.text)
                             000005e2   main.obj (.text)
ADCSequenceEnable         $Tramp$TT$S$$ADCSequenceEnable
   00001045     00000ba8     000005ca   main.obj (.text)
                             000005d2   main.obj (.text)
ADCSequenceStepConfigure  $Tramp$TT$S$$ADCSequenceStepConfigure
   00000e51     00000bb0     0000056e   main.obj (.text)
                             0000057a   main.obj (.text)
                             00000586   main.obj (.text)
                             00000592   main.obj (.text)
                             0000059e   main.obj (.text)
                             000005aa   main.obj (.text)
                             000005b6   main.obj (.text)
                             000005c2   main.obj (.text)
ADCSequenceConfigure      $Tramp$TT$S$$ADCSequenceConfigure
   00000eed     00000bb8     00000556   main.obj (.text)
                             00000562   main.obj (.text)
ADCHardwareOversampleConfigure  $Tramp$TT$S$$ADCHardwareOversampleConfigure
   00001033     00000bc0     00000542   main.obj (.text)
                             0000054a   main.obj (.text)
SysCtlDelay               $Tramp$TT$S$$SysCtlDelay
   0000105d     00000bc8     0000031e   main.obj (.text)
                             00000332   main.obj (.text)
                             00000342   main.obj (.text)
                             000003e0   main.obj (.text)
                             00000410   main.obj (.text)
                             0000042e   main.obj (.text)
                             0000045c   main.obj (.text)
                             00000480   main.obj (.text)
                             000007c8   main.obj (.text)
GPIOPinWrite              $Tramp$TT$S$$GPIOPinWrite
   00001063     00000bd0     000002e0   main.obj (.text)
                             000002ea   main.obj (.text)
                             000002f4   main.obj (.text)
                             00000300   main.obj (.text)
                             0000030c   main.obj (.text)
                             00000316   main.obj (.text)
                             00000328   main.obj (.text)
                             0000033c   main.obj (.text)
                             0000034c   main.obj (.text)
                             00000356   main.obj (.text)
                             00000378   main.obj (.text)
                             000003a2   main.obj (.text)
                             000003ac   main.obj (.text)
                             000003b6   main.obj (.text)
                             000003c2   main.obj (.text)
                             000003ce   main.obj (.text)
                             000003d8   main.obj (.text)
                             000003ea   main.obj (.text)
                             000003fc   main.obj (.text)
                             0000041a   main.obj (.text)
                             00000448   main.obj (.text)
                             00000468   main.obj (.text)
GPIOPinTypeGPIOOutput     $Tramp$TT$S$$GPIOPinTypeGPIOOutput
   00000ffd     00000bd8     000002a6   main.obj (.text)
                             000002ae   main.obj (.text)
                             000002b6   main.obj (.text)
                             000002be   main.obj (.text)
                             000002c6   main.obj (.text)
                             000002ce   main.obj (.text)
SysCtlPeripheralEnable    $Tramp$TT$S$$SysCtlPeripheralEnable
   00000fb1     00000be0     00000276   main.obj (.text)
                             0000027c   main.obj (.text)
                             00000282   main.obj (.text)
                             00000288   main.obj (.text)
                             0000028e   main.obj (.text)
                             0000052e   main.obj (.text)
                             00000534   main.obj (.text)
                             0000053a   main.obj (.text)
SysCtlClockSet            $Tramp$TT$S$$SysCtlClockSet
   00000d29     00000be8     00000270   main.obj (.text)
SysCtlDelay               $Tramp$TT$S$$SysCtlDelay
   0000105d     00000e48     00000e32   driverlib.lib : sysctl.o (i.SysCtlClockSet)

[14 trampolines]
[69 trampoline calls]


GLOBAL SYMBOLS: SORTED ALPHABETICALLY BY Name 

address   name                           
-------   ----                           
00001033  ADCHardwareOversampleConfigure 
00001053  ADCIntClear                    
00000f55  ADCIntStatus                   
00001019  ADCProcessorTrigger            
00000eed  ADCSequenceConfigure           
00000fd9  ADCSequenceDataGet             
00001045  ADCSequenceEnable              
00000e51  ADCSequenceStepConfigure       
00000a99  C$$EXIT                        
00000f89  GPIODirModeSet                 
00000bf1  GPIOPadConfigSet               
00000ffd  GPIOPinTypeGPIOOutput          
00001063  GPIOPinWrite                   
00000b73  ResetISR                       
UNDEFED   SHT$$INIT_ARRAY$$Base          
UNDEFED   SHT$$INIT_ARRAY$$Limit         
00000d29  SysCtlClockSet                 
0000105d  SysCtlDelay                    
00000fb1  SysCtlPeripheralEnable         
20002238  XValue                         
20002218  __STACK_END                    
00000200  __STACK_SIZE                   
20002218  __STACK_TOP                    
00001bac  __TI_CINIT_Base                
00001bbc  __TI_CINIT_Limit               
00001ba4  __TI_Handler_Table_Base        
00001bac  __TI_Handler_Table_Limit       
00000969  __TI_auto_init                 
20002000  __TI_cleanup_ptr               
00000b65  __TI_decompress_none           
00000b7f  __TI_decompress_rle24          
20002004  __TI_dtors_ptr                 
20002008  __TI_enable_exit_profile_output
ffffffff  __TI_pprof_out_hndl            
ffffffff  __TI_prof_data_size            
ffffffff  __TI_prof_data_start           
00000000  __TI_static_base__             
000008ed  __aeabi_memclr                 
000008ed  __aeabi_memclr4                
000008ed  __aeabi_memclr8                
00000851  __aeabi_memcpy                 
00000851  __aeabi_memcpy4                
00000851  __aeabi_memcpy8                
000008ef  __aeabi_memset                 
000008ef  __aeabi_memset4                
000008ef  __aeabi_memset8                
ffffffff  __binit__                      
ffffffff  __c_args__                     
00000967  __mpu_init                     
20002018  __stack                        
00000b39  _args_main                     
00000a45  _c_int00                       
2000200c  _lock                          
00000b5f  _nop                           
00000b57  _register_lock                 
00000b51  _register_unlock               
00000a43  _system_post_cinit             
00000b85  _system_pre_init               
20002010  _unlock                        
00000a9d  abort                          
ffffffff  binit                          
00000aed  copy_in                        
2000223c  count                          
20002240  delay                          
20000000  eight                          
00000aa5  exit                           
20000400  five                           
20000800  four                           
00000000  g_pfnVectors                   
00000487  glcd_cleardisplay              
000002d5  glcd_cmd                       
00000397  glcd_data                      
0000032f  glcd_init                      
00000435  glcd_setcolumn                 
000003f1  glcd_setpage                   
00000519  main                           
20002014  main_func_sp                   
00000851  memcpy                         
000008f5  memset                         
20000c00  one                            
0000026d  setup                          
20001000  seven                          
20001400  six                            
20001800  three                          
20001c00  two                            
20002218  ui32ADC0Value                  
20002228  ui32ADC1Value                  
20002244  ui32Avg1                       
20002248  ui32Avg2                       


GLOBAL SYMBOLS: SORTED BY Symbol Address 

address   name                           
-------   ----                           
00000000  __TI_static_base__             
00000000  g_pfnVectors                   
00000200  __STACK_SIZE                   
0000026d  setup                          
000002d5  glcd_cmd                       
0000032f  glcd_init                      
00000397  glcd_data                      
000003f1  glcd_setpage                   
00000435  glcd_setcolumn                 
00000487  glcd_cleardisplay              
00000519  main                           
00000851  __aeabi_memcpy                 
00000851  __aeabi_memcpy4                
00000851  __aeabi_memcpy8                
00000851  memcpy                         
000008ed  __aeabi_memclr                 
000008ed  __aeabi_memclr4                
000008ed  __aeabi_memclr8                
000008ef  __aeabi_memset                 
000008ef  __aeabi_memset4                
000008ef  __aeabi_memset8                
000008f5  memset                         
00000967  __mpu_init                     
00000969  __TI_auto_init                 
00000a43  _system_post_cinit             
00000a45  _c_int00                       
00000a99  C$$EXIT                        
00000a9d  abort                          
00000aa5  exit                           
00000aed  copy_in                        
00000b39  _args_main                     
00000b51  _register_unlock               
00000b57  _register_lock                 
00000b5f  _nop                           
00000b65  __TI_decompress_none           
00000b73  ResetISR                       
00000b7f  __TI_decompress_rle24          
00000b85  _system_pre_init               
00000bf1  GPIOPadConfigSet               
00000d29  SysCtlClockSet                 
00000e51  ADCSequenceStepConfigure       
00000eed  ADCSequenceConfigure           
00000f55  ADCIntStatus                   
00000f89  GPIODirModeSet                 
00000fb1  SysCtlPeripheralEnable         
00000fd9  ADCSequenceDataGet             
00000ffd  GPIOPinTypeGPIOOutput          
00001019  ADCProcessorTrigger            
00001033  ADCHardwareOversampleConfigure 
00001045  ADCSequenceEnable              
00001053  ADCIntClear                    
0000105d  SysCtlDelay                    
00001063  GPIOPinWrite                   
00001ba4  __TI_Handler_Table_Base        
00001bac  __TI_CINIT_Base                
00001bac  __TI_Handler_Table_Limit       
00001bbc  __TI_CINIT_Limit               
20000000  eight                          
20000400  five                           
20000800  four                           
20000c00  one                            
20001000  seven                          
20001400  six                            
20001800  three                          
20001c00  two                            
20002000  __TI_cleanup_ptr               
20002004  __TI_dtors_ptr                 
20002008  __TI_enable_exit_profile_output
2000200c  _lock                          
20002010  _unlock                        
20002014  main_func_sp                   
20002018  __stack                        
20002218  __STACK_END                    
20002218  __STACK_TOP                    
20002218  ui32ADC0Value                  
20002228  ui32ADC1Value                  
20002238  XValue                         
2000223c  count                          
20002240  delay                          
20002244  ui32Avg1                       
20002248  ui32Avg2                       
ffffffff  __TI_pprof_out_hndl            
ffffffff  __TI_prof_data_size            
ffffffff  __TI_prof_data_start           
ffffffff  __binit__                      
ffffffff  __c_args__                     
ffffffff  binit                          
UNDEFED   SHT$$INIT_ARRAY$$Base          
UNDEFED   SHT$$INIT_ARRAY$$Limit         

[89 symbols]
