******************************************************************************
                  TI ARM Linker PC v15.12.1                    
******************************************************************************
>> Linked Tue Aug 09 19:51:15 2016

OUTPUT FILE NAME:   <lab1_q1.out>
ENTRY POINT SYMBOL: "_c_int00"  address: 0000074d


MEMORY CONFIGURATION

         name            origin    length      used     unused   attr    fill
----------------------  --------  ---------  --------  --------  ----  --------
  FLASH                 00000000   00040000  00000954  0003f6ac  R  X
  SRAM                  20000000   00008000  00000218  00007de8  RW X


SEGMENT ALLOCATION MAP

run origin  load origin   length   init length attrs members
----------  ----------- ---------- ----------- ----- -------
00000000    00000000    00000958   00000958    r-x
  00000000    00000000    0000026c   0000026c    r-- .intvecs
  0000026c    0000026c    000006c0   000006c0    r-x .text
  00000930    00000930    00000028   00000028    r-- .cinit
20000000    20000000    00000218   00000000    rw-
  20000000    20000000    00000200   00000000    rw- .stack
  20000200    20000200    00000018   00000000    rw- .data


SECTION ALLOCATION MAP

 output                                  attributes/
section   page    origin      length       input sections
--------  ----  ----------  ----------   ----------------
.intvecs   0    00000000    0000026c     
                  00000000    0000026c     tm4c123gh6pm_startup_ccs.obj (.intvecs)

.text      0    0000026c    000006c0     
                  0000026c    00000132     driverlib.lib : gpio.obj (.text:GPIOPadConfigSet)
                  0000039e    00000002     rtsv7M4_T_le_v4SPD16_eabi.lib : mpu_init.obj (.text)
                  000003a0    000000f4     driverlib.lib : sysctl.obj (.text:SysCtlClockSet)
                  00000494    000000c4     main.obj (.text)
                  00000558    0000009c     rtsv7M4_T_le_v4SPD16_eabi.lib : memcpy_t2.obj (.text)
                  000005f4    0000007a                                   : memset_t2.obj (.text)
                  0000066e    00000002                                   : startup.obj (.text)
                  00000670    00000070                                   : autoinit.obj (.text)
                  000006e0    0000006a                                   : copy_decompress_rle.obj (.text)
                  0000074a    00000002     --HOLE-- [fill = 0]
                  0000074c    00000054                                   : boot.obj (.text)
                  000007a0    00000054                                   : exit.obj (.text)
                  000007f4    0000004c                                   : cpy_tbl.obj (.text)
                  00000840    00000034     driverlib.lib : sysctl.obj (.text:SysCtlPeripheralEnable)
                  00000874    0000002a                   : gpio.obj (.text:GPIODirModeSet)
                  0000089e    00000018                   : gpio.obj (.text:GPIOPinTypeGPIOOutput)
                  000008b6    00000002     --HOLE-- [fill = 0]
                  000008b8    00000018     rtsv7M4_T_le_v4SPD16_eabi.lib : args_main.obj (.text)
                  000008d0    00000014                                   : _lock.obj (.text)
                  000008e4    00000012     driverlib.lib : gpio.obj (.text:GPIOPinTypeGPIOInput)
                  000008f6    0000000e     rtsv7M4_T_le_v4SPD16_eabi.lib : copy_decompress_none.obj (.text:decompress:none)
                  00000904    0000000c     tm4c123gh6pm_startup_ccs.obj (.text)
                  00000910    00000006     driverlib.lib : gpio.obj (.text:GPIOPinRead)
                  00000916    00000006                   : gpio.obj (.text:GPIOPinWrite)
                  0000091c    00000006                   : sysctl.obj (.text:SysCtlDelay)
                  00000922    00000006     rtsv7M4_T_le_v4SPD16_eabi.lib : copy_decompress_rle.obj (.text:decompress:rle24)
                  00000928    00000004                                   : pre_init.obj (.text)

.cinit     0    00000930    00000028     
                  00000930    00000016     (.cinit..data.load) [load image, compression = rle]
                  00000946    00000002     --HOLE-- [fill = 0]
                  00000948    00000008     (__TI_handler_table)
                  00000950    00000008     (__TI_cinit_table)

.init_array 
*          0    00000000    00000000     UNINITIALIZED

.stack     0    20000000    00000200     UNINITIALIZED
                  20000000    00000200     --HOLE--

.data      0    20000200    00000018     UNINITIALIZED
                  20000200    0000000c     rtsv7M4_T_le_v4SPD16_eabi.lib : exit.obj (.data:$O1$$)
                  2000020c    00000008                                   : _lock.obj (.data:$O1$$)
                  20000214    00000004                                   : stkdepth_vars.obj (.data)

MODULE SUMMARY

       Module                         code   ro data   rw data
       ------                         ----   -------   -------
    .\
       tm4c123gh6pm_startup_ccs.obj   12     620       0      
       main.obj                       196    0         0      
    +--+------------------------------+------+---------+---------+
       Total:                         208    620       0      
                                                              
    C:/ti/TivaWare_C_Series-2.1.3.156/driverlib/ccs/Debug/driverlib.lib
       gpio.obj                       402    0         0      
       sysctl.obj                     302    0         0      
    +--+------------------------------+------+---------+---------+
       Total:                         704    0         0      
                                                              
    C:\ti\ccsv6\tools\compiler\ti-cgt-arm_15.12.1.LTS\lib\rtsv7M4_T_le_v4SPD16_eabi.lib
       memcpy_t2.obj                  156    0         0      
       memset_t2.obj                  122    0         0      
       autoinit.obj                   112    0         0      
       copy_decompress_rle.obj        112    0         0      
       exit.obj                       84     0         12     
       boot.obj                       84     0         0      
       cpy_tbl.obj                    76     0         0      
       _lock.obj                      20     0         8      
       args_main.obj                  24     0         0      
       copy_decompress_none.obj       14     0         0      
       pre_init.obj                   4      0         0      
       stkdepth_vars.obj              0      0         4      
       mpu_init.obj                   2      0         0      
       startup.obj                    2      0         0      
    +--+------------------------------+------+---------+---------+
       Total:                         812    0         24     
                                                              
       Stack:                         0      0         512    
       Linker Generated:              0      38        0      
    +--+------------------------------+------+---------+---------+
       Grand Total:                   1724   658       536    


LINKER GENERATED COPY TABLES

__TI_cinit_table @ 00000950 records: 1, size/record: 8, table size: 8
	.data: load addr=00000930, load size=00000016 bytes, run addr=20000200, run size=00000018 bytes, compression=rle


LINKER GENERATED HANDLER TABLE

__TI_handler_table @ 00000948 records: 2, size/record: 4, table size: 8
	index: 0, handler: __TI_decompress_rle24
	index: 1, handler: __TI_decompress_none


GLOBAL SYMBOLS: SORTED ALPHABETICALLY BY Name 

address   name                           
-------   ----                           
000007a1  C$$EXIT                        
00000875  GPIODirModeSet                 
0000026d  GPIOPadConfigSet               
00000911  GPIOPinRead                    
000008e5  GPIOPinTypeGPIOInput           
0000089f  GPIOPinTypeGPIOOutput          
00000917  GPIOPinWrite                   
00000905  ResetISR                       
UNDEFED   SHT$$INIT_ARRAY$$Base          
UNDEFED   SHT$$INIT_ARRAY$$Limit         
000003a1  SysCtlClockSet                 
0000091d  SysCtlDelay                    
00000841  SysCtlPeripheralEnable         
20000200  __STACK_END                    
00000200  __STACK_SIZE                   
20000200  __STACK_TOP                    
00000950  __TI_CINIT_Base                
00000958  __TI_CINIT_Limit               
00000948  __TI_Handler_Table_Base        
00000950  __TI_Handler_Table_Limit       
00000671  __TI_auto_init                 
20000200  __TI_cleanup_ptr               
000008f7  __TI_decompress_none           
00000923  __TI_decompress_rle24          
20000204  __TI_dtors_ptr                 
20000208  __TI_enable_exit_profile_output
ffffffff  __TI_pprof_out_hndl            
ffffffff  __TI_prof_data_size            
ffffffff  __TI_prof_data_start           
00000000  __TI_static_base__             
000005f5  __aeabi_memclr                 
000005f5  __aeabi_memclr4                
000005f5  __aeabi_memclr8                
00000559  __aeabi_memcpy                 
00000559  __aeabi_memcpy4                
00000559  __aeabi_memcpy8                
000005f7  __aeabi_memset                 
000005f7  __aeabi_memset4                
000005f7  __aeabi_memset8                
ffffffff  __binit__                      
ffffffff  __c_args__                     
0000039f  __mpu_init                     
20000000  __stack                        
000008b9  _args_main                     
0000074d  _c_int00                       
2000020c  _lock                          
000008df  _nop                           
000008d7  _register_lock                 
000008d1  _register_unlock               
0000066f  _system_post_cinit             
00000929  _system_pre_init               
20000210  _unlock                        
000007a5  abort                          
ffffffff  binit                          
000007f5  copy_in                        
000007ad  exit                           
00000000  g_pfnVectors                   
00000495  main                           
20000214  main_func_sp                   
00000559  memcpy                         
000005fd  memset                         


GLOBAL SYMBOLS: SORTED BY Symbol Address 

address   name                           
-------   ----                           
00000000  __TI_static_base__             
00000000  g_pfnVectors                   
00000200  __STACK_SIZE                   
0000026d  GPIOPadConfigSet               
0000039f  __mpu_init                     
000003a1  SysCtlClockSet                 
00000495  main                           
00000559  __aeabi_memcpy                 
00000559  __aeabi_memcpy4                
00000559  __aeabi_memcpy8                
00000559  memcpy                         
000005f5  __aeabi_memclr                 
000005f5  __aeabi_memclr4                
000005f5  __aeabi_memclr8                
000005f7  __aeabi_memset                 
000005f7  __aeabi_memset4                
000005f7  __aeabi_memset8                
000005fd  memset                         
0000066f  _system_post_cinit             
00000671  __TI_auto_init                 
0000074d  _c_int00                       
000007a1  C$$EXIT                        
000007a5  abort                          
000007ad  exit                           
000007f5  copy_in                        
00000841  SysCtlPeripheralEnable         
00000875  GPIODirModeSet                 
0000089f  GPIOPinTypeGPIOOutput          
000008b9  _args_main                     
000008d1  _register_unlock               
000008d7  _register_lock                 
000008df  _nop                           
000008e5  GPIOPinTypeGPIOInput           
000008f7  __TI_decompress_none           
00000905  ResetISR                       
00000911  GPIOPinRead                    
00000917  GPIOPinWrite                   
0000091d  SysCtlDelay                    
00000923  __TI_decompress_rle24          
00000929  _system_pre_init               
00000948  __TI_Handler_Table_Base        
00000950  __TI_CINIT_Base                
00000950  __TI_Handler_Table_Limit       
00000958  __TI_CINIT_Limit               
20000000  __stack                        
20000200  __STACK_END                    
20000200  __STACK_TOP                    
20000200  __TI_cleanup_ptr               
20000204  __TI_dtors_ptr                 
20000208  __TI_enable_exit_profile_output
2000020c  _lock                          
20000210  _unlock                        
20000214  main_func_sp                   
ffffffff  __TI_pprof_out_hndl            
ffffffff  __TI_prof_data_size            
ffffffff  __TI_prof_data_start           
ffffffff  __binit__                      
ffffffff  __c_args__                     
ffffffff  binit                          
UNDEFED   SHT$$INIT_ARRAY$$Base          
UNDEFED   SHT$$INIT_ARRAY$$Limit         

[61 symbols]
