******************************************************************************
                  TI ARM Linker PC v15.12.1                    
******************************************************************************
>> Linked Sat Aug 20 02:49:03 2016

OUTPUT FILE NAME:   <lab1_swstatus.out>
ENTRY POINT SYMBOL: "_c_int00"  address: 00000b35


MEMORY CONFIGURATION

         name            origin    length      used     unused   attr    fill
----------------------  --------  ---------  --------  --------  ----  --------
  FLASH                 00000000   00040000  00000ee8  0003f118  R  X
  SRAM                  20000000   00008000  0000021c  00007de4  RW X


SEGMENT ALLOCATION MAP

run origin  load origin   length   init length attrs members
----------  ----------- ---------- ----------- ----- -------
00000000    00000000    00000eec   00000eec    r-x
  00000000    00000000    0000026c   0000026c    r-- .intvecs
  0000026c    0000026c    00000b54   00000b54    r-x .text
  00000dc0    00000dc0    000000fc   000000fc    r-- .const
  00000ec0    00000ec0    0000002c   0000002c    r-- .cinit
20000000    20000000    0000021c   00000000    rw-
  20000000    20000000    00000200   00000000    rw- .stack
  20000200    20000200    0000001c   00000000    rw- .data


SECTION ALLOCATION MAP

 output                                  attributes/
section   page    origin      length       input sections
--------  ----  ----------  ----------   ----------------
.intvecs   0    00000000    0000026c     
                  00000000    0000026c     tm4c123gh6pm_startup_ccs.obj (.intvecs)

.text      0    0000026c    00000b54     
                  0000026c    0000039c     lab2_1.obj (.text)
                  00000608    00000132     driverlib.lib : gpio.obj (.text:GPIOPadConfigSet)
                  0000073a    00000002     rtsv7M4_T_le_v4SPD16_eabi.lib : mpu_init.obj (.text)
                  0000073c    00000110     driverlib.lib : sysctl.obj (.text:SysCtlClockGet)
                  0000084c    000000f4                   : sysctl.obj (.text:SysCtlClockSet)
                  00000940    0000009c     rtsv7M4_T_le_v4SPD16_eabi.lib : memcpy_t2.obj (.text)
                  000009dc    0000007a                                   : memset_t2.obj (.text)
                  00000a56    00000002                                   : startup.obj (.text)
                  00000a58    00000070                                   : autoinit.obj (.text)
                  00000ac8    0000006a                                   : copy_decompress_rle.obj (.text)
                  00000b32    00000002     --HOLE-- [fill = 0]
                  00000b34    00000054                                   : boot.obj (.text)
                  00000b88    00000054                                   : exit.obj (.text)
                  00000bdc    0000004c                                   : cpy_tbl.obj (.text)
                  00000c28    00000048     driverlib.lib : gpio.obj (.text:GPIOPinConfigure)
                  00000c70    00000034                   : sysctl.obj (.text:SysCtlPeripheralEnable)
                  00000ca4    0000002a                   : gpio.obj (.text:GPIODirModeSet)
                  00000cce    00000022                   : pwm.obj (.text:PWMGenConfigure)
                  00000cf0    0000001e                   : pwm.obj (.text:PWMPulseWidthSet)
                  00000d0e    00000002     --HOLE-- [fill = 0]
                  00000d10    00000018     rtsv7M4_T_le_v4SPD16_eabi.lib : args_main.obj (.text)
                  00000d28    00000014     driverlib.lib : sysctl.obj (.text:SysCtlPWMClockSet)
                  00000d3c    00000014     rtsv7M4_T_le_v4SPD16_eabi.lib : _lock.obj (.text)
                  00000d50    00000012     driverlib.lib : gpio.obj (.text:GPIOPinTypePWM)
                  00000d62    00000012                   : pwm.obj (.text:PWMOutputState)
                  00000d74    00000010                   : pwm.obj (.text:PWMGenPeriodSet)
                  00000d84    0000000e     rtsv7M4_T_le_v4SPD16_eabi.lib : copy_decompress_none.obj (.text:decompress:none)
                  00000d92    0000000c     driverlib.lib : pwm.obj (.text:PWMGenEnable)
                  00000d9e    0000000c     tm4c123gh6pm_startup_ccs.obj (.text)
                  00000daa    00000006     driverlib.lib : gpio.obj (.text:GPIOPinRead)
                  00000db0    00000006                   : sysctl.obj (.text:SysCtlDelay)
                  00000db6    00000006     rtsv7M4_T_le_v4SPD16_eabi.lib : copy_decompress_rle.obj (.text:decompress:rle24)
                  00000dbc    00000004                                   : pre_init.obj (.text)

.const     0    00000dc0    000000fc     
                  00000dc0    00000090     driverlib.lib : gpio.obj (.const:g_pui32GPIOBaseAddrs)
                  00000e50    0000006c                   : sysctl.obj (.const:g_pui32Xtals)

.cinit     0    00000ec0    0000002c     
                  00000ec0    0000001a     (.cinit..data.load) [load image, compression = rle]
                  00000eda    00000002     --HOLE-- [fill = 0]
                  00000edc    00000008     (__TI_handler_table)
                  00000ee4    00000008     (__TI_cinit_table)

.init_array 
*          0    00000000    00000000     UNINITIALIZED

.stack     0    20000000    00000200     UNINITIALIZED
                  20000000    00000200     --HOLE--

.data      0    20000200    0000001c     UNINITIALIZED
                  20000200    0000000c     rtsv7M4_T_le_v4SPD16_eabi.lib : exit.obj (.data:$O1$$)
                  2000020c    00000008                                   : _lock.obj (.data:$O1$$)
                  20000214    00000004     lab2_1.obj (.data)
                  20000218    00000004     rtsv7M4_T_le_v4SPD16_eabi.lib : stkdepth_vars.obj (.data)

MODULE SUMMARY

       Module                         code   ro data   rw data
       ------                         ----   -------   -------
    .\
       lab2_1.obj                     924    0         4      
       tm4c123gh6pm_startup_ccs.obj   12     620       0      
    +--+------------------------------+------+---------+---------+
       Total:                         936    620       4      
                                                              
    C:/ti/TivaWare_C_Series-2.1.3.156/driverlib/ccs/Debug/driverlib.lib
       sysctl.obj                     594    108       0      
       gpio.obj                       444    144       0      
       pwm.obj                        110    0         0      
    +--+------------------------------+------+---------+---------+
       Total:                         1148   252       0      
                                                              
    C:\ti\ccsv6\tools\compiler\ti-cgt-arm_15.12.1.LTS\lib\rtsv7M4_T_le_v4SPD16_eabi.lib
       memcpy_t2.obj                  156    0         0      
       memset_t2.obj                  122    0         0      
       autoinit.obj                   112    0         0      
       copy_decompress_rle.obj        112    0         0      
       exit.obj                       84     0         12     
       boot.obj                       84     0         0      
       cpy_tbl.obj                    76     0         0      
       _lock.obj                      20     0         8      
       args_main.obj                  24     0         0      
       copy_decompress_none.obj       14     0         0      
       pre_init.obj                   4      0         0      
       stkdepth_vars.obj              0      0         4      
       mpu_init.obj                   2      0         0      
       startup.obj                    2      0         0      
    +--+------------------------------+------+---------+---------+
       Total:                         812    0         24     
                                                              
       Stack:                         0      0         512    
       Linker Generated:              0      42        0      
    +--+------------------------------+------+---------+---------+
       Grand Total:                   2896   914       540    


LINKER GENERATED COPY TABLES

__TI_cinit_table @ 00000ee4 records: 1, size/record: 8, table size: 8
	.data: load addr=00000ec0, load size=0000001a bytes, run addr=20000200, run size=0000001c bytes, compression=rle


LINKER GENERATED HANDLER TABLE

__TI_handler_table @ 00000edc records: 2, size/record: 4, table size: 8
	index: 0, handler: __TI_decompress_rle24
	index: 1, handler: __TI_decompress_none


GLOBAL SYMBOLS: SORTED ALPHABETICALLY BY Name 

address   name                           
-------   ----                           
00000b89  C$$EXIT                        
00000ca5  GPIODirModeSet                 
00000609  GPIOPadConfigSet               
00000c29  GPIOPinConfigure               
00000dab  GPIOPinRead                    
00000d51  GPIOPinTypePWM                 
00000ccf  PWMGenConfigure                
00000d93  PWMGenEnable                   
00000d75  PWMGenPeriodSet                
00000d63  PWMOutputState                 
00000cf1  PWMPulseWidthSet               
00000d9f  ResetISR                       
UNDEFED   SHT$$INIT_ARRAY$$Base          
UNDEFED   SHT$$INIT_ARRAY$$Limit         
0000073d  SysCtlClockGet                 
0000084d  SysCtlClockSet                 
00000db1  SysCtlDelay                    
00000d29  SysCtlPWMClockSet              
00000c71  SysCtlPeripheralEnable         
20000200  __STACK_END                    
00000200  __STACK_SIZE                   
20000200  __STACK_TOP                    
00000ee4  __TI_CINIT_Base                
00000eec  __TI_CINIT_Limit               
00000edc  __TI_Handler_Table_Base        
00000ee4  __TI_Handler_Table_Limit       
00000a59  __TI_auto_init                 
20000200  __TI_cleanup_ptr               
00000d85  __TI_decompress_none           
00000db7  __TI_decompress_rle24          
20000204  __TI_dtors_ptr                 
20000208  __TI_enable_exit_profile_output
ffffffff  __TI_pprof_out_hndl            
ffffffff  __TI_prof_data_size            
ffffffff  __TI_prof_data_start           
00000000  __TI_static_base__             
000009dd  __aeabi_memclr                 
000009dd  __aeabi_memclr4                
000009dd  __aeabi_memclr8                
00000941  __aeabi_memcpy                 
00000941  __aeabi_memcpy4                
00000941  __aeabi_memcpy8                
000009df  __aeabi_memset                 
000009df  __aeabi_memset4                
000009df  __aeabi_memset8                
ffffffff  __binit__                      
ffffffff  __c_args__                     
0000073b  __mpu_init                     
20000000  __stack                        
00000d11  _args_main                     
00000b35  _c_int00                       
2000020c  _lock                          
00000d4b  _nop                           
00000d43  _register_lock                 
00000d3d  _register_unlock               
00000a57  _system_post_cinit             
00000dbd  _system_pre_init               
20000210  _unlock                        
00000b8d  abort                          
ffffffff  binit                          
000005a5  check_button                   
00000bdd  copy_in                        
00000b95  exit                           
00000000  g_pfnVectors                   
0000026d  main                           
20000218  main_func_sp                   
00000941  memcpy                         
000009e5  memset                         
UNDEFED   pin4Int                        
20000214  time                           


GLOBAL SYMBOLS: SORTED BY Symbol Address 

address   name                           
-------   ----                           
00000000  __TI_static_base__             
00000000  g_pfnVectors                   
00000200  __STACK_SIZE                   
0000026d  main                           
000005a5  check_button                   
00000609  GPIOPadConfigSet               
0000073b  __mpu_init                     
0000073d  SysCtlClockGet                 
0000084d  SysCtlClockSet                 
00000941  __aeabi_memcpy                 
00000941  __aeabi_memcpy4                
00000941  __aeabi_memcpy8                
00000941  memcpy                         
000009dd  __aeabi_memclr                 
000009dd  __aeabi_memclr4                
000009dd  __aeabi_memclr8                
000009df  __aeabi_memset                 
000009df  __aeabi_memset4                
000009df  __aeabi_memset8                
000009e5  memset                         
00000a57  _system_post_cinit             
00000a59  __TI_auto_init                 
00000b35  _c_int00                       
00000b89  C$$EXIT                        
00000b8d  abort                          
00000b95  exit                           
00000bdd  copy_in                        
00000c29  GPIOPinConfigure               
00000c71  SysCtlPeripheralEnable         
00000ca5  GPIODirModeSet                 
00000ccf  PWMGenConfigure                
00000cf1  PWMPulseWidthSet               
00000d11  _args_main                     
00000d29  SysCtlPWMClockSet              
00000d3d  _register_unlock               
00000d43  _register_lock                 
00000d4b  _nop                           
00000d51  GPIOPinTypePWM                 
00000d63  PWMOutputState                 
00000d75  PWMGenPeriodSet                
00000d85  __TI_decompress_none           
00000d93  PWMGenEnable                   
00000d9f  ResetISR                       
00000dab  GPIOPinRead                    
00000db1  SysCtlDelay                    
00000db7  __TI_decompress_rle24          
00000dbd  _system_pre_init               
00000edc  __TI_Handler_Table_Base        
00000ee4  __TI_CINIT_Base                
00000ee4  __TI_Handler_Table_Limit       
00000eec  __TI_CINIT_Limit               
20000000  __stack                        
20000200  __STACK_END                    
20000200  __STACK_TOP                    
20000200  __TI_cleanup_ptr               
20000204  __TI_dtors_ptr                 
20000208  __TI_enable_exit_profile_output
2000020c  _lock                          
20000210  _unlock                        
20000214  time                           
20000218  main_func_sp                   
ffffffff  __TI_pprof_out_hndl            
ffffffff  __TI_prof_data_size            
ffffffff  __TI_prof_data_start           
ffffffff  __binit__                      
ffffffff  __c_args__                     
ffffffff  binit                          
UNDEFED   SHT$$INIT_ARRAY$$Base          
UNDEFED   SHT$$INIT_ARRAY$$Limit         
UNDEFED   pin4Int                        

[70 symbols]
