******************************************************************************
                  TI ARM Linker PC v15.12.1                    
******************************************************************************
>> Linked Tue Aug 16 16:08:36 2016

OUTPUT FILE NAME:   <lab1.out>
ENTRY POINT SYMBOL: "_c_int00"  address: 0000082d


MEMORY CONFIGURATION

         name            origin    length      used     unused   attr    fill
----------------------  --------  ---------  --------  --------  ----  --------
  FLASH                 00000000   00040000  00000a34  0003f5cc  R  X
  SRAM                  20000000   00008000  00000218  00007de8  RW X


SEGMENT ALLOCATION MAP

run origin  load origin   length   init length attrs members
----------  ----------- ---------- ----------- ----- -------
00000000    00000000    00000a38   00000a38    r-x
  00000000    00000000    0000026c   0000026c    r-- .intvecs
  0000026c    0000026c    000007a0   000007a0    r-x .text
  00000a10    00000a10    00000028   00000028    r-- .cinit
20000000    20000000    00000218   00000000    rw-
  20000000    20000000    00000200   00000000    rw- .stack
  20000200    20000200    00000018   00000000    rw- .data


SECTION ALLOCATION MAP

 output                                  attributes/
section   page    origin      length       input sections
--------  ----  ----------  ----------   ----------------
.intvecs   0    00000000    0000026c     
                  00000000    0000026c     tm4c123gh6pm_startup_ccs.obj (.intvecs)

.text      0    0000026c    000007a0     
                  0000026c    000001a4     lab-0.obj (.text)
                  00000410    00000132     driverlib.lib : gpio.obj (.text:GPIOPadConfigSet)
                  00000542    00000002     rtsv7M4_T_le_v4SPD16_eabi.lib : mpu_init.obj (.text)
                  00000544    000000f4     driverlib.lib : sysctl.obj (.text:SysCtlClockSet)
                  00000638    0000009c     rtsv7M4_T_le_v4SPD16_eabi.lib : memcpy_t2.obj (.text)
                  000006d4    0000007a                                   : memset_t2.obj (.text)
                  0000074e    00000002                                   : startup.obj (.text)
                  00000750    00000070                                   : autoinit.obj (.text)
                  000007c0    0000006a                                   : copy_decompress_rle.obj (.text)
                  0000082a    00000002     --HOLE-- [fill = 0]
                  0000082c    00000054                                   : boot.obj (.text)
                  00000880    00000054                                   : exit.obj (.text)
                  000008d4    0000004c                                   : cpy_tbl.obj (.text)
                  00000920    00000034     driverlib.lib : sysctl.obj (.text:SysCtlPeripheralEnable)
                  00000954    0000002a                   : gpio.obj (.text:GPIODirModeSet)
                  0000097e    00000018                   : gpio.obj (.text:GPIOPinTypeGPIOOutput)
                  00000996    00000002     --HOLE-- [fill = 0]
                  00000998    00000018     rtsv7M4_T_le_v4SPD16_eabi.lib : args_main.obj (.text)
                  000009b0    00000014                                   : _lock.obj (.text)
                  000009c4    00000012     driverlib.lib : gpio.obj (.text:GPIOPinTypeGPIOInput)
                  000009d6    0000000e     rtsv7M4_T_le_v4SPD16_eabi.lib : copy_decompress_none.obj (.text:decompress:none)
                  000009e4    0000000c     tm4c123gh6pm_startup_ccs.obj (.text)
                  000009f0    00000006     driverlib.lib : gpio.obj (.text:GPIOPinRead)
                  000009f6    00000006                   : gpio.obj (.text:GPIOPinWrite)
                  000009fc    00000006                   : sysctl.obj (.text:SysCtlDelay)
                  00000a02    00000006     rtsv7M4_T_le_v4SPD16_eabi.lib : copy_decompress_rle.obj (.text:decompress:rle24)
                  00000a08    00000004                                   : pre_init.obj (.text)

.cinit     0    00000a10    00000028     
                  00000a10    00000016     (.cinit..data.load) [load image, compression = rle]
                  00000a26    00000002     --HOLE-- [fill = 0]
                  00000a28    00000008     (__TI_handler_table)
                  00000a30    00000008     (__TI_cinit_table)

.init_array 
*          0    00000000    00000000     UNINITIALIZED

.stack     0    20000000    00000200     UNINITIALIZED
                  20000000    00000200     --HOLE--

.data      0    20000200    00000018     UNINITIALIZED
                  20000200    0000000c     rtsv7M4_T_le_v4SPD16_eabi.lib : exit.obj (.data:$O1$$)
                  2000020c    00000008                                   : _lock.obj (.data:$O1$$)
                  20000214    00000004                                   : stkdepth_vars.obj (.data)

MODULE SUMMARY

       Module                         code   ro data   rw data
       ------                         ----   -------   -------
    .\
       tm4c123gh6pm_startup_ccs.obj   12     620       0      
       lab-0.obj                      420    0         0      
    +--+------------------------------+------+---------+---------+
       Total:                         432    620       0      
                                                              
    C:/ti/TivaWare_C_Series-2.1.3.156/driverlib/ccs/Debug/driverlib.lib
       gpio.obj                       402    0         0      
       sysctl.obj                     302    0         0      
    +--+------------------------------+------+---------+---------+
       Total:                         704    0         0      
                                                              
    C:\ti\ccsv6\tools\compiler\ti-cgt-arm_15.12.1.LTS\lib\rtsv7M4_T_le_v4SPD16_eabi.lib
       memcpy_t2.obj                  156    0         0      
       memset_t2.obj                  122    0         0      
       autoinit.obj                   112    0         0      
       copy_decompress_rle.obj        112    0         0      
       exit.obj                       84     0         12     
       boot.obj                       84     0         0      
       cpy_tbl.obj                    76     0         0      
       _lock.obj                      20     0         8      
       args_main.obj                  24     0         0      
       copy_decompress_none.obj       14     0         0      
       pre_init.obj                   4      0         0      
       stkdepth_vars.obj              0      0         4      
       mpu_init.obj                   2      0         0      
       startup.obj                    2      0         0      
    +--+------------------------------+------+---------+---------+
       Total:                         812    0         24     
                                                              
       Stack:                         0      0         512    
       Linker Generated:              0      38        0      
    +--+------------------------------+------+---------+---------+
       Grand Total:                   1948   658       536    


LINKER GENERATED COPY TABLES

__TI_cinit_table @ 00000a30 records: 1, size/record: 8, table size: 8
	.data: load addr=00000a10, load size=00000016 bytes, run addr=20000200, run size=00000018 bytes, compression=rle


LINKER GENERATED HANDLER TABLE

__TI_handler_table @ 00000a28 records: 2, size/record: 4, table size: 8
	index: 0, handler: __TI_decompress_rle24
	index: 1, handler: __TI_decompress_none


GLOBAL SYMBOLS: SORTED ALPHABETICALLY BY Name 

address   name                           
-------   ----                           
00000881  C$$EXIT                        
00000955  GPIODirModeSet                 
00000411  GPIOPadConfigSet               
000009f1  GPIOPinRead                    
000009c5  GPIOPinTypeGPIOInput           
0000097f  GPIOPinTypeGPIOOutput          
000009f7  GPIOPinWrite                   
000009e5  ResetISR                       
UNDEFED   SHT$$INIT_ARRAY$$Base          
UNDEFED   SHT$$INIT_ARRAY$$Limit         
00000545  SysCtlClockSet                 
000009fd  SysCtlDelay                    
00000921  SysCtlPeripheralEnable         
20000200  __STACK_END                    
00000200  __STACK_SIZE                   
20000200  __STACK_TOP                    
00000a30  __TI_CINIT_Base                
00000a38  __TI_CINIT_Limit               
00000a28  __TI_Handler_Table_Base        
00000a30  __TI_Handler_Table_Limit       
00000751  __TI_auto_init                 
20000200  __TI_cleanup_ptr               
000009d7  __TI_decompress_none           
00000a03  __TI_decompress_rle24          
20000204  __TI_dtors_ptr                 
20000208  __TI_enable_exit_profile_output
ffffffff  __TI_pprof_out_hndl            
ffffffff  __TI_prof_data_size            
ffffffff  __TI_prof_data_start           
00000000  __TI_static_base__             
000006d5  __aeabi_memclr                 
000006d5  __aeabi_memclr4                
000006d5  __aeabi_memclr8                
00000639  __aeabi_memcpy                 
00000639  __aeabi_memcpy4                
00000639  __aeabi_memcpy8                
000006d7  __aeabi_memset                 
000006d7  __aeabi_memset4                
000006d7  __aeabi_memset8                
ffffffff  __binit__                      
ffffffff  __c_args__                     
00000543  __mpu_init                     
20000000  __stack                        
00000999  _args_main                     
0000082d  _c_int00                       
2000020c  _lock                          
000009bf  _nop                           
000009b7  _register_lock                 
000009b1  _register_unlock               
0000074f  _system_post_cinit             
00000a09  _system_pre_init               
20000210  _unlock                        
00000885  abort                          
ffffffff  binit                          
000008d5  copy_in                        
0000088d  exit                           
00000000  g_pfnVectors                   
0000026d  main                           
20000214  main_func_sp                   
00000639  memcpy                         
000006dd  memset                         


GLOBAL SYMBOLS: SORTED BY Symbol Address 

address   name                           
-------   ----                           
00000000  __TI_static_base__             
00000000  g_pfnVectors                   
00000200  __STACK_SIZE                   
0000026d  main                           
00000411  GPIOPadConfigSet               
00000543  __mpu_init                     
00000545  SysCtlClockSet                 
00000639  __aeabi_memcpy                 
00000639  __aeabi_memcpy4                
00000639  __aeabi_memcpy8                
00000639  memcpy                         
000006d5  __aeabi_memclr                 
000006d5  __aeabi_memclr4                
000006d5  __aeabi_memclr8                
000006d7  __aeabi_memset                 
000006d7  __aeabi_memset4                
000006d7  __aeabi_memset8                
000006dd  memset                         
0000074f  _system_post_cinit             
00000751  __TI_auto_init                 
0000082d  _c_int00                       
00000881  C$$EXIT                        
00000885  abort                          
0000088d  exit                           
000008d5  copy_in                        
00000921  SysCtlPeripheralEnable         
00000955  GPIODirModeSet                 
0000097f  GPIOPinTypeGPIOOutput          
00000999  _args_main                     
000009b1  _register_unlock               
000009b7  _register_lock                 
000009bf  _nop                           
000009c5  GPIOPinTypeGPIOInput           
000009d7  __TI_decompress_none           
000009e5  ResetISR                       
000009f1  GPIOPinRead                    
000009f7  GPIOPinWrite                   
000009fd  SysCtlDelay                    
00000a03  __TI_decompress_rle24          
00000a09  _system_pre_init               
00000a28  __TI_Handler_Table_Base        
00000a30  __TI_CINIT_Base                
00000a30  __TI_Handler_Table_Limit       
00000a38  __TI_CINIT_Limit               
20000000  __stack                        
20000200  __STACK_END                    
20000200  __STACK_TOP                    
20000200  __TI_cleanup_ptr               
20000204  __TI_dtors_ptr                 
20000208  __TI_enable_exit_profile_output
2000020c  _lock                          
20000210  _unlock                        
20000214  main_func_sp                   
ffffffff  __TI_pprof_out_hndl            
ffffffff  __TI_prof_data_size            
ffffffff  __TI_prof_data_start           
ffffffff  __binit__                      
ffffffff  __c_args__                     
ffffffff  binit                          
UNDEFED   SHT$$INIT_ARRAY$$Base          
UNDEFED   SHT$$INIT_ARRAY$$Limit         

[61 symbols]
