******************************************************************************
                  TI ARM Linker PC v15.12.1                    
******************************************************************************
>> Linked Tue Sep 20 17:02:49 2016

OUTPUT FILE NAME:   <labq2.out>
ENTRY POINT SYMBOL: "_c_int00"  address: 00000c0d


MEMORY CONFIGURATION

         name            origin    length      used     unused   attr    fill
----------------------  --------  ---------  --------  --------  ----  --------
  FLASH                 00000000   00040000  00000e9a  0003f166  R  X
  SRAM                  20000000   00008000  00000248  00007db8  RW X


SEGMENT ALLOCATION MAP

run origin  load origin   length   init length attrs members
----------  ----------- ---------- ----------- ----- -------
00000000    00000000    00000e9c   00000e9c    r-x
  00000000    00000000    0000026c   0000026c    r-- .intvecs
  0000026c    0000026c    00000bf2   00000bf2    r-x .text
  00000e60    00000e60    0000003c   0000003c    r-- .cinit
20000000    20000000    00000248   00000000    rw-
  20000000    20000000    00000200   00000000    rw- .stack
  20000200    20000200    00000030   00000000    rw- .bss
  20000230    20000230    00000018   00000000    rw- .data


SECTION ALLOCATION MAP

 output                                  attributes/
section   page    origin      length       input sections
--------  ----  ----------  ----------   ----------------
.intvecs   0    00000000    0000026c     
                  00000000    0000026c     tm4c123gh6pm_startup_ccs.obj (.intvecs)

.text      0    0000026c    00000bf2     
                  0000026c    000004b4     main.obj (.text)
                  00000720    00000132     driverlib.lib : gpio.obj (.text:GPIOPadConfigSet)
                  00000852    00000002     rtsv7M4_T_le_v4SPD16_eabi.lib : mpu_init.obj (.text)
                  00000854    000000f4     driverlib.lib : sysctl.obj (.text:SysCtlClockSet)
                  00000948    0000009c     rtsv7M4_T_le_v4SPD16_eabi.lib : memcpy_t2.obj (.text)
                  000009e4    0000007a     driverlib.lib : adc.obj (.text:ADCSequenceStepConfigure)
                  00000a5e    0000007a     rtsv7M4_T_le_v4SPD16_eabi.lib : memset_t2.obj (.text)
                  00000ad8    00000070                                   : autoinit.obj (.text)
                  00000b48    0000006a                                   : copy_decompress_rle.obj (.text)
                  00000bb2    00000002                                   : startup.obj (.text)
                  00000bb4    00000058     driverlib.lib : adc.obj (.text:ADCSequenceConfigure)
                  00000c0c    00000054     rtsv7M4_T_le_v4SPD16_eabi.lib : boot.obj (.text)
                  00000c60    00000054                                   : exit.obj (.text)
                  00000cb4    0000004c                                   : cpy_tbl.obj (.text)
                  00000d00    00000034     driverlib.lib : sysctl.obj (.text:SysCtlPeripheralEnable)
                  00000d34    0000002e                   : adc.obj (.text:ADCIntStatus)
                  00000d62    0000002a                   : gpio.obj (.text:GPIODirModeSet)
                  00000d8c    0000001e                   : adc.obj (.text:ADCSequenceDataGet)
                  00000daa    00000018                   : adc.obj (.text:ADCProcessorTrigger)
                  00000dc2    00000018                   : gpio.obj (.text:GPIOPinTypeGPIOOutput)
                  00000dda    00000002     --HOLE-- [fill = 0]
                  00000ddc    00000018     rtsv7M4_T_le_v4SPD16_eabi.lib : args_main.obj (.text)
                  00000df4    00000014                                   : _lock.obj (.text)
                  00000e08    0000000e     driverlib.lib : adc.obj (.text:ADCHardwareOversampleConfigure)
                  00000e16    0000000e                   : adc.obj (.text:ADCSequenceEnable)
                  00000e24    0000000e     rtsv7M4_T_le_v4SPD16_eabi.lib : copy_decompress_none.obj (.text:decompress:none)
                  00000e32    0000000c     tm4c123gh6pm_startup_ccs.obj (.text)
                  00000e3e    0000000a     driverlib.lib : adc.obj (.text:ADCIntClear)
                  00000e48    00000006                   : gpio.obj (.text:GPIOPinWrite)
                  00000e4e    00000006                   : sysctl.obj (.text:SysCtlDelay)
                  00000e54    00000006     rtsv7M4_T_le_v4SPD16_eabi.lib : copy_decompress_rle.obj (.text:decompress:rle24)
                  00000e5a    00000004                                   : pre_init.obj (.text)

.cinit     0    00000e60    0000003c     
                  00000e60    00000016     (.cinit..data.load) [load image, compression = rle]
                  00000e76    00000002     --HOLE-- [fill = 0]
                  00000e78    00000009     (.cinit..bss.load) [load image, compression = rle]
                  00000e81    00000003     --HOLE-- [fill = 0]
                  00000e84    00000008     (__TI_handler_table)
                  00000e8c    00000010     (__TI_cinit_table)

.init_array 
*          0    00000000    00000000     UNINITIALIZED

.stack     0    20000000    00000200     UNINITIALIZED
                  20000000    00000200     --HOLE--

.bss       0    20000200    00000030     UNINITIALIZED
                  20000200    00000010     (.common:ui32ADC0Value)
                  20000210    00000010     (.common:ui32ADC1Value)
                  20000220    00000004     (.common:XValue)
                  20000224    00000004     (.common:YValue)
                  20000228    00000004     (.common:ui32Avg1)
                  2000022c    00000004     (.common:ui32Avg2)

.data      0    20000230    00000018     UNINITIALIZED
                  20000230    0000000c     rtsv7M4_T_le_v4SPD16_eabi.lib : exit.obj (.data:$O1$$)
                  2000023c    00000008                                   : _lock.obj (.data:$O1$$)
                  20000244    00000004                                   : stkdepth_vars.obj (.data)

MODULE SUMMARY

       Module                         code   ro data   rw data
       ------                         ----   -------   -------
    .\
       main.obj                       1204   0         48     
       tm4c123gh6pm_startup_ccs.obj   12     620       0      
    +--+------------------------------+------+---------+---------+
       Total:                         1216   620       48     
                                                              
    C:/ti/TivaWare_C_Series-2.1.3.156/driverlib/ccs/Debug/driverlib.lib
       gpio.obj                       378    0         0      
       adc.obj                        348    0         0      
       sysctl.obj                     302    0         0      
    +--+------------------------------+------+---------+---------+
       Total:                         1028   0         0      
                                                              
    C:\ti\ccsv6\tools\compiler\ti-cgt-arm_15.12.1.LTS\lib\rtsv7M4_T_le_v4SPD16_eabi.lib
       memcpy_t2.obj                  156    0         0      
       memset_t2.obj                  122    0         0      
       autoinit.obj                   112    0         0      
       copy_decompress_rle.obj        112    0         0      
       exit.obj                       84     0         12     
       boot.obj                       84     0         0      
       cpy_tbl.obj                    76     0         0      
       _lock.obj                      20     0         8      
       args_main.obj                  24     0         0      
       copy_decompress_none.obj       14     0         0      
       pre_init.obj                   4      0         0      
       stkdepth_vars.obj              0      0         4      
       mpu_init.obj                   2      0         0      
       startup.obj                    2      0         0      
    +--+------------------------------+------+---------+---------+
       Total:                         812    0         24     
                                                              
       Stack:                         0      0         512    
       Linker Generated:              0      55        0      
    +--+------------------------------+------+---------+---------+
       Grand Total:                   3056   675       584    


LINKER GENERATED COPY TABLES

__TI_cinit_table @ 00000e8c records: 2, size/record: 8, table size: 16
	.data: load addr=00000e60, load size=00000016 bytes, run addr=20000230, run size=00000018 bytes, compression=rle
	.bss: load addr=00000e78, load size=00000009 bytes, run addr=20000200, run size=00000030 bytes, compression=rle


LINKER GENERATED HANDLER TABLE

__TI_handler_table @ 00000e84 records: 2, size/record: 4, table size: 8
	index: 0, handler: __TI_decompress_rle24
	index: 1, handler: __TI_decompress_none


GLOBAL SYMBOLS: SORTED ALPHABETICALLY BY Name 

address   name                           
-------   ----                           
00000e09  ADCHardwareOversampleConfigure 
00000e3f  ADCIntClear                    
00000d35  ADCIntStatus                   
00000dab  ADCProcessorTrigger            
00000bb5  ADCSequenceConfigure           
00000d8d  ADCSequenceDataGet             
00000e17  ADCSequenceEnable              
000009e5  ADCSequenceStepConfigure       
00000c61  C$$EXIT                        
00000d63  GPIODirModeSet                 
00000721  GPIOPadConfigSet               
00000dc3  GPIOPinTypeGPIOOutput          
00000e49  GPIOPinWrite                   
00000e33  ResetISR                       
UNDEFED   SHT$$INIT_ARRAY$$Base          
UNDEFED   SHT$$INIT_ARRAY$$Limit         
00000855  SysCtlClockSet                 
00000e4f  SysCtlDelay                    
00000d01  SysCtlPeripheralEnable         
20000220  XValue                         
20000224  YValue                         
20000200  __STACK_END                    
00000200  __STACK_SIZE                   
20000200  __STACK_TOP                    
00000e8c  __TI_CINIT_Base                
00000e9c  __TI_CINIT_Limit               
00000e84  __TI_Handler_Table_Base        
00000e8c  __TI_Handler_Table_Limit       
00000ad9  __TI_auto_init                 
20000230  __TI_cleanup_ptr               
00000e25  __TI_decompress_none           
00000e55  __TI_decompress_rle24          
20000234  __TI_dtors_ptr                 
20000238  __TI_enable_exit_profile_output
ffffffff  __TI_pprof_out_hndl            
ffffffff  __TI_prof_data_size            
ffffffff  __TI_prof_data_start           
00000000  __TI_static_base__             
00000a5f  __aeabi_memclr                 
00000a5f  __aeabi_memclr4                
00000a5f  __aeabi_memclr8                
00000949  __aeabi_memcpy                 
00000949  __aeabi_memcpy4                
00000949  __aeabi_memcpy8                
00000a61  __aeabi_memset                 
00000a61  __aeabi_memset4                
00000a61  __aeabi_memset8                
ffffffff  __binit__                      
ffffffff  __c_args__                     
00000853  __mpu_init                     
20000000  __stack                        
00000ddd  _args_main                     
00000c0d  _c_int00                       
2000023c  _lock                          
00000e03  _nop                           
00000dfb  _register_lock                 
00000df5  _register_unlock               
00000bb3  _system_post_cinit             
00000e5b  _system_pre_init               
20000240  _unlock                        
00000c65  abort                          
ffffffff  binit                          
00000cb5  copy_in                        
00000c6d  exit                           
00000000  g_pfnVectors                   
0000068d  glcd_cleardisplay              
00000491  glcd_cmd                       
00000553  glcd_data                      
000004eb  glcd_init                      
00000631  glcd_setcolumn                 
000005ad  glcd_setpage                   
000002d5  main                           
20000244  main_func_sp                   
00000949  memcpy                         
00000a67  memset                         
0000026d  setup                          
20000200  ui32ADC0Value                  
20000210  ui32ADC1Value                  
20000228  ui32Avg1                       
2000022c  ui32Avg2                       


GLOBAL SYMBOLS: SORTED BY Symbol Address 

address   name                           
-------   ----                           
00000000  __TI_static_base__             
00000000  g_pfnVectors                   
00000200  __STACK_SIZE                   
0000026d  setup                          
000002d5  main                           
00000491  glcd_cmd                       
000004eb  glcd_init                      
00000553  glcd_data                      
000005ad  glcd_setpage                   
00000631  glcd_setcolumn                 
0000068d  glcd_cleardisplay              
00000721  GPIOPadConfigSet               
00000853  __mpu_init                     
00000855  SysCtlClockSet                 
00000949  __aeabi_memcpy                 
00000949  __aeabi_memcpy4                
00000949  __aeabi_memcpy8                
00000949  memcpy                         
000009e5  ADCSequenceStepConfigure       
00000a5f  __aeabi_memclr                 
00000a5f  __aeabi_memclr4                
00000a5f  __aeabi_memclr8                
00000a61  __aeabi_memset                 
00000a61  __aeabi_memset4                
00000a61  __aeabi_memset8                
00000a67  memset                         
00000ad9  __TI_auto_init                 
00000bb3  _system_post_cinit             
00000bb5  ADCSequenceConfigure           
00000c0d  _c_int00                       
00000c61  C$$EXIT                        
00000c65  abort                          
00000c6d  exit                           
00000cb5  copy_in                        
00000d01  SysCtlPeripheralEnable         
00000d35  ADCIntStatus                   
00000d63  GPIODirModeSet                 
00000d8d  ADCSequenceDataGet             
00000dab  ADCProcessorTrigger            
00000dc3  GPIOPinTypeGPIOOutput          
00000ddd  _args_main                     
00000df5  _register_unlock               
00000dfb  _register_lock                 
00000e03  _nop                           
00000e09  ADCHardwareOversampleConfigure 
00000e17  ADCSequenceEnable              
00000e25  __TI_decompress_none           
00000e33  ResetISR                       
00000e3f  ADCIntClear                    
00000e49  GPIOPinWrite                   
00000e4f  SysCtlDelay                    
00000e55  __TI_decompress_rle24          
00000e5b  _system_pre_init               
00000e84  __TI_Handler_Table_Base        
00000e8c  __TI_CINIT_Base                
00000e8c  __TI_Handler_Table_Limit       
00000e9c  __TI_CINIT_Limit               
20000000  __stack                        
20000200  __STACK_END                    
20000200  __STACK_TOP                    
20000200  ui32ADC0Value                  
20000210  ui32ADC1Value                  
20000220  XValue                         
20000224  YValue                         
20000228  ui32Avg1                       
2000022c  ui32Avg2                       
20000230  __TI_cleanup_ptr               
20000234  __TI_dtors_ptr                 
20000238  __TI_enable_exit_profile_output
2000023c  _lock                          
20000240  _unlock                        
20000244  main_func_sp                   
ffffffff  __TI_pprof_out_hndl            
ffffffff  __TI_prof_data_size            
ffffffff  __TI_prof_data_start           
ffffffff  __binit__                      
ffffffff  __c_args__                     
ffffffff  binit                          
UNDEFED   SHT$$INIT_ARRAY$$Base          
UNDEFED   SHT$$INIT_ARRAY$$Limit         

[80 symbols]
