******************************************************************************
                  TI ARM Linker PC v15.12.1                    
******************************************************************************
>> Linked Tue Aug 16 18:21:45 2016

OUTPUT FILE NAME:   <lab2_q1.out>
ENTRY POINT SYMBOL: "_c_int00"  address: 000008a1


MEMORY CONFIGURATION

         name            origin    length      used     unused   attr    fill
----------------------  --------  ---------  --------  --------  ----  --------
  FLASH                 00000000   00040000  00000b60  0003f4a0  R  X
  SRAM                  20000000   00008000  00000220  00007de0  RW X


SEGMENT ALLOCATION MAP

run origin  load origin   length   init length attrs members
----------  ----------- ---------- ----------- ----- -------
00000000    00000000    00000b60   00000b60    r-x
  00000000    00000000    0000026c   0000026c    r-- .intvecs
  0000026c    0000026c    0000085c   0000085c    r-x .text
  00000ac8    00000ac8    00000070   00000070    r-- .const
  00000b38    00000b38    00000028   00000028    r-- .cinit
20000000    20000000    00000220   00000000    rw-
  20000000    20000000    00000200   00000000    rw- .stack
  20000200    20000200    00000020   00000000    rw- .data


SECTION ALLOCATION MAP

 output                                  attributes/
section   page    origin      length       input sections
--------  ----  ----------  ----------   ----------------
.intvecs   0    00000000    0000026c     
                  00000000    0000026c     tm4c123gh6pm_startup_ccs.obj (.intvecs)

.text      0    0000026c    0000085c     
                  0000026c    00000150     main.obj (.text)
                  000003bc    00000132     driverlib.lib : gpio.obj (.text:GPIOPadConfigSet)
                  000004ee    00000002     rtsv7M4_T_le_v4SPD16_eabi.lib : mpu_init.obj (.text)
                  000004f0    000000f4     driverlib.lib : sysctl.obj (.text:SysCtlClockSet)
                  000005e4    0000009c     rtsv7M4_T_le_v4SPD16_eabi.lib : memcpy_t2.obj (.text)
                  00000680    0000007a                                   : memset_t2.obj (.text)
                  000006fa    00000002                                   : startup.obj (.text)
                  000006fc    00000070                                   : autoinit.obj (.text)
                  0000076c    0000006a                                   : copy_decompress_rle.obj (.text)
                  000007d6    00000002     --HOLE-- [fill = 0]
                  000007d8    00000068     driverlib.lib : interrupt.obj (.text:IntEnable)
                  00000840    00000060                   : timer.obj (.text:TimerConfigure)
                  000008a0    00000054     rtsv7M4_T_le_v4SPD16_eabi.lib : boot.obj (.text)
                  000008f4    00000054                                   : exit.obj (.text)
                  00000948    0000004c                                   : cpy_tbl.obj (.text)
                  00000994    00000034     driverlib.lib : sysctl.obj (.text:SysCtlPeripheralEnable)
                  000009c8    0000002a                   : gpio.obj (.text:GPIODirModeSet)
                  000009f2    00000018                   : gpio.obj (.text:GPIOPinTypeGPIOOutput)
                  00000a0a    00000002     --HOLE-- [fill = 0]
                  00000a0c    00000018     rtsv7M4_T_le_v4SPD16_eabi.lib : args_main.obj (.text)
                  00000a24    00000014                                   : _lock.obj (.text)
                  00000a38    00000012     driverlib.lib : gpio.obj (.text:GPIOPinTypeGPIOInput)
                  00000a4a    00000012                   : timer.obj (.text:TimerLoadSet)
                  00000a5c    00000010                   : interrupt.obj (.text:IntMasterEnable)
                  00000a6c    0000000e                   : timer.obj (.text:TimerEnable)
                  00000a7a    0000000e     rtsv7M4_T_le_v4SPD16_eabi.lib : copy_decompress_none.obj (.text:decompress:none)
                  00000a88    0000000c     driverlib.lib : cpu.obj (.text:CPUcpsie)
                  00000a94    0000000c     tm4c123gh6pm_startup_ccs.obj (.text)
                  00000aa0    00000008     driverlib.lib : timer.obj (.text:TimerIntEnable)
                  00000aa8    00000006                   : gpio.obj (.text:GPIOPinRead)
                  00000aae    00000006                   : gpio.obj (.text:GPIOPinWrite)
                  00000ab4    00000006                   : sysctl.obj (.text:SysCtlDelay)
                  00000aba    00000006     rtsv7M4_T_le_v4SPD16_eabi.lib : copy_decompress_rle.obj (.text:decompress:rle24)
                  00000ac0    00000004     driverlib.lib : timer.obj (.text:TimerIntClear)
                  00000ac4    00000004     rtsv7M4_T_le_v4SPD16_eabi.lib : pre_init.obj (.text)

.const     0    00000ac8    00000070     
                  00000ac8    00000070     driverlib.lib : interrupt.obj (.const)

.cinit     0    00000b38    00000028     
                  00000b38    00000016     (.cinit..data.load) [load image, compression = rle]
                  00000b4e    00000002     --HOLE-- [fill = 0]
                  00000b50    00000008     (__TI_handler_table)
                  00000b58    00000008     (__TI_cinit_table)

.init_array 
*          0    00000000    00000000     UNINITIALIZED

.stack     0    20000000    00000200     UNINITIALIZED
                  20000000    00000200     --HOLE--

.data      0    20000200    00000020     UNINITIALIZED
                  20000200    0000000c     rtsv7M4_T_le_v4SPD16_eabi.lib : exit.obj (.data:$O1$$)
                  2000020c    00000008                                   : _lock.obj (.data:$O1$$)
                  20000214    00000008     main.obj (.data)
                  2000021c    00000004     rtsv7M4_T_le_v4SPD16_eabi.lib : stkdepth_vars.obj (.data)

MODULE SUMMARY

       Module                         code   ro data   rw data
       ------                         ----   -------   -------
    .\
       tm4c123gh6pm_startup_ccs.obj   12     620       0      
       main.obj                       336    0         8      
    +--+------------------------------+------+---------+---------+
       Total:                         348    620       8      
                                                              
    C:/ti/TivaWare_C_Series-2.1.3.156/driverlib/ccs/Debug/driverlib.lib
       gpio.obj                       402    0         0      
       sysctl.obj                     302    0         0      
       interrupt.obj                  120    112       0      
       timer.obj                      140    0         0      
       cpu.obj                        12     0         0      
    +--+------------------------------+------+---------+---------+
       Total:                         976    112       0      
                                                              
    C:\ti\ccsv6\tools\compiler\ti-cgt-arm_15.12.1.LTS\lib\rtsv7M4_T_le_v4SPD16_eabi.lib
       memcpy_t2.obj                  156    0         0      
       memset_t2.obj                  122    0         0      
       autoinit.obj                   112    0         0      
       copy_decompress_rle.obj        112    0         0      
       exit.obj                       84     0         12     
       boot.obj                       84     0         0      
       cpy_tbl.obj                    76     0         0      
       _lock.obj                      20     0         8      
       args_main.obj                  24     0         0      
       copy_decompress_none.obj       14     0         0      
       pre_init.obj                   4      0         0      
       stkdepth_vars.obj              0      0         4      
       mpu_init.obj                   2      0         0      
       startup.obj                    2      0         0      
    +--+------------------------------+------+---------+---------+
       Total:                         812    0         24     
                                                              
       Stack:                         0      0         512    
       Linker Generated:              0      38        0      
    +--+------------------------------+------+---------+---------+
       Grand Total:                   2136   770       544    


LINKER GENERATED COPY TABLES

__TI_cinit_table @ 00000b58 records: 1, size/record: 8, table size: 8
	.data: load addr=00000b38, load size=00000016 bytes, run addr=20000200, run size=00000020 bytes, compression=rle


LINKER GENERATED HANDLER TABLE

__TI_handler_table @ 00000b50 records: 2, size/record: 4, table size: 8
	index: 0, handler: __TI_decompress_rle24
	index: 1, handler: __TI_decompress_none


GLOBAL SYMBOLS: SORTED ALPHABETICALLY BY Name 

address   name                           
-------   ----                           
000008f5  C$$EXIT                        
00000a89  CPUcpsie                       
000009c9  GPIODirModeSet                 
000003bd  GPIOPadConfigSet               
00000aa9  GPIOPinRead                    
00000a39  GPIOPinTypeGPIOInput           
000009f3  GPIOPinTypeGPIOOutput          
00000aaf  GPIOPinWrite                   
000007d9  IntEnable                      
00000a5d  IntMasterEnable                
00000a95  ResetISR                       
UNDEFED   SHT$$INIT_ARRAY$$Base          
UNDEFED   SHT$$INIT_ARRAY$$Limit         
000004f1  SysCtlClockSet                 
00000ab5  SysCtlDelay                    
00000995  SysCtlPeripheralEnable         
000002e7  Timer0IntHandler               
00000841  TimerConfigure                 
00000a6d  TimerEnable                    
00000ac1  TimerIntClear                  
00000aa1  TimerIntEnable                 
00000a4b  TimerLoadSet                   
20000200  __STACK_END                    
00000200  __STACK_SIZE                   
20000200  __STACK_TOP                    
00000b58  __TI_CINIT_Base                
00000b60  __TI_CINIT_Limit               
00000b50  __TI_Handler_Table_Base        
00000b58  __TI_Handler_Table_Limit       
000006fd  __TI_auto_init                 
20000200  __TI_cleanup_ptr               
00000a7b  __TI_decompress_none           
00000abb  __TI_decompress_rle24          
20000204  __TI_dtors_ptr                 
20000208  __TI_enable_exit_profile_output
ffffffff  __TI_pprof_out_hndl            
ffffffff  __TI_prof_data_size            
ffffffff  __TI_prof_data_start           
00000000  __TI_static_base__             
00000681  __aeabi_memclr                 
00000681  __aeabi_memclr4                
00000681  __aeabi_memclr8                
000005e5  __aeabi_memcpy                 
000005e5  __aeabi_memcpy4                
000005e5  __aeabi_memcpy8                
00000683  __aeabi_memset                 
00000683  __aeabi_memset4                
00000683  __aeabi_memset8                
ffffffff  __binit__                      
ffffffff  __c_args__                     
000004ef  __mpu_init                     
20000000  __stack                        
00000a0d  _args_main                     
000008a1  _c_int00                       
2000020c  _lock                          
00000a33  _nop                           
00000a2b  _register_lock                 
00000a25  _register_unlock               
000006fb  _system_post_cinit             
00000ac5  _system_pre_init               
20000210  _unlock                        
000008f9  abort                          
ffffffff  binit                          
00000949  copy_in                        
20000214  count                          
00000901  exit                           
00000000  g_pfnVectors                   
0000026d  main                           
2000021c  main_func_sp                   
000005e5  memcpy                         
00000689  memset                         
20000218  press                          


GLOBAL SYMBOLS: SORTED BY Symbol Address 

address   name                           
-------   ----                           
00000000  __TI_static_base__             
00000000  g_pfnVectors                   
00000200  __STACK_SIZE                   
0000026d  main                           
000002e7  Timer0IntHandler               
000003bd  GPIOPadConfigSet               
000004ef  __mpu_init                     
000004f1  SysCtlClockSet                 
000005e5  __aeabi_memcpy                 
000005e5  __aeabi_memcpy4                
000005e5  __aeabi_memcpy8                
000005e5  memcpy                         
00000681  __aeabi_memclr                 
00000681  __aeabi_memclr4                
00000681  __aeabi_memclr8                
00000683  __aeabi_memset                 
00000683  __aeabi_memset4                
00000683  __aeabi_memset8                
00000689  memset                         
000006fb  _system_post_cinit             
000006fd  __TI_auto_init                 
000007d9  IntEnable                      
00000841  TimerConfigure                 
000008a1  _c_int00                       
000008f5  C$$EXIT                        
000008f9  abort                          
00000901  exit                           
00000949  copy_in                        
00000995  SysCtlPeripheralEnable         
000009c9  GPIODirModeSet                 
000009f3  GPIOPinTypeGPIOOutput          
00000a0d  _args_main                     
00000a25  _register_unlock               
00000a2b  _register_lock                 
00000a33  _nop                           
00000a39  GPIOPinTypeGPIOInput           
00000a4b  TimerLoadSet                   
00000a5d  IntMasterEnable                
00000a6d  TimerEnable                    
00000a7b  __TI_decompress_none           
00000a89  CPUcpsie                       
00000a95  ResetISR                       
00000aa1  TimerIntEnable                 
00000aa9  GPIOPinRead                    
00000aaf  GPIOPinWrite                   
00000ab5  SysCtlDelay                    
00000abb  __TI_decompress_rle24          
00000ac1  TimerIntClear                  
00000ac5  _system_pre_init               
00000b50  __TI_Handler_Table_Base        
00000b58  __TI_CINIT_Base                
00000b58  __TI_Handler_Table_Limit       
00000b60  __TI_CINIT_Limit               
20000000  __stack                        
20000200  __STACK_END                    
20000200  __STACK_TOP                    
20000200  __TI_cleanup_ptr               
20000204  __TI_dtors_ptr                 
20000208  __TI_enable_exit_profile_output
2000020c  _lock                          
20000210  _unlock                        
20000214  count                          
20000218  press                          
2000021c  main_func_sp                   
ffffffff  __TI_pprof_out_hndl            
ffffffff  __TI_prof_data_size            
ffffffff  __TI_prof_data_start           
ffffffff  __binit__                      
ffffffff  __c_args__                     
ffffffff  binit                          
UNDEFED   SHT$$INIT_ARRAY$$Base          
UNDEFED   SHT$$INIT_ARRAY$$Limit         

[72 symbols]
