******************************************************************************
                  TI ARM Linker PC v15.12.1                    
******************************************************************************
>> Linked Tue Aug 23 14:24:32 2016

OUTPUT FILE NAME:   <lab3_q1.out>
ENTRY POINT SYMBOL: "_c_int00"  address: 00001085


MEMORY CONFIGURATION

         name            origin    length      used     unused   attr    fill
----------------------  --------  ---------  --------  --------  ----  --------
  FLASH                 00000000   00040000  000016fe  0003e902  R  X
  SRAM                  20000000   00008000  000004c4  00007b3c  RW X


SEGMENT ALLOCATION MAP

run origin  load origin   length   init length attrs members
----------  ----------- ---------- ----------- ----- -------
00000000    00000000    00001704   00001704    r-x
  00000000    00000000    0000026c   0000026c    r-- .intvecs
  0000026c    0000026c    00001142   00001142    r-x .text
  000013b0    000013b0    000002ec   000002ec    r-- .const
  000016a0    000016a0    00000064   00000064    r-- .cinit
20000000    20000000    000004c4   00000000    rw-
  20000000    20000000    0000026c   00000000    rw- .vtable
  2000026c    2000026c    00000200   00000000    rw- .stack
  2000046c    2000046c    00000050   00000000    rw- .data
  200004bc    200004bc    00000008   00000000    rw- .bss


SECTION ALLOCATION MAP

 output                                  attributes/
section   page    origin      length       input sections
--------  ----  ----------  ----------   ----------------
.intvecs   0    00000000    0000026c     
                  00000000    0000026c     tm4c123gh6pm_startup_ccs.obj (.intvecs)

.text      0    0000026c    00001142     
                  0000026c    0000082c     main.obj (.text)
                  00000a98    00000132     driverlib.lib : gpio.obj (.text:GPIOPadConfigSet)
                  00000bca    00000002     rtsv7M4_T_le_v4SPD16_eabi.lib : mpu_init.obj (.text)
                  00000bcc    00000110     driverlib.lib : sysctl.obj (.text:SysCtlClockGet)
                  00000cdc    000000f4                   : sysctl.obj (.text:SysCtlClockSet)
                  00000dd0    0000009c     rtsv7M4_T_le_v4SPD16_eabi.lib : memcpy_t2.obj (.text)
                  00000e6c    0000007a                                   : memset_t2.obj (.text)
                  00000ee6    00000002                                   : startup.obj (.text)
                  00000ee8    00000070                                   : autoinit.obj (.text)
                  00000f58    0000006a                                   : copy_decompress_rle.obj (.text)
                  00000fc2    00000002     --HOLE-- [fill = 0]
                  00000fc4    00000068     driverlib.lib : interrupt.obj (.text:IntEnable)
                  0000102c    00000056                   : gpio.obj (.text:GPIOIntTypeSet)
                  00001082    00000002     --HOLE-- [fill = 0]
                  00001084    00000054     rtsv7M4_T_le_v4SPD16_eabi.lib : boot.obj (.text)
                  000010d8    00000054                                   : exit.obj (.text)
                  0000112c    0000004c                                   : cpy_tbl.obj (.text)
                  00001178    00000048     driverlib.lib : gpio.obj (.text:GPIOPinConfigure)
                  000011c0    00000040                   : gpio.obj (.text:_GPIOIntNumberGet)
                  00001200    00000034                   : interrupt.obj (.text:IntRegister)
                  00001234    00000034                   : sysctl.obj (.text:SysCtlPeripheralEnable)
                  00001268    0000002a                   : gpio.obj (.text:GPIODirModeSet)
                  00001292    00000022                   : pwm.obj (.text:PWMGenConfigure)
                  000012b4    0000001e                   : pwm.obj (.text:PWMPulseWidthSet)
                  000012d2    00000018                   : gpio.obj (.text:GPIOIntRegister)
                  000012ea    00000002     --HOLE-- [fill = 0]
                  000012ec    00000018     rtsv7M4_T_le_v4SPD16_eabi.lib : args_main.obj (.text)
                  00001304    00000014     driverlib.lib : sysctl.obj (.text:SysCtlPWMClockSet)
                  00001318    00000014     rtsv7M4_T_le_v4SPD16_eabi.lib : _lock.obj (.text)
                  0000132c    00000012     driverlib.lib : gpio.obj (.text:GPIOPinTypePWM)
                  0000133e    00000012                   : pwm.obj (.text:PWMOutputState)
                  00001350    00000010                   : pwm.obj (.text:PWMGenPeriodSet)
                  00001360    0000000e     rtsv7M4_T_le_v4SPD16_eabi.lib : copy_decompress_none.obj (.text:decompress:none)
                  0000136e    0000000c     driverlib.lib : gpio.obj (.text:GPIOIntEnable)
                  0000137a    0000000c                   : pwm.obj (.text:PWMGenEnable)
                  00001386    0000000c     tm4c123gh6pm_startup_ccs.obj (.text)
                  00001392    00000006     driverlib.lib : gpio.obj (.text:GPIOIntClear)
                  00001398    00000006                   : gpio.obj (.text:GPIOPinRead)
                  0000139e    00000006                   : sysctl.obj (.text:SysCtlDelay)
                  000013a4    00000006     rtsv7M4_T_le_v4SPD16_eabi.lib : copy_decompress_rle.obj (.text:decompress:rle24)
                  000013aa    00000004                                   : pre_init.obj (.text)

.const     0    000013b0    000002ec     
                  000013b0    000000c0     driverlib.lib : gpio.obj (.const:g_ppui32GPIOIntMapBlizzard)
                  00001470    000000c0                   : gpio.obj (.const:g_ppui32GPIOIntMapSnowflake)
                  00001530    00000090                   : gpio.obj (.const:g_pui32GPIOBaseAddrs)
                  000015c0    00000070                   : interrupt.obj (.const)
                  00001630    0000006c                   : sysctl.obj (.const:g_pui32Xtals)

.cinit     0    000016a0    00000064     
                  000016a0    00000024     (.cinit..data.load) [load image, compression = rle]
                  000016c4    00000004     --HOLE-- [fill = 0]
                  000016c8    0000000b     (.cinit..vtable.load) [load image, compression = rle]
                  000016d3    00000005     --HOLE-- [fill = 0]
                  000016d8    00000009     (.cinit..bss.load) [load image, compression = rle]
                  000016e1    00000003     --HOLE-- [fill = 0]
                  000016e4    00000008     (__TI_handler_table)
                  000016ec    00000018     (__TI_cinit_table)

.init_array 
*          0    00000000    00000000     UNINITIALIZED

.vtable    0    20000000    0000026c     UNINITIALIZED
                  20000000    0000026c     driverlib.lib : interrupt.obj (.vtable)

.stack     0    2000026c    00000200     UNINITIALIZED
                  2000026c    00000200     --HOLE--

.data      0    2000046c    00000050     UNINITIALIZED
                  2000046c    00000035     main.obj (.data)
                  200004a1    00000003     --HOLE--
                  200004a4    0000000c     rtsv7M4_T_le_v4SPD16_eabi.lib : exit.obj (.data:$O1$$)
                  200004b0    00000008                                   : _lock.obj (.data:$O1$$)
                  200004b8    00000004                                   : stkdepth_vars.obj (.data)

.bss       0    200004bc    00000008     UNINITIALIZED
                  200004bc    00000004     (.common:ui32Load)
                  200004c0    00000004     (.common:ui32PWMClock)

MODULE SUMMARY

       Module                         code   ro data   rw data
       ------                         ----   -------   -------
    .\
       main.obj                       2092   0         61     
       tm4c123gh6pm_startup_ccs.obj   12     620       0      
    +--+------------------------------+------+---------+---------+
       Total:                         2104   620       61     
                                                              
    C:/ti/TivaWare_C_Series-2.1.3.156/driverlib/ccs/Debug/driverlib.lib
       gpio.obj                       636    528       0      
       interrupt.obj                  156    112       620    
       sysctl.obj                     594    108       0      
       pwm.obj                        110    0         0      
    +--+------------------------------+------+---------+---------+
       Total:                         1496   748       620    
                                                              
    C:\ti\ccsv6\tools\compiler\ti-cgt-arm_15.12.1.LTS\lib\rtsv7M4_T_le_v4SPD16_eabi.lib
       memcpy_t2.obj                  156    0         0      
       memset_t2.obj                  122    0         0      
       autoinit.obj                   112    0         0      
       copy_decompress_rle.obj        112    0         0      
       exit.obj                       84     0         12     
       boot.obj                       84     0         0      
       cpy_tbl.obj                    76     0         0      
       _lock.obj                      20     0         8      
       args_main.obj                  24     0         0      
       copy_decompress_none.obj       14     0         0      
       pre_init.obj                   4      0         0      
       stkdepth_vars.obj              0      0         4      
       mpu_init.obj                   2      0         0      
       startup.obj                    2      0         0      
    +--+------------------------------+------+---------+---------+
       Total:                         812    0         24     
                                                              
       Stack:                         0      0         512    
       Linker Generated:              0      88        0      
    +--+------------------------------+------+---------+---------+
       Grand Total:                   4412   1456      1217   


LINKER GENERATED COPY TABLES

__TI_cinit_table @ 000016ec records: 3, size/record: 8, table size: 24
	.data: load addr=000016a0, load size=00000024 bytes, run addr=2000046c, run size=00000050 bytes, compression=rle
	.vtable: load addr=000016c8, load size=0000000b bytes, run addr=20000000, run size=0000026c bytes, compression=rle
	.bss: load addr=000016d8, load size=00000009 bytes, run addr=200004bc, run size=00000008 bytes, compression=rle


LINKER GENERATED HANDLER TABLE

__TI_handler_table @ 000016e4 records: 2, size/record: 4, table size: 8
	index: 0, handler: __TI_decompress_rle24
	index: 1, handler: __TI_decompress_none


GLOBAL SYMBOLS: SORTED ALPHABETICALLY BY Name 

address   name                           
-------   ----                           
000010d9  C$$EXIT                        
00001269  GPIODirModeSet                 
00001393  GPIOIntClear                   
0000136f  GPIOIntEnable                  
000012d3  GPIOIntRegister                
0000102d  GPIOIntTypeSet                 
00000a99  GPIOPadConfigSet               
00001179  GPIOPinConfigure               
00001399  GPIOPinRead                    
0000132d  GPIOPinTypePWM                 
00000fc5  IntEnable                      
00001201  IntRegister                    
00001293  PWMGenConfigure                
0000137b  PWMGenEnable                   
00001351  PWMGenPeriodSet                
0000133f  PWMOutputState                 
000012b5  PWMPulseWidthSet               
000008bd  PortFIntHandler                
00001387  ResetISR                       
UNDEFED   SHT$$INIT_ARRAY$$Base          
UNDEFED   SHT$$INIT_ARRAY$$Limit         
00000bcd  SysCtlClockGet                 
00000cdd  SysCtlClockSet                 
0000139f  SysCtlDelay                    
00001305  SysCtlPWMClockSet              
00001235  SysCtlPeripheralEnable         
2000046c  __STACK_END                    
00000200  __STACK_SIZE                   
2000046c  __STACK_TOP                    
000016ec  __TI_CINIT_Base                
00001704  __TI_CINIT_Limit               
000016e4  __TI_Handler_Table_Base        
000016ec  __TI_Handler_Table_Limit       
00000ee9  __TI_auto_init                 
200004a4  __TI_cleanup_ptr               
00001361  __TI_decompress_none           
000013a5  __TI_decompress_rle24          
200004a8  __TI_dtors_ptr                 
200004ac  __TI_enable_exit_profile_output
ffffffff  __TI_pprof_out_hndl            
ffffffff  __TI_prof_data_size            
ffffffff  __TI_prof_data_start           
00000000  __TI_static_base__             
00000e6d  __aeabi_memclr                 
00000e6d  __aeabi_memclr4                
00000e6d  __aeabi_memclr8                
00000dd1  __aeabi_memcpy                 
00000dd1  __aeabi_memcpy4                
00000dd1  __aeabi_memcpy8                
00000e6f  __aeabi_memset                 
00000e6f  __aeabi_memset4                
00000e6f  __aeabi_memset8                
ffffffff  __binit__                      
ffffffff  __c_args__                     
00000bcb  __mpu_init                     
2000026c  __stack                        
000012ed  _args_main                     
00001085  _c_int00                       
200004b0  _lock                          
00001327  _nop                           
0000131f  _register_lock                 
00001319  _register_unlock               
00000ee7  _system_post_cinit             
000013ab  _system_pre_init               
200004b4  _unlock                        
000010dd  abort                          
2000047c  auto_mode                      
ffffffff  binit                          
00000881  check_man_mode                 
0000112d  copy_in                        
20000474  count                          
000010e5  exit                           
20000000  g_pfnRAMVectors                
00000000  g_pfnVectors                   
0000026d  main                           
200004b8  main_func_sp                   
20000480  man_1                          
20000484  man_2                          
20000488  man_3                          
00000601  man_mode1                      
000006f5  man_mode2                      
000007bb  man_mode3                      
20000470  man_time                       
00000dd1  memcpy                         
00000e75  memset                         
20000478  press                          
20000490  sw1_long                       
2000048c  sw1_shrt                       
2000049c  sw1_shrt_count                 
20000498  sw2_long                       
20000494  sw2_shrt                       
2000046c  time                           
200004bc  ui32Load                       
200004c0  ui32PWMClock                   
200004a0  ui8Adjust                      


GLOBAL SYMBOLS: SORTED BY Symbol Address 

address   name                           
-------   ----                           
00000000  __TI_static_base__             
00000000  g_pfnVectors                   
00000200  __STACK_SIZE                   
0000026d  main                           
00000601  man_mode1                      
000006f5  man_mode2                      
000007bb  man_mode3                      
00000881  check_man_mode                 
000008bd  PortFIntHandler                
00000a99  GPIOPadConfigSet               
00000bcb  __mpu_init                     
00000bcd  SysCtlClockGet                 
00000cdd  SysCtlClockSet                 
00000dd1  __aeabi_memcpy                 
00000dd1  __aeabi_memcpy4                
00000dd1  __aeabi_memcpy8                
00000dd1  memcpy                         
00000e6d  __aeabi_memclr                 
00000e6d  __aeabi_memclr4                
00000e6d  __aeabi_memclr8                
00000e6f  __aeabi_memset                 
00000e6f  __aeabi_memset4                
00000e6f  __aeabi_memset8                
00000e75  memset                         
00000ee7  _system_post_cinit             
00000ee9  __TI_auto_init                 
00000fc5  IntEnable                      
0000102d  GPIOIntTypeSet                 
00001085  _c_int00                       
000010d9  C$$EXIT                        
000010dd  abort                          
000010e5  exit                           
0000112d  copy_in                        
00001179  GPIOPinConfigure               
00001201  IntRegister                    
00001235  SysCtlPeripheralEnable         
00001269  GPIODirModeSet                 
00001293  PWMGenConfigure                
000012b5  PWMPulseWidthSet               
000012d3  GPIOIntRegister                
000012ed  _args_main                     
00001305  SysCtlPWMClockSet              
00001319  _register_unlock               
0000131f  _register_lock                 
00001327  _nop                           
0000132d  GPIOPinTypePWM                 
0000133f  PWMOutputState                 
00001351  PWMGenPeriodSet                
00001361  __TI_decompress_none           
0000136f  GPIOIntEnable                  
0000137b  PWMGenEnable                   
00001387  ResetISR                       
00001393  GPIOIntClear                   
00001399  GPIOPinRead                    
0000139f  SysCtlDelay                    
000013a5  __TI_decompress_rle24          
000013ab  _system_pre_init               
000016e4  __TI_Handler_Table_Base        
000016ec  __TI_CINIT_Base                
000016ec  __TI_Handler_Table_Limit       
00001704  __TI_CINIT_Limit               
20000000  g_pfnRAMVectors                
2000026c  __stack                        
2000046c  __STACK_END                    
2000046c  __STACK_TOP                    
2000046c  time                           
20000470  man_time                       
20000474  count                          
20000478  press                          
2000047c  auto_mode                      
20000480  man_1                          
20000484  man_2                          
20000488  man_3                          
2000048c  sw1_shrt                       
20000490  sw1_long                       
20000494  sw2_shrt                       
20000498  sw2_long                       
2000049c  sw1_shrt_count                 
200004a0  ui8Adjust                      
200004a4  __TI_cleanup_ptr               
200004a8  __TI_dtors_ptr                 
200004ac  __TI_enable_exit_profile_output
200004b0  _lock                          
200004b4  _unlock                        
200004b8  main_func_sp                   
200004bc  ui32Load                       
200004c0  ui32PWMClock                   
ffffffff  __TI_pprof_out_hndl            
ffffffff  __TI_prof_data_size            
ffffffff  __TI_prof_data_start           
ffffffff  __binit__                      
ffffffff  __c_args__                     
ffffffff  binit                          
UNDEFED   SHT$$INIT_ARRAY$$Base          
UNDEFED   SHT$$INIT_ARRAY$$Limit         

[95 symbols]
