******************************************************************************
                  TI ARM Linker PC v15.12.1                    
******************************************************************************
>> Linked Tue Aug 16 17:28:53 2016

OUTPUT FILE NAME:   <lab2_q2.out>
ENTRY POINT SYMBOL: "_c_int00"  address: 00000861


MEMORY CONFIGURATION

         name            origin    length      used     unused   attr    fill
----------------------  --------  ---------  --------  --------  ----  --------
  FLASH                 00000000   00040000  00000b20  0003f4e0  R  X
  SRAM                  20000000   00008000  00000220  00007de0  RW X


SEGMENT ALLOCATION MAP

run origin  load origin   length   init length attrs members
----------  ----------- ---------- ----------- ----- -------
00000000    00000000    00000b20   00000b20    r-x
  00000000    00000000    0000026c   0000026c    r-- .intvecs
  0000026c    0000026c    0000081c   0000081c    r-x .text
  00000a88    00000a88    00000070   00000070    r-- .const
  00000af8    00000af8    00000028   00000028    r-- .cinit
20000000    20000000    00000220   00000000    rw-
  20000000    20000000    00000200   00000000    rw- .stack
  20000200    20000200    00000020   00000000    rw- .data


SECTION ALLOCATION MAP

 output                                  attributes/
section   page    origin      length       input sections
--------  ----  ----------  ----------   ----------------
.intvecs   0    00000000    0000026c     
                  00000000    0000026c     tm4c123gh6pm_startup_ccs.obj (.intvecs)

.text      0    0000026c    0000081c     
                  0000026c    00000132     driverlib.lib : gpio.obj (.text:GPIOPadConfigSet)
                  0000039e    00000002     rtsv7M4_T_le_v4SPD16_eabi.lib : mpu_init.obj (.text)
                  000003a0    00000110     main.obj (.text)
                  000004b0    000000f4     driverlib.lib : sysctl.obj (.text:SysCtlClockSet)
                  000005a4    0000009c     rtsv7M4_T_le_v4SPD16_eabi.lib : memcpy_t2.obj (.text)
                  00000640    0000007a                                   : memset_t2.obj (.text)
                  000006ba    00000002                                   : startup.obj (.text)
                  000006bc    00000070                                   : autoinit.obj (.text)
                  0000072c    0000006a                                   : copy_decompress_rle.obj (.text)
                  00000796    00000002     --HOLE-- [fill = 0]
                  00000798    00000068     driverlib.lib : interrupt.obj (.text:IntEnable)
                  00000800    00000060                   : timer.obj (.text:TimerConfigure)
                  00000860    00000054     rtsv7M4_T_le_v4SPD16_eabi.lib : boot.obj (.text)
                  000008b4    00000054                                   : exit.obj (.text)
                  00000908    0000004c                                   : cpy_tbl.obj (.text)
                  00000954    00000034     driverlib.lib : sysctl.obj (.text:SysCtlPeripheralEnable)
                  00000988    0000002a                   : gpio.obj (.text:GPIODirModeSet)
                  000009b2    00000018                   : gpio.obj (.text:GPIOPinTypeGPIOOutput)
                  000009ca    00000002     --HOLE-- [fill = 0]
                  000009cc    00000018     rtsv7M4_T_le_v4SPD16_eabi.lib : args_main.obj (.text)
                  000009e4    00000014                                   : _lock.obj (.text)
                  000009f8    00000012     driverlib.lib : gpio.obj (.text:GPIOPinTypeGPIOInput)
                  00000a0a    00000012                   : timer.obj (.text:TimerLoadSet)
                  00000a1c    00000010                   : interrupt.obj (.text:IntMasterEnable)
                  00000a2c    0000000e                   : timer.obj (.text:TimerEnable)
                  00000a3a    0000000e     rtsv7M4_T_le_v4SPD16_eabi.lib : copy_decompress_none.obj (.text:decompress:none)
                  00000a48    0000000c     driverlib.lib : cpu.obj (.text:CPUcpsie)
                  00000a54    0000000c     tm4c123gh6pm_startup_ccs.obj (.text)
                  00000a60    00000008     driverlib.lib : timer.obj (.text:TimerIntEnable)
                  00000a68    00000006                   : gpio.obj (.text:GPIOPinRead)
                  00000a6e    00000006                   : gpio.obj (.text:GPIOPinWrite)
                  00000a74    00000006                   : sysctl.obj (.text:SysCtlDelay)
                  00000a7a    00000006     rtsv7M4_T_le_v4SPD16_eabi.lib : copy_decompress_rle.obj (.text:decompress:rle24)
                  00000a80    00000004     driverlib.lib : timer.obj (.text:TimerIntClear)
                  00000a84    00000004     rtsv7M4_T_le_v4SPD16_eabi.lib : pre_init.obj (.text)

.const     0    00000a88    00000070     
                  00000a88    00000070     driverlib.lib : interrupt.obj (.const)

.cinit     0    00000af8    00000028     
                  00000af8    00000016     (.cinit..data.load) [load image, compression = rle]
                  00000b0e    00000002     --HOLE-- [fill = 0]
                  00000b10    00000008     (__TI_handler_table)
                  00000b18    00000008     (__TI_cinit_table)

.init_array 
*          0    00000000    00000000     UNINITIALIZED

.stack     0    20000000    00000200     UNINITIALIZED
                  20000000    00000200     --HOLE--

.data      0    20000200    00000020     UNINITIALIZED
                  20000200    0000000c     rtsv7M4_T_le_v4SPD16_eabi.lib : exit.obj (.data:$O1$$)
                  2000020c    00000008                                   : _lock.obj (.data:$O1$$)
                  20000214    00000008     main.obj (.data)
                  2000021c    00000004     rtsv7M4_T_le_v4SPD16_eabi.lib : stkdepth_vars.obj (.data)

MODULE SUMMARY

       Module                         code   ro data   rw data
       ------                         ----   -------   -------
    .\
       tm4c123gh6pm_startup_ccs.obj   12     620       0      
       main.obj                       272    0         8      
    +--+------------------------------+------+---------+---------+
       Total:                         284    620       8      
                                                              
    C:/ti/TivaWare_C_Series-2.1.3.156/driverlib/ccs/Debug/driverlib.lib
       gpio.obj                       402    0         0      
       sysctl.obj                     302    0         0      
       interrupt.obj                  120    112       0      
       timer.obj                      140    0         0      
       cpu.obj                        12     0         0      
    +--+------------------------------+------+---------+---------+
       Total:                         976    112       0      
                                                              
    C:\ti\ccsv6\tools\compiler\ti-cgt-arm_15.12.1.LTS\lib\rtsv7M4_T_le_v4SPD16_eabi.lib
       memcpy_t2.obj                  156    0         0      
       memset_t2.obj                  122    0         0      
       autoinit.obj                   112    0         0      
       copy_decompress_rle.obj        112    0         0      
       exit.obj                       84     0         12     
       boot.obj                       84     0         0      
       cpy_tbl.obj                    76     0         0      
       _lock.obj                      20     0         8      
       args_main.obj                  24     0         0      
       copy_decompress_none.obj       14     0         0      
       pre_init.obj                   4      0         0      
       stkdepth_vars.obj              0      0         4      
       mpu_init.obj                   2      0         0      
       startup.obj                    2      0         0      
    +--+------------------------------+------+---------+---------+
       Total:                         812    0         24     
                                                              
       Stack:                         0      0         512    
       Linker Generated:              0      38        0      
    +--+------------------------------+------+---------+---------+
       Grand Total:                   2072   770       544    


LINKER GENERATED COPY TABLES

__TI_cinit_table @ 00000b18 records: 1, size/record: 8, table size: 8
	.data: load addr=00000af8, load size=00000016 bytes, run addr=20000200, run size=00000020 bytes, compression=rle


LINKER GENERATED HANDLER TABLE

__TI_handler_table @ 00000b10 records: 2, size/record: 4, table size: 8
	index: 0, handler: __TI_decompress_rle24
	index: 1, handler: __TI_decompress_none


GLOBAL SYMBOLS: SORTED ALPHABETICALLY BY Name 

address   name                           
-------   ----                           
000008b5  C$$EXIT                        
00000a49  CPUcpsie                       
00000989  GPIODirModeSet                 
0000026d  GPIOPadConfigSet               
00000a69  GPIOPinRead                    
000009f9  GPIOPinTypeGPIOInput           
000009b3  GPIOPinTypeGPIOOutput          
00000a6f  GPIOPinWrite                   
00000799  IntEnable                      
00000a1d  IntMasterEnable                
00000a55  ResetISR                       
UNDEFED   SHT$$INIT_ARRAY$$Base          
UNDEFED   SHT$$INIT_ARRAY$$Limit         
000004b1  SysCtlClockSet                 
00000a75  SysCtlDelay                    
00000955  SysCtlPeripheralEnable         
00000435  Timer0IntHandler               
00000801  TimerConfigure                 
00000a2d  TimerEnable                    
00000a81  TimerIntClear                  
00000a61  TimerIntEnable                 
00000a0b  TimerLoadSet                   
20000200  __STACK_END                    
00000200  __STACK_SIZE                   
20000200  __STACK_TOP                    
00000b18  __TI_CINIT_Base                
00000b20  __TI_CINIT_Limit               
00000b10  __TI_Handler_Table_Base        
00000b18  __TI_Handler_Table_Limit       
000006bd  __TI_auto_init                 
20000200  __TI_cleanup_ptr               
00000a3b  __TI_decompress_none           
00000a7b  __TI_decompress_rle24          
20000204  __TI_dtors_ptr                 
20000208  __TI_enable_exit_profile_output
ffffffff  __TI_pprof_out_hndl            
ffffffff  __TI_prof_data_size            
ffffffff  __TI_prof_data_start           
00000000  __TI_static_base__             
00000641  __aeabi_memclr                 
00000641  __aeabi_memclr4                
00000641  __aeabi_memclr8                
000005a5  __aeabi_memcpy                 
000005a5  __aeabi_memcpy4                
000005a5  __aeabi_memcpy8                
00000643  __aeabi_memset                 
00000643  __aeabi_memset4                
00000643  __aeabi_memset8                
ffffffff  __binit__                      
ffffffff  __c_args__                     
0000039f  __mpu_init                     
20000000  __stack                        
000009cd  _args_main                     
00000861  _c_int00                       
2000020c  _lock                          
000009f3  _nop                           
000009eb  _register_lock                 
000009e5  _register_unlock               
000006bb  _system_post_cinit             
00000a85  _system_pre_init               
20000210  _unlock                        
000008b9  abort                          
ffffffff  binit                          
00000909  copy_in                        
20000214  count                          
000008c1  exit                           
00000000  g_pfnVectors                   
000003a1  main                           
2000021c  main_func_sp                   
000005a5  memcpy                         
00000649  memset                         
20000218  press                          


GLOBAL SYMBOLS: SORTED BY Symbol Address 

address   name                           
-------   ----                           
00000000  __TI_static_base__             
00000000  g_pfnVectors                   
00000200  __STACK_SIZE                   
0000026d  GPIOPadConfigSet               
0000039f  __mpu_init                     
000003a1  main                           
00000435  Timer0IntHandler               
000004b1  SysCtlClockSet                 
000005a5  __aeabi_memcpy                 
000005a5  __aeabi_memcpy4                
000005a5  __aeabi_memcpy8                
000005a5  memcpy                         
00000641  __aeabi_memclr                 
00000641  __aeabi_memclr4                
00000641  __aeabi_memclr8                
00000643  __aeabi_memset                 
00000643  __aeabi_memset4                
00000643  __aeabi_memset8                
00000649  memset                         
000006bb  _system_post_cinit             
000006bd  __TI_auto_init                 
00000799  IntEnable                      
00000801  TimerConfigure                 
00000861  _c_int00                       
000008b5  C$$EXIT                        
000008b9  abort                          
000008c1  exit                           
00000909  copy_in                        
00000955  SysCtlPeripheralEnable         
00000989  GPIODirModeSet                 
000009b3  GPIOPinTypeGPIOOutput          
000009cd  _args_main                     
000009e5  _register_unlock               
000009eb  _register_lock                 
000009f3  _nop                           
000009f9  GPIOPinTypeGPIOInput           
00000a0b  TimerLoadSet                   
00000a1d  IntMasterEnable                
00000a2d  TimerEnable                    
00000a3b  __TI_decompress_none           
00000a49  CPUcpsie                       
00000a55  ResetISR                       
00000a61  TimerIntEnable                 
00000a69  GPIOPinRead                    
00000a6f  GPIOPinWrite                   
00000a75  SysCtlDelay                    
00000a7b  __TI_decompress_rle24          
00000a81  TimerIntClear                  
00000a85  _system_pre_init               
00000b10  __TI_Handler_Table_Base        
00000b18  __TI_CINIT_Base                
00000b18  __TI_Handler_Table_Limit       
00000b20  __TI_CINIT_Limit               
20000000  __stack                        
20000200  __STACK_END                    
20000200  __STACK_TOP                    
20000200  __TI_cleanup_ptr               
20000204  __TI_dtors_ptr                 
20000208  __TI_enable_exit_profile_output
2000020c  _lock                          
20000210  _unlock                        
20000214  count                          
20000218  press                          
2000021c  main_func_sp                   
ffffffff  __TI_pprof_out_hndl            
ffffffff  __TI_prof_data_size            
ffffffff  __TI_prof_data_start           
ffffffff  __binit__                      
ffffffff  __c_args__                     
ffffffff  binit                          
UNDEFED   SHT$$INIT_ARRAY$$Base          
UNDEFED   SHT$$INIT_ARRAY$$Limit         

[72 symbols]
