******************************************************************************
                  TI ARM Linker PC v15.12.1                    
******************************************************************************
>> Linked Sat Aug 13 12:40:33 2016

OUTPUT FILE NAME:   <lab1_q3.out>
ENTRY POINT SYMBOL: "_c_int00"  address: 0000070d


MEMORY CONFIGURATION

         name            origin    length      used     unused   attr    fill
----------------------  --------  ---------  --------  --------  ----  --------
  FLASH                 00000000   00040000  0000090e  0003f6f2  R  X
  SRAM                  20000000   00008000  0000021c  00007de4  RW X


SEGMENT ALLOCATION MAP

run origin  load origin   length   init length attrs members
----------  ----------- ---------- ----------- ----- -------
00000000    00000000    00000910   00000910    r-x
  00000000    00000000    0000026c   0000026c    r-- .intvecs
  0000026c    0000026c    0000067a   0000067a    r-x .text
  000008e8    000008e8    00000028   00000028    r-- .cinit
20000000    20000000    0000021c   00000000    rw-
  20000000    20000000    00000200   00000000    rw- .stack
  20000200    20000200    0000001c   00000000    rw- .data


SECTION ALLOCATION MAP

 output                                  attributes/
section   page    origin      length       input sections
--------  ----  ----------  ----------   ----------------
.intvecs   0    00000000    0000026c     
                  00000000    0000026c     tm4c123gh6pm_startup_ccs.obj (.intvecs)

.text      0    0000026c    0000067a     
                  0000026c    00000132     driverlib.lib : gpio.obj (.text:GPIOPadConfigSet)
                  0000039e    00000002     rtsv7M4_T_le_v4SPD16_eabi.lib : mpu_init.obj (.text)
                  000003a0    000000f4     driverlib.lib : sysctl.obj (.text:SysCtlClockSet)
                  00000494    0000009c     rtsv7M4_T_le_v4SPD16_eabi.lib : memcpy_t2.obj (.text)
                  00000530    00000084     main.obj (.text)
                  000005b4    0000007a     rtsv7M4_T_le_v4SPD16_eabi.lib : memset_t2.obj (.text)
                  0000062e    00000002                                   : startup.obj (.text)
                  00000630    00000070                                   : autoinit.obj (.text)
                  000006a0    0000006a                                   : copy_decompress_rle.obj (.text)
                  0000070a    00000002     --HOLE-- [fill = 0]
                  0000070c    00000054                                   : boot.obj (.text)
                  00000760    00000054                                   : exit.obj (.text)
                  000007b4    0000004c                                   : cpy_tbl.obj (.text)
                  00000800    00000034     driverlib.lib : sysctl.obj (.text:SysCtlPeripheralEnable)
                  00000834    0000002a                   : gpio.obj (.text:GPIODirModeSet)
                  0000085e    00000018                   : gpio.obj (.text:GPIOPinTypeGPIOOutput)
                  00000876    00000002     --HOLE-- [fill = 0]
                  00000878    00000018     rtsv7M4_T_le_v4SPD16_eabi.lib : args_main.obj (.text)
                  00000890    00000014                                   : _lock.obj (.text)
                  000008a4    00000012     driverlib.lib : gpio.obj (.text:GPIOPinTypeGPIOInput)
                  000008b6    0000000e     rtsv7M4_T_le_v4SPD16_eabi.lib : copy_decompress_none.obj (.text:decompress:none)
                  000008c4    0000000c     tm4c123gh6pm_startup_ccs.obj (.text)
                  000008d0    00000006     driverlib.lib : gpio.obj (.text:GPIOPinRead)
                  000008d6    00000006                   : sysctl.obj (.text:SysCtlDelay)
                  000008dc    00000006     rtsv7M4_T_le_v4SPD16_eabi.lib : copy_decompress_rle.obj (.text:decompress:rle24)
                  000008e2    00000004                                   : pre_init.obj (.text)

.cinit     0    000008e8    00000028     
                  000008e8    00000016     (.cinit..data.load) [load image, compression = rle]
                  000008fe    00000002     --HOLE-- [fill = 0]
                  00000900    00000008     (__TI_handler_table)
                  00000908    00000008     (__TI_cinit_table)

.init_array 
*          0    00000000    00000000     UNINITIALIZED

.stack     0    20000000    00000200     UNINITIALIZED
                  20000000    00000200     --HOLE--

.data      0    20000200    0000001c     UNINITIALIZED
                  20000200    0000000c     rtsv7M4_T_le_v4SPD16_eabi.lib : exit.obj (.data:$O1$$)
                  2000020c    00000008                                   : _lock.obj (.data:$O1$$)
                  20000214    00000004     main.obj (.data)
                  20000218    00000004     rtsv7M4_T_le_v4SPD16_eabi.lib : stkdepth_vars.obj (.data)

MODULE SUMMARY

       Module                         code   ro data   rw data
       ------                         ----   -------   -------
    .\
       tm4c123gh6pm_startup_ccs.obj   12     620       0      
       main.obj                       132    0         4      
    +--+------------------------------+------+---------+---------+
       Total:                         144    620       4      
                                                              
    C:/ti/TivaWare_C_Series-2.1.3.156/driverlib/ccs/Debug/driverlib.lib
       gpio.obj                       396    0         0      
       sysctl.obj                     302    0         0      
    +--+------------------------------+------+---------+---------+
       Total:                         698    0         0      
                                                              
    C:\ti\ccsv6\tools\compiler\ti-cgt-arm_15.12.1.LTS\lib\rtsv7M4_T_le_v4SPD16_eabi.lib
       memcpy_t2.obj                  156    0         0      
       memset_t2.obj                  122    0         0      
       autoinit.obj                   112    0         0      
       copy_decompress_rle.obj        112    0         0      
       exit.obj                       84     0         12     
       boot.obj                       84     0         0      
       cpy_tbl.obj                    76     0         0      
       _lock.obj                      20     0         8      
       args_main.obj                  24     0         0      
       copy_decompress_none.obj       14     0         0      
       pre_init.obj                   4      0         0      
       stkdepth_vars.obj              0      0         4      
       mpu_init.obj                   2      0         0      
       startup.obj                    2      0         0      
    +--+------------------------------+------+---------+---------+
       Total:                         812    0         24     
                                                              
       Stack:                         0      0         512    
       Linker Generated:              0      38        0      
    +--+------------------------------+------+---------+---------+
       Grand Total:                   1654   658       540    


LINKER GENERATED COPY TABLES

__TI_cinit_table @ 00000908 records: 1, size/record: 8, table size: 8
	.data: load addr=000008e8, load size=00000016 bytes, run addr=20000200, run size=0000001c bytes, compression=rle


LINKER GENERATED HANDLER TABLE

__TI_handler_table @ 00000900 records: 2, size/record: 4, table size: 8
	index: 0, handler: __TI_decompress_rle24
	index: 1, handler: __TI_decompress_none


GLOBAL SYMBOLS: SORTED ALPHABETICALLY BY Name 

address   name                           
-------   ----                           
00000761  C$$EXIT                        
00000835  GPIODirModeSet                 
0000026d  GPIOPadConfigSet               
000008d1  GPIOPinRead                    
000008a5  GPIOPinTypeGPIOInput           
0000085f  GPIOPinTypeGPIOOutput          
000008c5  ResetISR                       
UNDEFED   SHT$$INIT_ARRAY$$Base          
UNDEFED   SHT$$INIT_ARRAY$$Limit         
000003a1  SysCtlClockSet                 
000008d7  SysCtlDelay                    
00000801  SysCtlPeripheralEnable         
20000200  __STACK_END                    
00000200  __STACK_SIZE                   
20000200  __STACK_TOP                    
00000908  __TI_CINIT_Base                
00000910  __TI_CINIT_Limit               
00000900  __TI_Handler_Table_Base        
00000908  __TI_Handler_Table_Limit       
00000631  __TI_auto_init                 
20000200  __TI_cleanup_ptr               
000008b7  __TI_decompress_none           
000008dd  __TI_decompress_rle24          
20000204  __TI_dtors_ptr                 
20000208  __TI_enable_exit_profile_output
ffffffff  __TI_pprof_out_hndl            
ffffffff  __TI_prof_data_size            
ffffffff  __TI_prof_data_start           
00000000  __TI_static_base__             
000005b5  __aeabi_memclr                 
000005b5  __aeabi_memclr4                
000005b5  __aeabi_memclr8                
00000495  __aeabi_memcpy                 
00000495  __aeabi_memcpy4                
00000495  __aeabi_memcpy8                
000005b7  __aeabi_memset                 
000005b7  __aeabi_memset4                
000005b7  __aeabi_memset8                
ffffffff  __binit__                      
ffffffff  __c_args__                     
0000039f  __mpu_init                     
20000000  __stack                        
00000879  _args_main                     
0000070d  _c_int00                       
2000020c  _lock                          
0000089f  _nop                           
00000897  _register_lock                 
00000891  _register_unlock               
0000062f  _system_post_cinit             
000008e3  _system_pre_init               
20000210  _unlock                        
00000765  abort                          
ffffffff  binit                          
000007b5  copy_in                        
0000076d  exit                           
00000000  g_pfnVectors                   
00000531  main                           
20000218  main_func_sp                   
00000495  memcpy                         
000005bd  memset                         
20000214  sw1Status                      


GLOBAL SYMBOLS: SORTED BY Symbol Address 

address   name                           
-------   ----                           
00000000  __TI_static_base__             
00000000  g_pfnVectors                   
00000200  __STACK_SIZE                   
0000026d  GPIOPadConfigSet               
0000039f  __mpu_init                     
000003a1  SysCtlClockSet                 
00000495  __aeabi_memcpy                 
00000495  __aeabi_memcpy4                
00000495  __aeabi_memcpy8                
00000495  memcpy                         
00000531  main                           
000005b5  __aeabi_memclr                 
000005b5  __aeabi_memclr4                
000005b5  __aeabi_memclr8                
000005b7  __aeabi_memset                 
000005b7  __aeabi_memset4                
000005b7  __aeabi_memset8                
000005bd  memset                         
0000062f  _system_post_cinit             
00000631  __TI_auto_init                 
0000070d  _c_int00                       
00000761  C$$EXIT                        
00000765  abort                          
0000076d  exit                           
000007b5  copy_in                        
00000801  SysCtlPeripheralEnable         
00000835  GPIODirModeSet                 
0000085f  GPIOPinTypeGPIOOutput          
00000879  _args_main                     
00000891  _register_unlock               
00000897  _register_lock                 
0000089f  _nop                           
000008a5  GPIOPinTypeGPIOInput           
000008b7  __TI_decompress_none           
000008c5  ResetISR                       
000008d1  GPIOPinRead                    
000008d7  SysCtlDelay                    
000008dd  __TI_decompress_rle24          
000008e3  _system_pre_init               
00000900  __TI_Handler_Table_Base        
00000908  __TI_CINIT_Base                
00000908  __TI_Handler_Table_Limit       
00000910  __TI_CINIT_Limit               
20000000  __stack                        
20000200  __STACK_END                    
20000200  __STACK_TOP                    
20000200  __TI_cleanup_ptr               
20000204  __TI_dtors_ptr                 
20000208  __TI_enable_exit_profile_output
2000020c  _lock                          
20000210  _unlock                        
20000214  sw1Status                      
20000218  main_func_sp                   
ffffffff  __TI_pprof_out_hndl            
ffffffff  __TI_prof_data_size            
ffffffff  __TI_prof_data_start           
ffffffff  __binit__                      
ffffffff  __c_args__                     
ffffffff  binit                          
UNDEFED   SHT$$INIT_ARRAY$$Base          
UNDEFED   SHT$$INIT_ARRAY$$Limit         

[61 symbols]
