******************************************************************************
                  TI ARM Linker PC v15.12.1                    
******************************************************************************
>> Linked Tue Sep 20 16:53:29 2016

OUTPUT FILE NAME:   <lab5q1.out>
ENTRY POINT SYMBOL: "_c_int00"  address: 000009b5


MEMORY CONFIGURATION

         name            origin    length      used     unused   attr    fill
----------------------  --------  ---------  --------  --------  ----  --------
  FLASH                 00000000   00040000  00000d9c  0003f264  R  X
  SRAM                  20000000   00008000  00000618  000079e8  RW X


SEGMENT ALLOCATION MAP

run origin  load origin   length   init length attrs members
----------  ----------- ---------- ----------- ----- -------
00000000    00000000    00000da0   00000da0    r-x
  00000000    00000000    0000026c   0000026c    r-- .intvecs
  0000026c    0000026c    00000910   00000910    r-x .text
  00000b80    00000b80    00000220   00000220    r-- .cinit
20000000    20000000    00000618   00000000    rw-
  20000000    20000000    00000418   00000000    rw- .data
  20000418    20000418    00000200   00000000    rw- .stack


SECTION ALLOCATION MAP

 output                                  attributes/
section   page    origin      length       input sections
--------  ----  ----------  ----------   ----------------
.intvecs   0    00000000    0000026c     
                  00000000    0000026c     tm4c123gh6pm_startup_ccs.obj (.intvecs)

.text      0    0000026c    00000910     
                  0000026c    0000032c     main.obj (.text)
                  00000598    00000132     driverlib.lib : gpio.obj (.text:GPIOPadConfigSet)
                  000006ca    00000002     rtsv7M4_T_le_v4SPD16_eabi.lib : mpu_init.obj (.text)
                  000006cc    000000f4     driverlib.lib : sysctl.obj (.text:SysCtlClockSet)
                  000007c0    0000009c     rtsv7M4_T_le_v4SPD16_eabi.lib : memcpy_t2.obj (.text)
                  0000085c    0000007a                                   : memset_t2.obj (.text)
                  000008d6    00000002                                   : startup.obj (.text)
                  000008d8    00000070                                   : autoinit.obj (.text)
                  00000948    0000006a                                   : copy_decompress_rle.obj (.text)
                  000009b2    00000002     --HOLE-- [fill = 0]
                  000009b4    00000054                                   : boot.obj (.text)
                  00000a08    00000054                                   : exit.obj (.text)
                  00000a5c    0000004c                                   : cpy_tbl.obj (.text)
                  00000aa8    00000034     driverlib.lib : sysctl.obj (.text:SysCtlPeripheralEnable)
                  00000adc    0000002a                   : gpio.obj (.text:GPIODirModeSet)
                  00000b06    00000018                   : gpio.obj (.text:GPIOPinTypeGPIOOutput)
                  00000b1e    00000002     --HOLE-- [fill = 0]
                  00000b20    00000018     rtsv7M4_T_le_v4SPD16_eabi.lib : args_main.obj (.text)
                  00000b38    00000014                                   : _lock.obj (.text)
                  00000b4c    0000000e                                   : copy_decompress_none.obj (.text:decompress:none)
                  00000b5a    0000000c     tm4c123gh6pm_startup_ccs.obj (.text)
                  00000b66    00000006     driverlib.lib : gpio.obj (.text:GPIOPinWrite)
                  00000b6c    00000006                   : sysctl.obj (.text:SysCtlDelay)
                  00000b72    00000006     rtsv7M4_T_le_v4SPD16_eabi.lib : copy_decompress_rle.obj (.text:decompress:rle24)
                  00000b78    00000004                                   : pre_init.obj (.text)

.cinit     0    00000b80    00000220     
                  00000b80    0000020e     (.cinit..data.load) [load image, compression = rle]
                  00000d8e    00000002     --HOLE-- [fill = 0]
                  00000d90    00000008     (__TI_handler_table)
                  00000d98    00000008     (__TI_cinit_table)

.init_array 
*          0    00000000    00000000     UNINITIALIZED

.data      0    20000000    00000418     UNINITIALIZED
                  20000000    00000400     main.obj (.data:a)
                  20000400    0000000c     rtsv7M4_T_le_v4SPD16_eabi.lib : exit.obj (.data:$O1$$)
                  2000040c    00000008                                   : _lock.obj (.data:$O1$$)
                  20000414    00000004                                   : stkdepth_vars.obj (.data)

.stack     0    20000418    00000200     UNINITIALIZED
                  20000418    00000200     --HOLE--

MODULE SUMMARY

       Module                         code   ro data   rw data
       ------                         ----   -------   -------
    .\
       main.obj                       812    0         1024   
       tm4c123gh6pm_startup_ccs.obj   12     620       0      
    +--+------------------------------+------+---------+---------+
       Total:                         824    620       1024   
                                                              
    C:/ti/TivaWare_C_Series-2.1.3.156/driverlib/ccs/Debug/driverlib.lib
       gpio.obj                       378    0         0      
       sysctl.obj                     302    0         0      
    +--+------------------------------+------+---------+---------+
       Total:                         680    0         0      
                                                              
    C:\ti\ccsv6\tools\compiler\ti-cgt-arm_15.12.1.LTS\lib\rtsv7M4_T_le_v4SPD16_eabi.lib
       memcpy_t2.obj                  156    0         0      
       memset_t2.obj                  122    0         0      
       autoinit.obj                   112    0         0      
       copy_decompress_rle.obj        112    0         0      
       exit.obj                       84     0         12     
       boot.obj                       84     0         0      
       cpy_tbl.obj                    76     0         0      
       _lock.obj                      20     0         8      
       args_main.obj                  24     0         0      
       copy_decompress_none.obj       14     0         0      
       pre_init.obj                   4      0         0      
       stkdepth_vars.obj              0      0         4      
       mpu_init.obj                   2      0         0      
       startup.obj                    2      0         0      
    +--+------------------------------+------+---------+---------+
       Total:                         812    0         24     
                                                              
       Stack:                         0      0         512    
       Linker Generated:              0      542       0      
    +--+------------------------------+------+---------+---------+
       Grand Total:                   2316   1162      1560   


LINKER GENERATED COPY TABLES

__TI_cinit_table @ 00000d98 records: 1, size/record: 8, table size: 8
	.data: load addr=00000b80, load size=0000020e bytes, run addr=20000000, run size=00000418 bytes, compression=rle


LINKER GENERATED HANDLER TABLE

__TI_handler_table @ 00000d90 records: 2, size/record: 4, table size: 8
	index: 0, handler: __TI_decompress_rle24
	index: 1, handler: __TI_decompress_none


GLOBAL SYMBOLS: SORTED ALPHABETICALLY BY Name 

address   name                           
-------   ----                           
00000a09  C$$EXIT                        
00000add  GPIODirModeSet                 
00000599  GPIOPadConfigSet               
00000b07  GPIOPinTypeGPIOOutput          
00000b67  GPIOPinWrite                   
00000b5b  ResetISR                       
UNDEFED   SHT$$INIT_ARRAY$$Base          
UNDEFED   SHT$$INIT_ARRAY$$Limit         
000006cd  SysCtlClockSet                 
00000b6d  SysCtlDelay                    
00000aa9  SysCtlPeripheralEnable         
20000618  __STACK_END                    
00000200  __STACK_SIZE                   
20000618  __STACK_TOP                    
00000d98  __TI_CINIT_Base                
00000da0  __TI_CINIT_Limit               
00000d90  __TI_Handler_Table_Base        
00000d98  __TI_Handler_Table_Limit       
000008d9  __TI_auto_init                 
20000400  __TI_cleanup_ptr               
00000b4d  __TI_decompress_none           
00000b73  __TI_decompress_rle24          
20000404  __TI_dtors_ptr                 
20000408  __TI_enable_exit_profile_output
ffffffff  __TI_pprof_out_hndl            
ffffffff  __TI_prof_data_size            
ffffffff  __TI_prof_data_start           
00000000  __TI_static_base__             
0000085d  __aeabi_memclr                 
0000085d  __aeabi_memclr4                
0000085d  __aeabi_memclr8                
000007c1  __aeabi_memcpy                 
000007c1  __aeabi_memcpy4                
000007c1  __aeabi_memcpy8                
0000085f  __aeabi_memset                 
0000085f  __aeabi_memset4                
0000085f  __aeabi_memset8                
ffffffff  __binit__                      
ffffffff  __c_args__                     
000006cb  __mpu_init                     
20000418  __stack                        
00000b21  _args_main                     
000009b5  _c_int00                       
2000040c  _lock                          
00000b47  _nop                           
00000b3f  _register_lock                 
00000b39  _register_unlock               
000008d7  _system_post_cinit             
00000b79  _system_pre_init               
20000410  _unlock                        
20000000  a                              
00000a0d  abort                          
ffffffff  binit                          
00000a5d  copy_in                        
00000a15  exit                           
00000000  g_pfnVectors                   
00000487  glcd_cleardisplay              
000002d5  glcd_cmd                       
00000397  glcd_data                      
0000032f  glcd_init                      
00000435  glcd_setcolumn                 
000003f1  glcd_setpage                   
000004e1  main                           
20000414  main_func_sp                   
000007c1  memcpy                         
00000865  memset                         
0000026d  setup                          


GLOBAL SYMBOLS: SORTED BY Symbol Address 

address   name                           
-------   ----                           
00000000  __TI_static_base__             
00000000  g_pfnVectors                   
00000200  __STACK_SIZE                   
0000026d  setup                          
000002d5  glcd_cmd                       
0000032f  glcd_init                      
00000397  glcd_data                      
000003f1  glcd_setpage                   
00000435  glcd_setcolumn                 
00000487  glcd_cleardisplay              
000004e1  main                           
00000599  GPIOPadConfigSet               
000006cb  __mpu_init                     
000006cd  SysCtlClockSet                 
000007c1  __aeabi_memcpy                 
000007c1  __aeabi_memcpy4                
000007c1  __aeabi_memcpy8                
000007c1  memcpy                         
0000085d  __aeabi_memclr                 
0000085d  __aeabi_memclr4                
0000085d  __aeabi_memclr8                
0000085f  __aeabi_memset                 
0000085f  __aeabi_memset4                
0000085f  __aeabi_memset8                
00000865  memset                         
000008d7  _system_post_cinit             
000008d9  __TI_auto_init                 
000009b5  _c_int00                       
00000a09  C$$EXIT                        
00000a0d  abort                          
00000a15  exit                           
00000a5d  copy_in                        
00000aa9  SysCtlPeripheralEnable         
00000add  GPIODirModeSet                 
00000b07  GPIOPinTypeGPIOOutput          
00000b21  _args_main                     
00000b39  _register_unlock               
00000b3f  _register_lock                 
00000b47  _nop                           
00000b4d  __TI_decompress_none           
00000b5b  ResetISR                       
00000b67  GPIOPinWrite                   
00000b6d  SysCtlDelay                    
00000b73  __TI_decompress_rle24          
00000b79  _system_pre_init               
00000d90  __TI_Handler_Table_Base        
00000d98  __TI_CINIT_Base                
00000d98  __TI_Handler_Table_Limit       
00000da0  __TI_CINIT_Limit               
20000000  a                              
20000400  __TI_cleanup_ptr               
20000404  __TI_dtors_ptr                 
20000408  __TI_enable_exit_profile_output
2000040c  _lock                          
20000410  _unlock                        
20000414  main_func_sp                   
20000418  __stack                        
20000618  __STACK_END                    
20000618  __STACK_TOP                    
ffffffff  __TI_pprof_out_hndl            
ffffffff  __TI_prof_data_size            
ffffffff  __TI_prof_data_start           
ffffffff  __binit__                      
ffffffff  __c_args__                     
ffffffff  binit                          
UNDEFED   SHT$$INIT_ARRAY$$Base          
UNDEFED   SHT$$INIT_ARRAY$$Limit         

[67 symbols]
