******************************************************************************
                  TI ARM Linker PC v15.12.1                    
******************************************************************************
>> Linked Sun Sep 04 19:41:08 2016

OUTPUT FILE NAME:   <lab4_q1.out>
ENTRY POINT SYMBOL: "_c_int00"  address: 000008f9


MEMORY CONFIGURATION

         name            origin    length      used     unused   attr    fill
----------------------  --------  ---------  --------  --------  ----  --------
  FLASH                 00000000   00040000  00000b6a  0003f496  R  X
  SRAM                  20000000   00008000  00000218  00007de8  RW X


SEGMENT ALLOCATION MAP

run origin  load origin   length   init length attrs members
----------  ----------- ---------- ----------- ----- -------
00000000    00000000    00000b70   00000b70    r-x
  00000000    00000000    0000026c   0000026c    r-- .intvecs
  0000026c    0000026c    000008d6   000008d6    r-x .text
  00000b48    00000b48    00000028   00000028    r-- .cinit
20000000    20000000    00000218   00000000    rw-
  20000000    20000000    00000200   00000000    rw- .stack
  20000200    20000200    00000018   00000000    rw- .data


SECTION ALLOCATION MAP

 output                                  attributes/
section   page    origin      length       input sections
--------  ----  ----------  ----------   ----------------
.intvecs   0    00000000    0000026c     
                  00000000    0000026c     tm4c123gh6pm_startup_ccs.obj (.intvecs)

.text      0    0000026c    000008d6     
                  0000026c    000001a0     main.obj (.text)
                  0000040c    00000132     driverlib.lib : gpio.obj (.text:GPIOPadConfigSet)
                  0000053e    00000002     rtsv7M4_T_le_v4SPD16_eabi.lib : mpu_init.obj (.text)
                  00000540    000000f4     driverlib.lib : sysctl.obj (.text:SysCtlClockSet)
                  00000634    0000009c     rtsv7M4_T_le_v4SPD16_eabi.lib : memcpy_t2.obj (.text)
                  000006d0    0000007a     driverlib.lib : adc.obj (.text:ADCSequenceStepConfigure)
                  0000074a    0000007a     rtsv7M4_T_le_v4SPD16_eabi.lib : memset_t2.obj (.text)
                  000007c4    00000070                                   : autoinit.obj (.text)
                  00000834    0000006a                                   : copy_decompress_rle.obj (.text)
                  0000089e    00000002                                   : startup.obj (.text)
                  000008a0    00000058     driverlib.lib : adc.obj (.text:ADCSequenceConfigure)
                  000008f8    00000054     rtsv7M4_T_le_v4SPD16_eabi.lib : boot.obj (.text)
                  0000094c    00000054                                   : exit.obj (.text)
                  000009a0    0000004c                                   : cpy_tbl.obj (.text)
                  000009ec    00000034     driverlib.lib : sysctl.obj (.text:SysCtlPeripheralEnable)
                  00000a20    0000002e                   : adc.obj (.text:ADCIntStatus)
                  00000a4e    0000002a                   : gpio.obj (.text:GPIODirModeSet)
                  00000a78    0000001e                   : adc.obj (.text:ADCSequenceDataGet)
                  00000a96    00000018                   : adc.obj (.text:ADCProcessorTrigger)
                  00000aae    00000002     --HOLE-- [fill = 0]
                  00000ab0    00000018     rtsv7M4_T_le_v4SPD16_eabi.lib : args_main.obj (.text)
                  00000ac8    00000014                                   : _lock.obj (.text)
                  00000adc    00000012     driverlib.lib : gpio.obj (.text:GPIOPinTypeADC)
                  00000aee    00000012                   : gpio.obj (.text:GPIOPinTypeGPIOInput)
                  00000b00    0000000e                   : adc.obj (.text:ADCSequenceEnable)
                  00000b0e    0000000e     rtsv7M4_T_le_v4SPD16_eabi.lib : copy_decompress_none.obj (.text:decompress:none)
                  00000b1c    0000000c     tm4c123gh6pm_startup_ccs.obj (.text)
                  00000b28    0000000a     driverlib.lib : adc.obj (.text:ADCIntClear)
                  00000b32    00000006                   : sysctl.obj (.text:SysCtlDelay)
                  00000b38    00000006     rtsv7M4_T_le_v4SPD16_eabi.lib : copy_decompress_rle.obj (.text:decompress:rle24)
                  00000b3e    00000004                                   : pre_init.obj (.text)

.cinit     0    00000b48    00000028     
                  00000b48    00000016     (.cinit..data.load) [load image, compression = rle]
                  00000b5e    00000002     --HOLE-- [fill = 0]
                  00000b60    00000008     (__TI_handler_table)
                  00000b68    00000008     (__TI_cinit_table)

.init_array 
*          0    00000000    00000000     UNINITIALIZED

.stack     0    20000000    00000200     UNINITIALIZED
                  20000000    00000200     --HOLE--

.data      0    20000200    00000018     UNINITIALIZED
                  20000200    0000000c     rtsv7M4_T_le_v4SPD16_eabi.lib : exit.obj (.data:$O1$$)
                  2000020c    00000008                                   : _lock.obj (.data:$O1$$)
                  20000214    00000004                                   : stkdepth_vars.obj (.data)

MODULE SUMMARY

       Module                         code   ro data   rw data
       ------                         ----   -------   -------
    .\
       tm4c123gh6pm_startup_ccs.obj   12     620       0      
       main.obj                       416    0         0      
    +--+------------------------------+------+---------+---------+
       Total:                         428    620       0      
                                                              
    C:/ti/TivaWare_C_Series-2.1.3.156/driverlib/ccs/Debug/driverlib.lib
       gpio.obj                       384    0         0      
       adc.obj                        334    0         0      
       sysctl.obj                     302    0         0      
    +--+------------------------------+------+---------+---------+
       Total:                         1020   0         0      
                                                              
    C:\ti\ccsv6\tools\compiler\ti-cgt-arm_15.12.1.LTS\lib\rtsv7M4_T_le_v4SPD16_eabi.lib
       memcpy_t2.obj                  156    0         0      
       memset_t2.obj                  122    0         0      
       autoinit.obj                   112    0         0      
       copy_decompress_rle.obj        112    0         0      
       exit.obj                       84     0         12     
       boot.obj                       84     0         0      
       cpy_tbl.obj                    76     0         0      
       _lock.obj                      20     0         8      
       args_main.obj                  24     0         0      
       copy_decompress_none.obj       14     0         0      
       pre_init.obj                   4      0         0      
       stkdepth_vars.obj              0      0         4      
       mpu_init.obj                   2      0         0      
       startup.obj                    2      0         0      
    +--+------------------------------+------+---------+---------+
       Total:                         812    0         24     
                                                              
       Stack:                         0      0         512    
       Linker Generated:              0      38        0      
    +--+------------------------------+------+---------+---------+
       Grand Total:                   2260   658       536    


LINKER GENERATED COPY TABLES

__TI_cinit_table @ 00000b68 records: 1, size/record: 8, table size: 8
	.data: load addr=00000b48, load size=00000016 bytes, run addr=20000200, run size=00000018 bytes, compression=rle


LINKER GENERATED HANDLER TABLE

__TI_handler_table @ 00000b60 records: 2, size/record: 4, table size: 8
	index: 0, handler: __TI_decompress_rle24
	index: 1, handler: __TI_decompress_none


GLOBAL SYMBOLS: SORTED ALPHABETICALLY BY Name 

address   name                           
-------   ----                           
00000b29  ADCIntClear                    
00000a21  ADCIntStatus                   
00000a97  ADCProcessorTrigger            
000008a1  ADCSequenceConfigure           
00000a79  ADCSequenceDataGet             
00000b01  ADCSequenceEnable              
000006d1  ADCSequenceStepConfigure       
0000094d  C$$EXIT                        
00000a4f  GPIODirModeSet                 
0000040d  GPIOPadConfigSet               
00000add  GPIOPinTypeADC                 
00000aef  GPIOPinTypeGPIOInput           
00000b1d  ResetISR                       
UNDEFED   SHT$$INIT_ARRAY$$Base          
UNDEFED   SHT$$INIT_ARRAY$$Limit         
00000541  SysCtlClockSet                 
00000b33  SysCtlDelay                    
000009ed  SysCtlPeripheralEnable         
20000200  __STACK_END                    
00000200  __STACK_SIZE                   
20000200  __STACK_TOP                    
00000b68  __TI_CINIT_Base                
00000b70  __TI_CINIT_Limit               
00000b60  __TI_Handler_Table_Base        
00000b68  __TI_Handler_Table_Limit       
000007c5  __TI_auto_init                 
20000200  __TI_cleanup_ptr               
00000b0f  __TI_decompress_none           
00000b39  __TI_decompress_rle24          
20000204  __TI_dtors_ptr                 
20000208  __TI_enable_exit_profile_output
ffffffff  __TI_pprof_out_hndl            
ffffffff  __TI_prof_data_size            
ffffffff  __TI_prof_data_start           
00000000  __TI_static_base__             
0000074b  __aeabi_memclr                 
0000074b  __aeabi_memclr4                
0000074b  __aeabi_memclr8                
00000635  __aeabi_memcpy                 
00000635  __aeabi_memcpy4                
00000635  __aeabi_memcpy8                
0000074d  __aeabi_memset                 
0000074d  __aeabi_memset4                
0000074d  __aeabi_memset8                
ffffffff  __binit__                      
ffffffff  __c_args__                     
0000053f  __mpu_init                     
20000000  __stack                        
00000ab1  _args_main                     
000008f9  _c_int00                       
2000020c  _lock                          
00000ad7  _nop                           
00000acf  _register_lock                 
00000ac9  _register_unlock               
0000089f  _system_post_cinit             
00000b3f  _system_pre_init               
20000210  _unlock                        
00000951  abort                          
ffffffff  binit                          
000009a1  copy_in                        
00000959  exit                           
00000000  g_pfnVectors                   
0000026d  main                           
20000214  main_func_sp                   
00000635  memcpy                         
00000753  memset                         


GLOBAL SYMBOLS: SORTED BY Symbol Address 

address   name                           
-------   ----                           
00000000  __TI_static_base__             
00000000  g_pfnVectors                   
00000200  __STACK_SIZE                   
0000026d  main                           
0000040d  GPIOPadConfigSet               
0000053f  __mpu_init                     
00000541  SysCtlClockSet                 
00000635  __aeabi_memcpy                 
00000635  __aeabi_memcpy4                
00000635  __aeabi_memcpy8                
00000635  memcpy                         
000006d1  ADCSequenceStepConfigure       
0000074b  __aeabi_memclr                 
0000074b  __aeabi_memclr4                
0000074b  __aeabi_memclr8                
0000074d  __aeabi_memset                 
0000074d  __aeabi_memset4                
0000074d  __aeabi_memset8                
00000753  memset                         
000007c5  __TI_auto_init                 
0000089f  _system_post_cinit             
000008a1  ADCSequenceConfigure           
000008f9  _c_int00                       
0000094d  C$$EXIT                        
00000951  abort                          
00000959  exit                           
000009a1  copy_in                        
000009ed  SysCtlPeripheralEnable         
00000a21  ADCIntStatus                   
00000a4f  GPIODirModeSet                 
00000a79  ADCSequenceDataGet             
00000a97  ADCProcessorTrigger            
00000ab1  _args_main                     
00000ac9  _register_unlock               
00000acf  _register_lock                 
00000ad7  _nop                           
00000add  GPIOPinTypeADC                 
00000aef  GPIOPinTypeGPIOInput           
00000b01  ADCSequenceEnable              
00000b0f  __TI_decompress_none           
00000b1d  ResetISR                       
00000b29  ADCIntClear                    
00000b33  SysCtlDelay                    
00000b39  __TI_decompress_rle24          
00000b3f  _system_pre_init               
00000b60  __TI_Handler_Table_Base        
00000b68  __TI_CINIT_Base                
00000b68  __TI_Handler_Table_Limit       
00000b70  __TI_CINIT_Limit               
20000000  __stack                        
20000200  __STACK_END                    
20000200  __STACK_TOP                    
20000200  __TI_cleanup_ptr               
20000204  __TI_dtors_ptr                 
20000208  __TI_enable_exit_profile_output
2000020c  _lock                          
20000210  _unlock                        
20000214  main_func_sp                   
ffffffff  __TI_pprof_out_hndl            
ffffffff  __TI_prof_data_size            
ffffffff  __TI_prof_data_start           
ffffffff  __binit__                      
ffffffff  __c_args__                     
ffffffff  binit                          
UNDEFED   SHT$$INIT_ARRAY$$Base          
UNDEFED   SHT$$INIT_ARRAY$$Limit         

[66 symbols]
